Archive member included because of file (symbol)

..\..\..\..\..\bin\framework\peripheral\PIC32MX795F512L_peripherals.a(peripheral.o)
                              build/default/production/_ext/482662494/sys_devcon_pic32mx.o (PLIB_BMX_ExistsDataRamWaitState)
c:/program files (x86)/microchip/xc32/v1.31/bin/../lib/gcc/pic32mx/4.5.2\libgcc.a(floatunsisf.o)
                              ..\..\..\..\..\bin\framework\peripheral\PIC32MX795F512L_peripherals.a(peripheral.o) (__floatunsisf)
c:/program files (x86)/microchip/xc32/v1.31/bin/../lib/gcc/pic32mx/4.5.2/../../../../pic32mx/lib\libpic32.a(memcmp.o)
                              build/default/production/_ext/373060831/tasks.o (memcmp)
c:/program files (x86)/microchip/xc32/v1.31/bin/../lib/gcc/pic32mx/4.5.2/../../../../pic32mx/lib\libpic32.a(memcpy.o)
                              build/default/production/_ext/1062952361/xcp_usb.o (memcpy)
c:/program files (x86)/microchip/xc32/v1.31/bin/../lib/gcc/pic32mx/4.5.2/../../../../pic32mx/lib\libpic32.a(memset.o)
                              build/default/production/_ext/373060831/tasks.o (memset)
c:/program files (x86)/microchip/xc32/v1.31/bin/../lib/gcc/pic32mx/4.5.2/../../../../pic32mx/lib\libpic32.a(default-bootstrap-exception-handler.o)
                              c:/program files (x86)/microchip/xc32/v1.31/bin/../lib/gcc/pic32mx/4.5.2/../../../../pic32mx/lib/./proc/32MX795F512L/crt0_mips32r2.o (_bootstrap_exception_handler)
c:/program files (x86)/microchip/xc32/v1.31/bin/../lib/gcc/pic32mx/4.5.2/../../../../pic32mx/lib\libpic32.a(default-on-reset.o)
                              c:/program files (x86)/microchip/xc32/v1.31/bin/../lib/gcc/pic32mx/4.5.2/../../../../pic32mx/lib/./proc/32MX795F512L/crt0_mips32r2.o (_on_reset)
c:/program files (x86)/microchip/xc32/v1.31/bin/../lib/gcc/pic32mx/4.5.2/../../../../pic32mx/lib\libpic32.a(default-on-bootstrap.o)
                              c:/program files (x86)/microchip/xc32/v1.31/bin/../lib/gcc/pic32mx/4.5.2/../../../../pic32mx/lib/./proc/32MX795F512L/crt0_mips32r2.o (_on_bootstrap)
c:/program files (x86)/microchip/xc32/v1.31/bin/../lib/gcc/pic32mx/4.5.2/../../../../pic32mx/lib\libpic32.a(default-nmi-handler.o)
                              c:/program files (x86)/microchip/xc32/v1.31/bin/../lib/gcc/pic32mx/4.5.2/../../../../pic32mx/lib/./proc/32MX795F512L/crt0_mips32r2.o (_nmi_handler)
c:/program files (x86)/microchip/xc32/v1.31/bin/../lib/gcc/pic32mx/4.5.2/../../../../pic32mx/lib\libpic32.a(pic32_software_reset.o)
                              c:/program files (x86)/microchip/xc32/v1.31/bin/../lib/gcc/pic32mx/4.5.2/../../../../pic32mx/lib\libpic32.a(default-bootstrap-exception-handler.o) (__pic32_software_reset)
c:/program files (x86)/microchip/xc32/v1.31/bin/../lib/gcc/pic32mx/4.5.2/../../../../pic32mx/lib\libpic32.a(general-exception.o)
                              c:/program files (x86)/microchip/xc32/v1.31/bin/../lib/gcc/pic32mx/4.5.2/../../../../pic32mx/lib/./proc/32MX795F512L/crt0_mips32r2.o (_general_exception_context)
c:/program files (x86)/microchip/xc32/v1.31/bin/../lib/gcc/pic32mx/4.5.2/../../../../pic32mx/lib\libpic32.a(vector0.o)
                              c:/program files (x86)/microchip/xc32/v1.31/bin/../lib/gcc/pic32mx/4.5.2/../../../../pic32mx/lib/./proc/32MX795F512L\default_isr_vectors.o (__vector_dispatch_0)
c:/program files (x86)/microchip/xc32/v1.31/bin/../lib/gcc/pic32mx/4.5.2/../../../../pic32mx/lib\libpic32.a(vector2.o)
                              c:/program files (x86)/microchip/xc32/v1.31/bin/../lib/gcc/pic32mx/4.5.2/../../../../pic32mx/lib/./proc/32MX795F512L\default_isr_vectors.o (__vector_dispatch_2)
c:/program files (x86)/microchip/xc32/v1.31/bin/../lib/gcc/pic32mx/4.5.2/../../../../pic32mx/lib\libpic32.a(vector3.o)
                              c:/program files (x86)/microchip/xc32/v1.31/bin/../lib/gcc/pic32mx/4.5.2/../../../../pic32mx/lib/./proc/32MX795F512L\default_isr_vectors.o (__vector_dispatch_3)
c:/program files (x86)/microchip/xc32/v1.31/bin/../lib/gcc/pic32mx/4.5.2/../../../../pic32mx/lib\libpic32.a(vector5.o)
                              c:/program files (x86)/microchip/xc32/v1.31/bin/../lib/gcc/pic32mx/4.5.2/../../../../pic32mx/lib/./proc/32MX795F512L\default_isr_vectors.o (__vector_dispatch_5)
c:/program files (x86)/microchip/xc32/v1.31/bin/../lib/gcc/pic32mx/4.5.2/../../../../pic32mx/lib\libpic32.a(vector6.o)
                              c:/program files (x86)/microchip/xc32/v1.31/bin/../lib/gcc/pic32mx/4.5.2/../../../../pic32mx/lib/./proc/32MX795F512L\default_isr_vectors.o (__vector_dispatch_6)
c:/program files (x86)/microchip/xc32/v1.31/bin/../lib/gcc/pic32mx/4.5.2/../../../../pic32mx/lib\libpic32.a(vector7.o)
                              c:/program files (x86)/microchip/xc32/v1.31/bin/../lib/gcc/pic32mx/4.5.2/../../../../pic32mx/lib/./proc/32MX795F512L\default_isr_vectors.o (__vector_dispatch_7)
[...]
Memory Configuration

Name             Origin             Length             Attributes
kseg0_program_mem 0x9d000000         0x00080000         xr
kseg0_boot_mem   0x9fc00490         0x00000970
exception_mem    0x9fc01000         0x00001000
kseg1_boot_mem   0xbfc00000         0x00000490
debug_exec_mem   0xbfc02000         0x00000ff0
config3          0xbfc02ff0         0x00000004
config2          0xbfc02ff4         0x00000004
config1          0xbfc02ff8         0x00000004
config0          0xbfc02ffc         0x00000004
kseg1_data_mem   0xa0000000         0x00020000         w !x
sfrs             0xbf800000         0x00100000
configsfrs       0xbfc02ff0         0x00000010
*default*        0x00000000         0xffffffff

Linker script and memory map

LOAD c:/program files (x86)/microchip/xc32/v1.31/bin/../lib/gcc/pic32mx/4.5.2/../../../../pic32mx/lib/./proc/32MX795F512L/crt0_mips32r2.o
LOAD build/default/production/_ext/337818580/drv_can_static.o
LOAD build/default/production/_ext/12144542/drv_i2c_static.o
LOAD build/default/production/_ext/664138601/drv_pmp_static.o
LOAD build/default/production/_ext/2077795248/drv_spi_static.o
LOAD build/default/production/_ext/639803181/sys_clk_static.o
LOAD build/default/production/_ext/822048611/sys_ports_static.o
LOAD build/default/production/_ext/1688732426/system_init.o
LOAD build/default/production/_ext/1688732426/system_interrupt.o
LOAD build/default/production/_ext/1688732426/system_tasks.o
LOAD build/default/production/_ext/1688732426/system_interrupt_a.o
LOAD build/default/production/_ext/1688732426/rtos_hooks.o
LOAD build/default/production/_ext/1360937237/app.o
LOAD build/default/production/_ext/1360937237/app1.o
LOAD build/default/production/_ext/1360937237/app2.o
LOAD build/default/production/_ext/1360937237/main.o
LOAD build/default/production/_ext/1360937237/fm14_app.o
LOAD build/default/production/_ext/1360937237/mytest_1.o
LOAD build/default/production/_ext/1036670253/fm14.o
LOAD build/default/production/_ext/954485971/led.o
LOAD build/default/production/_ext/1062952361/XcpBasic.o
LOAD build/default/production/_ext/1062952361/xcp_par.o
LOAD build/default/production/_ext/1062952361/xcp_usb.o
LOAD build/default/production/_ext/831465284/drv_usb.o
LOAD build/default/production/_ext/831465284/drv_usb_device.o
LOAD build/default/production/_ext/308321468/osal_freertos.o
LOAD build/default/production/_ext/482662494/sys_devcon.o
LOAD build/default/production/_ext/482662494/sys_devcon_pic32mx.o
LOAD build/default/production/_ext/1042686532/sys_int_pic32.o
LOAD build/default/production/_ext/826631961/sys_ports.o
LOAD build/default/production/_ext/2136608937/usb_device.o
LOAD build/default/production/_ext/2136608937/usb_device_cdc.o
LOAD build/default/production/_ext/2136608937/usb_device_cdc_acm.o
LOAD build/default/production/_ext/1107379230/heap_1.o
LOAD build/default/production/_ext/1282498059/port.o
LOAD build/default/production/_ext/1282498059/port_asm.o
LOAD build/default/production/_ext/373060831/croutine.o
LOAD build/default/production/_ext/373060831/list.o
LOAD build/default/production/_ext/373060831/queue.o
LOAD build/default/production/_ext/373060831/tasks.o
LOAD build/default/production/_ext/373060831/timers.o
LOAD build/default/production/_ext/373060831/event_groups.o
LOAD ..\..\..\..\..\bin\framework\peripheral\PIC32MX795F512L_peripherals.a
                0x00000001                __MPLAB_BUILD = 0x1
                0x00000000                _min_heap_size = 0x0
LOAD c:/program files (x86)/microchip/xc32/v1.31/bin/../lib/gcc/pic32mx/4.5.2/../../../../pic32mx/lib/./proc/32MX795F512L\default_isr_vectors.o
                0x00000400                PROVIDE (_min_stack_size, 0x400)
LOAD c:/program files (x86)/microchip/xc32/v1.31/bin/../lib/gcc/pic32mx/4.5.2/../../../../pic32mx/lib/./proc/32MX795F512L\processor.o
START GROUP
LOAD c:/program files (x86)/microchip/xc32/v1.31/bin/../lib/gcc/pic32mx/4.5.2/../../../../pic32mx/lib\libmchp_peripheral.a
END GROUP
START GROUP
LOAD c:/program files (x86)/microchip/xc32/v1.31/bin/../lib/gcc/pic32mx/4.5.2/../../../../pic32mx/lib\libmchp_peripheral_32MX795F512L.a
END GROUP
                0x00000001                PROVIDE (_vector_spacing, 0x1)
                0x9fc01000                _ebase_address = 0x9fc01000
                0xbfc00000                _RESET_ADDR = 0xbfc00000
                0xbfc00380                _BEV_EXCPT_ADDR = 0xbfc00380
                0xbfc00480                _DBG_EXCPT_ADDR = 0xbfc00480
                0xbfc02000                _DBG_CODE_ADDR = 0xbfc02000
                0x00000ff0                _DBG_CODE_SIZE = 0xff0
                0x9fc01180                _GEN_EXCPT_ADDR = (_ebase_address + 0x180)

.config_BFC02FF0
                0xbfc02ff0        0x4
 *(.config_BFC02FF0)
 .config_BFC02FF0
                0xbfc02ff0        0x4 build/default/production/_ext/1688732426/system_init.o

.config_BFC02FF4
                0xbfc02ff4        0x4
 *(.config_BFC02FF4)
 .config_BFC02FF4
                0xbfc02ff4        0x4 build/default/production/_ext/1688732426/system_init.o

.config_BFC02FF8
                0xbfc02ff8        0x4
 *(.config_BFC02FF8)
 .config_BFC02FF8
                0xbfc02ff8        0x4 build/default/production/_ext/1688732426/system_init.o

.config_BFC02FFC
                0xbfc02ffc        0x4
 *(.config_BFC02FFC)
 .config_BFC02FFC
                0xbfc02ffc        0x4 build/default/production/_ext/1688732426/system_init.o
                0xbfc02000                PROVIDE (_DBG_CODE_ADDR, 0xbfc02000)
                0x00000ff0                PROVIDE (_DBG_CODE_SIZE, 0xff0)

.reset          0xbfc00000      0x1e8
 *(.reset)
 .reset         0xbfc00000      0x1e8 c:/program files (x86)/microchip/xc32/v1.31/bin/../lib/gcc/pic32mx/4.5.2/../../../../pic32mx/lib/./proc/32MX795F512L/crt0_mips32r2.o
                0xbfc00000                _reset
 *(.reset.startup)

.bev_excpt      0xbfc00380       0x10
 *(.bev_handler)
 .bev_handler   0xbfc00380       0x10 c:/program files (x86)/microchip/xc32/v1.31/bin/../lib/gcc/pic32mx/4.5.2/../../../../pic32mx/lib/./proc/32MX795F512L/crt0_mips32r2.o

.dbg_excpt      0xbfc00480        0x0
                0xbfc00480                . = (. + DEFINED (_DEBUGGER)?0x8:0x0)

.dbg_code       0xbfc02000        0x0
                0xbfc02000                . = (. + DEFINED (_DEBUGGER)?_DBG_CODE_SIZE:0x0)

.app_excpt      0x9fc01180       0x10
 *(.gen_handler)
 .gen_handler   0x9fc01180       0x10 c:/program files (x86)/microchip/xc32/v1.31/bin/../lib/gcc/pic32mx/4.5.2/../../../../pic32mx/lib/./proc/32MX795F512L/crt0_mips32r2.o

.vector_0       0x9fc01200        0x8
 *(.vector_0)
 .vector_0      0x9fc01200        0x8 c:/program files (x86)/microchip/xc32/v1.31/bin/../lib/gcc/pic32mx/4.5.2/../../../../pic32mx/lib\libpic32.a(vector0.o)
                0x9fc01200                __vector_dispatch_0
                0x00000001                ASSERT (((_vector_spacing == 0x0) || (SIZEOF (.vector_0) <= (_vector_spacing << 0x5))), function at exception vector 0 too large)

.vector_1       0x9fc01220        0x8
 *(.vector_1)
 .vector_1      0x9fc01220        0x8 build/default/production/_ext/1282498059/port.o
                0x9fc01220                __vector_dispatch_1
                0x00000001                ASSERT (((_vector_spacing == 0x0) || (SIZEOF (.vector_1) <= (_vector_spacing << 0x5))), function at exception vector 1 too large)

.vector_2       0x9fc01240        0x8
 *(.vector_2)
 .vector_2      0x9fc01240        0x8 c:/program files (x86)/microchip/xc32/v1.31/bin/../lib/gcc/pic32mx/4.5.2/../../../../pic32mx/lib\libpic32.a(vector2.o)
                0x9fc01240                __vector_dispatch_2
                0x00000001                ASSERT (((_vector_spacing == 0x0) || (SIZEOF (.vector_2) <= (_vector_spacing << 0x5))), function at exception vector 2 too large)

.vector_3       0x9fc01260        0x8
 *(.vector_3)
 .vector_3      0x9fc01260        0x8 c:/program files (x86)/microchip/xc32/v1.31/bin/../lib/gcc/pic32mx/4.5.2/../../../../pic32mx/lib\libpic32.a(vector3.o)
                0x9fc01260                __vector_dispatch_3
                0x00000001                ASSERT (((_vector_spacing == 0x0) || (SIZEOF (.vector_3) <= (_vector_spacing << 0x5))), function at exception vector 3 too large)

.vector_4       0x9fc01280        0x8
 *(.vector_4)
 .vector_4      0x9fc01280        0x8 build/default/production/_ext/1282498059/port.o
                0x9fc01280                __vector_dispatch_4
                0x00000001                ASSERT (((_vector_spacing == 0x0) || (SIZEOF (.vector_4) <= (_vector_spacing << 0x5))), function at exception vector 4 too large)

.vector_5       0x9fc012a0        0x8
 *(.vector_5)
 .vector_5      0x9fc012a0        0x8 c:/program files (x86)/microchip/xc32/v1.31/bin/../lib/gcc/pic32mx/4.5.2/../../../../pic32mx/lib\libpic32.a(vector5.o)
                0x9fc012a0                __vector_dispatch_5
                0x00000001                ASSERT (((_vector_spacing == 0x0) || (SIZEOF (.vector_5) <= (_vector_spacing << 0x5))), function at exception vector 5 too large)

.vector_6       0x9fc012c0        0x8
 *(.vector_6)
 .vector_6      0x9fc012c0        0x8 c:/program files (x86)/microchip/xc32/v1.31/bin/../lib/gcc/pic32mx/4.5.2/../../../../pic32mx/lib\libpic32.a(vector6.o)
                0x9fc012c0                __vector_dispatch_6
                0x00000001                ASSERT (((_vector_spacing == 0x0) || (SIZEOF (.vector_6) <= (_vector_spacing << 0x5))), function at exception vector 6 too large)

.vector_7       0x9fc012e0        0x8
 *(.vector_7)
 .vector_7      0x9fc012e0        0x8 c:/program files (x86)/microchip/xc32/v1.31/bin/../lib/gcc/pic32mx/4.5.2/../../../../pic32mx/lib\libpic32.a(vector7.o)
                0x9fc012e0                __vector_dispatch_7
                0x00000001                ASSERT (((_vector_spacing == 0x0) || (SIZEOF (.vector_7) <= (_vector_spacing << 0x5))), function at exception vector 7 too large)

.vector_8       0x9fc01300        0x8
 *(.vector_8)
 .vector_8      0x9fc01300        0x8 c:/program files (x86)/microchip/xc32/v1.31/bin/../lib/gcc/pic32mx/4.5.2/../../../../pic32mx/lib\libpic32.a(vector8.o)
                0x9fc01300                __vector_dispatch_8
                0x00000001                ASSERT (((_vector_spacing == 0x0) || (SIZEOF (.vector_8) <= (_vector_spacing << 0x5))), function at exception vector 8 too large)

.vector_9       0x9fc01320        0x8
 *(.vector_9)
 .vector_9      0x9fc01320        0x8 c:/program files (x86)/microchip/xc32/v1.31/bin/../lib/gcc/pic32mx/4.5.2/../../../../pic32mx/lib\libpic32.a(vector9.o)
                0x9fc01320                __vector_dispatch_9
                0x00000001                ASSERT (((_vector_spacing == 0x0) || (SIZEOF (.vector_9) <= (_vector_spacing << 0x5))), function at exception vector 9 too large)

.vector_10      0x9fc01340        0x8
 *(.vector_10)
 .vector_10     0x9fc01340        0x8 c:/program files (x86)/microchip/xc32/v1.31/bin/../lib/gcc/pic32mx/4.5.2/../../../../pic32mx/lib\libpic32.a(vector10.o)
                0x9fc01340                __vector_dispatch_10
                0x00000001                ASSERT (((_vector_spacing == 0x0) || (SIZEOF (.vector_10) <= (_vector_spacing << 0x5))), function at exception vector 10 too large)

.vector_11      0x9fc01360        0x8
 *(.vector_11)
 .vector_11     0x9fc01360        0x8 c:/program files (x86)/microchip/xc32/v1.31/bin/../lib/gcc/pic32mx/4.5.2/../../../../pic32mx/lib\libpic32.a(vector11.o)
                0x9fc01360                __vector_dispatch_11
                0x00000001                ASSERT (((_vector_spacing == 0x0) || (SIZEOF (.vector_11) <= (_vector_spacing << 0x5))), function at exception vector 11 too large)

.vector_12      0x9fc01380        0x8
 *(.vector_12)
 .vector_12     0x9fc01380        0x8 c:/program files (x86)/microchip/xc32/v1.31/bin/../lib/gcc/pic32mx/4.5.2/../../../../pic32mx/lib\libpic32.a(vector12.o)
                0x9fc01380                __vector_dispatch_12
                0x00000001                ASSERT (((_vector_spacing == 0x0) || (SIZEOF (.vector_12) <= (_vector_spacing << 0x5))), function at exception vector 12 too large)

.vector_13      0x9fc013a0        0x8
 *(.vector_13)
 .vector_13     0x9fc013a0        0x8 c:/program files (x86)/microchip/xc32/v1.31/bin/../lib/gcc/pic32mx/4.5.2/../../../../pic32mx/lib\libpic32.a(vector13.o)
                0x9fc013a0                __vector_dispatch_13
                0x00000001                ASSERT (((_vector_spacing == 0x0) || (SIZEOF (.vector_13) <= (_vector_spacing << 0x5))), function at exception vector 13 too large)

.vector_14      0x9fc013c0        0x8
 *(.vector_14)
 .vector_14     0x9fc013c0        0x8 c:/program files (x86)/microchip/xc32/v1.31/bin/../lib/gcc/pic32mx/4.5.2/../../../../pic32mx/lib\libpic32.a(vector14.o)
                0x9fc013c0                __vector_dispatch_14
                0x00000001                ASSERT (((_vector_spacing == 0x0) || (SIZEOF (.vector_14) <= (_vector_spacing << 0x5))), function at exception vector 14 too large)

.vector_15      0x9fc013e0        0x8
 *(.vector_15)
 .vector_15     0x9fc013e0        0x8 c:/program files (x86)/microchip/xc32/v1.31/bin/../lib/gcc/pic32mx/4.5.2/../../../../pic32mx/lib\libpic32.a(vector15.o)
                0x9fc013e0                __vector_dispatch_15
                0x00000001                ASSERT (((_vector_spacing == 0x0) || (SIZEOF (.vector_15) <= (_vector_spacing << 0x5))), function at exception vector 15 too large)

.vector_16      0x9fc01400        0x8
 *(.vector_16)
 .vector_16     0x9fc01400        0x8 c:/program files (x86)/microchip/xc32/v1.31/bin/../lib/gcc/pic32mx/4.5.2/../../../../pic32mx/lib\libpic32.a(vector16.o)
                0x9fc01400                __vector_dispatch_16
                0x00000001                ASSERT (((_vector_spacing == 0x0) || (SIZEOF (.vector_16) <= (_vector_spacing << 0x5))), function at exception vector 16 too large)

.vector_17      0x9fc01420        0x8
 *(.vector_17)
 .vector_17     0x9fc01420        0x8 c:/program files (x86)/microchip/xc32/v1.31/bin/../lib/gcc/pic32mx/4.5.2/../../../../pic32mx/lib\libpic32.a(vector17.o)
                0x9fc01420                __vector_dispatch_17
                0x00000001                ASSERT (((_vector_spacing == 0x0) || (SIZEOF (.vector_17) <= (_vector_spacing << 0x5))), function at exception vector 17 too large)

.vector_18      0x9fc01440        0x8
 *(.vector_18)
 .vector_18     0x9fc01440        0x8 c:/program files (x86)/microchip/xc32/v1.31/bin/../lib/gcc/pic32mx/4.5.2/../../../../pic32mx/lib\libpic32.a(vector18.o)
                0x9fc01440                __vector_dispatch_18
                0x00000001                ASSERT (((_vector_spacing == 0x0) || (SIZEOF (.vector_18) <= (_vector_spacing << 0x5))), function at exception vector 18 too large)

.vector_19      0x9fc01460        0x8
 *(.vector_19)
 .vector_19     0x9fc01460        0x8 c:/program files (x86)/microchip/xc32/v1.31/bin/../lib/gcc/pic32mx/4.5.2/../../../../pic32mx/lib\libpic32.a(vector19.o)
                0x9fc01460                __vector_dispatch_19
                0x00000001                ASSERT (((_vector_spacing == 0x0) || (SIZEOF (.vector_19) <= (_vector_spacing << 0x5))), function at exception vector 19 too large)

.vector_20      0x9fc01480        0x8
 *(.vector_20)
 .vector_20     0x9fc01480        0x8 c:/program files (x86)/microchip/xc32/v1.31/bin/../lib/gcc/pic32mx/4.5.2/../../../../pic32mx/lib\libpic32.a(vector20.o)
                0x9fc01480                __vector_dispatch_20
                0x00000001                ASSERT (((_vector_spacing == 0x0) || (SIZEOF (.vector_20) <= (_vector_spacing << 0x5))), function at exception vector 20 too large)

.vector_21      0x9fc014a0        0x8
 *(.vector_21)
 .vector_21     0x9fc014a0        0x8 c:/program files (x86)/microchip/xc32/v1.31/bin/../lib/gcc/pic32mx/4.5.2/../../../../pic32mx/lib\libpic32.a(vector21.o)
                0x9fc014a0                __vector_dispatch_21
                0x00000001                ASSERT (((_vector_spacing == 0x0) || (SIZEOF (.vector_21) <= (_vector_spacing << 0x5))), function at exception vector 21 too large)

.vector_22      0x9fc014c0        0x8
 *(.vector_22)
 .vector_22     0x9fc014c0        0x8 c:/program files (x86)/microchip/xc32/v1.31/bin/../lib/gcc/pic32mx/4.5.2/../../../../pic32mx/lib\libpic32.a(vector22.o)
                0x9fc014c0                __vector_dispatch_22
                0x00000001                ASSERT (((_vector_spacing == 0x0) || (SIZEOF (.vector_22) <= (_vector_spacing << 0x5))), function at exception vector 22 too large)

.vector_23      0x9fc014e0        0x8
 *(.vector_23)
 .vector_23     0x9fc014e0        0x8 c:/program files (x86)/microchip/xc32/v1.31/bin/../lib/gcc/pic32mx/4.5.2/../../../../pic32mx/lib\libpic32.a(vector23.o)
                0x9fc014e0                __vector_dispatch_23
                0x00000001                ASSERT (((_vector_spacing == 0x0) || (SIZEOF (.vector_23) <= (_vector_spacing << 0x5))), function at exception vector 23 too large)

.vector_24      0x9fc01500        0x8
 *(.vector_24)
 .vector_24     0x9fc01500        0x8 c:/program files (x86)/microchip/xc32/v1.31/bin/../lib/gcc/pic32mx/4.5.2/../../../../pic32mx/lib\libpic32.a(vector24.o)
                0x9fc01500                __vector_dispatch_24
                0x00000001                ASSERT (((_vector_spacing == 0x0) || (SIZEOF (.vector_24) <= (_vector_spacing << 0x5))), function at exception vector 24 too large)

.vector_25      0x9fc01520        0x8
 *(.vector_25)
 .vector_25     0x9fc01520        0x8 c:/program files (x86)/microchip/xc32/v1.31/bin/../lib/gcc/pic32mx/4.5.2/../../../../pic32mx/lib\libpic32.a(vector25.o)
                0x9fc01520                __vector_dispatch_25
                0x00000001                ASSERT (((_vector_spacing == 0x0) || (SIZEOF (.vector_25) <= (_vector_spacing << 0x5))), function at exception vector 25 too large)

.vector_26      0x9fc01540        0x8
 *(.vector_26)
 .vector_26     0x9fc01540        0x8 c:/program files (x86)/microchip/xc32/v1.31/bin/../lib/gcc/pic32mx/4.5.2/../../../../pic32mx/lib\libpic32.a(vector26.o)
                0x9fc01540                __vector_dispatch_26
                0x00000001                ASSERT (((_vector_spacing == 0x0) || (SIZEOF (.vector_26) <= (_vector_spacing << 0x5))), function at exception vector 26 too large)

.vector_27      0x9fc01560        0x8
 *(.vector_27)
 .vector_27     0x9fc01560        0x8 c:/program files (x86)/microchip/xc32/v1.31/bin/../lib/gcc/pic32mx/4.5.2/../../../../pic32mx/lib\libpic32.a(vector27.o)
                0x9fc01560                __vector_dispatch_27
                0x00000001                ASSERT (((_vector_spacing == 0x0) || (SIZEOF (.vector_27) <= (_vector_spacing << 0x5))), function at exception vector 27 too large)

.vector_28      0x9fc01580        0x8
 *(.vector_28)
 .vector_28     0x9fc01580        0x8 c:/program files (x86)/microchip/xc32/v1.31/bin/../lib/gcc/pic32mx/4.5.2/../../../../pic32mx/lib\libpic32.a(vector28.o)
                0x9fc01580                __vector_dispatch_28
                0x00000001                ASSERT (((_vector_spacing == 0x0) || (SIZEOF (.vector_28) <= (_vector_spacing << 0x5))), function at exception vector 28 too large)

.vector_29      0x9fc015a0        0x8
 *(.vector_29)
 .vector_29     0x9fc015a0        0x8 c:/program files (x86)/microchip/xc32/v1.31/bin/../lib/gcc/pic32mx/4.5.2/../../../../pic32mx/lib\libpic32.a(vector29.o)
                0x9fc015a0                __vector_dispatch_29
                0x00000001                ASSERT (((_vector_spacing == 0x0) || (SIZEOF (.vector_29) <= (_vector_spacing << 0x5))), function at exception vector 29 too large)

.vector_30      0x9fc015c0        0x8
 *(.vector_30)
 .vector_30     0x9fc015c0        0x8 c:/program files (x86)/microchip/xc32/v1.31/bin/../lib/gcc/pic32mx/4.5.2/../../../../pic32mx/lib\libpic32.a(vector30.o)
                0x9fc015c0                __vector_dispatch_30
                0x00000001                ASSERT (((_vector_spacing == 0x0) || (SIZEOF (.vector_30) <= (_vector_spacing << 0x5))), function at exception vector 30 too large)

.vector_31      0x9fc015e0        0x8
 *(.vector_31)
 .vector_31     0x9fc015e0        0x8 c:/program files (x86)/microchip/xc32/v1.31/bin/../lib/gcc/pic32mx/4.5.2/../../../../pic32mx/lib\libpic32.a(vector31.o)
                0x9fc015e0                __vector_dispatch_31
                0x00000001                ASSERT (((_vector_spacing == 0x0) || (SIZEOF (.vector_31) <= (_vector_spacing << 0x5))), function at exception vector 31 too large)

.vector_32      0x9fc01600        0x8
 *(.vector_32)
 .vector_32     0x9fc01600        0x8 c:/program files (x86)/microchip/xc32/v1.31/bin/../lib/gcc/pic32mx/4.5.2/../../../../pic32mx/lib\libpic32.a(vector32.o)
                0x9fc01600                __vector_dispatch_32
                0x00000001                ASSERT (((_vector_spacing == 0x0) || (SIZEOF (.vector_32) <= (_vector_spacing << 0x5))), function at exception vector 32 too large)

.vector_33      0x9fc01620        0x8
 *(.vector_33)
 .vector_33     0x9fc01620        0x8 c:/program files (x86)/microchip/xc32/v1.31/bin/../lib/gcc/pic32mx/4.5.2/../../../../pic32mx/lib\libpic32.a(vector33.o)
                0x9fc01620                __vector_dispatch_33
                0x00000001                ASSERT (((_vector_spacing == 0x0) || (SIZEOF (.vector_33) <= (_vector_spacing << 0x5))), function at exception vector 33 too large)

.vector_34      0x9fc01640        0x8
 *(.vector_34)
 .vector_34     0x9fc01640        0x8 c:/program files (x86)/microchip/xc32/v1.31/bin/../lib/gcc/pic32mx/4.5.2/../../../../pic32mx/lib\libpic32.a(vector34.o)
                0x9fc01640                __vector_dispatch_34
                0x00000001                ASSERT (((_vector_spacing == 0x0) || (SIZEOF (.vector_34) <= (_vector_spacing << 0x5))), function at exception vector 34 too large)

.vector_35      0x9fc01660        0x8
 *(.vector_35)
 .vector_35     0x9fc01660        0x8 c:/program files (x86)/microchip/xc32/v1.31/bin/../lib/gcc/pic32mx/4.5.2/../../../../pic32mx/lib\libpic32.a(vector35.o)
                0x9fc01660                __vector_dispatch_35
                0x00000001                ASSERT (((_vector_spacing == 0x0) || (SIZEOF (.vector_35) <= (_vector_spacing << 0x5))), function at exception vector 35 too large)

.vector_36      0x9fc01680        0x8
 *(.vector_36)
 .vector_36     0x9fc01680        0x8 c:/program files (x86)/microchip/xc32/v1.31/bin/../lib/gcc/pic32mx/4.5.2/../../../../pic32mx/lib\libpic32.a(vector36.o)
                0x9fc01680                __vector_dispatch_36
                0x00000001                ASSERT (((_vector_spacing == 0x0) || (SIZEOF (.vector_36) <= (_vector_spacing << 0x5))), function at exception vector 36 too large)

.vector_37      0x9fc016a0        0x8
 *(.vector_37)
 .vector_37     0x9fc016a0        0x8 c:/program files (x86)/microchip/xc32/v1.31/bin/../lib/gcc/pic32mx/4.5.2/../../../../pic32mx/lib\libpic32.a(vector37.o)
                0x9fc016a0                __vector_dispatch_37
                0x00000001                ASSERT (((_vector_spacing == 0x0) || (SIZEOF (.vector_37) <= (_vector_spacing << 0x5))), function at exception vector 37 too large)

.vector_38      0x9fc016c0        0x8
 *(.vector_38)
 .vector_38     0x9fc016c0        0x8 c:/program files (x86)/microchip/xc32/v1.31/bin/../lib/gcc/pic32mx/4.5.2/../../../../pic32mx/lib\libpic32.a(vector38.o)
                0x9fc016c0                __vector_dispatch_38
                0x00000001                ASSERT (((_vector_spacing == 0x0) || (SIZEOF (.vector_38) <= (_vector_spacing << 0x5))), function at exception vector 38 too large)

.vector_39      0x9fc016e0        0x8
 *(.vector_39)
 .vector_39     0x9fc016e0        0x8 c:/program files (x86)/microchip/xc32/v1.31/bin/../lib/gcc/pic32mx/4.5.2/../../../../pic32mx/lib\libpic32.a(vector39.o)
                0x9fc016e0                __vector_dispatch_39
                0x00000001                ASSERT (((_vector_spacing == 0x0) || (SIZEOF (.vector_39) <= (_vector_spacing << 0x5))), function at exception vector 39 too large)

.vector_40      0x9fc01700        0x8
 *(.vector_40)
 .vector_40     0x9fc01700        0x8 c:/program files (x86)/microchip/xc32/v1.31/bin/../lib/gcc/pic32mx/4.5.2/../../../../pic32mx/lib\libpic32.a(vector40.o)
                0x9fc01700                __vector_dispatch_40
                0x00000001                ASSERT (((_vector_spacing == 0x0) || (SIZEOF (.vector_40) <= (_vector_spacing << 0x5))), function at exception vector 40 too large)

.vector_41      0x9fc01720        0x8
 *(.vector_41)
 .vector_41     0x9fc01720        0x8 c:/program files (x86)/microchip/xc32/v1.31/bin/../lib/gcc/pic32mx/4.5.2/../../../../pic32mx/lib\libpic32.a(vector41.o)
                0x9fc01720                __vector_dispatch_41
                0x00000001                ASSERT (((_vector_spacing == 0x0) || (SIZEOF (.vector_41) <= (_vector_spacing << 0x5))), function at exception vector 41 too large)

.vector_42      0x9fc01740        0x8
 *(.vector_42)
 .vector_42     0x9fc01740        0x8 c:/program files (x86)/microchip/xc32/v1.31/bin/../lib/gcc/pic32mx/4.5.2/../../../../pic32mx/lib\libpic32.a(vector42.o)
                0x9fc01740                __vector_dispatch_42
                0x00000001                ASSERT (((_vector_spacing == 0x0) || (SIZEOF (.vector_42) <= (_vector_spacing << 0x5))), function at exception vector 42 too large)

.vector_43      0x9fc01760        0x8
 *(.vector_43)
 .vector_43     0x9fc01760        0x8 c:/program files (x86)/microchip/xc32/v1.31/bin/../lib/gcc/pic32mx/4.5.2/../../../../pic32mx/lib\libpic32.a(vector43.o)
                0x9fc01760                __vector_dispatch_43
                0x00000001                ASSERT (((_vector_spacing == 0x0) || (SIZEOF (.vector_43) <= (_vector_spacing << 0x5))), function at exception vector 43 too large)

.vector_44      0x9fc01780        0x8
 *(.vector_44)
 .vector_44     0x9fc01780        0x8 c:/program files (x86)/microchip/xc32/v1.31/bin/../lib/gcc/pic32mx/4.5.2/../../../../pic32mx/lib\libpic32.a(vector44.o)
                0x9fc01780                __vector_dispatch_44
                0x00000001                ASSERT (((_vector_spacing == 0x0) || (SIZEOF (.vector_44) <= (_vector_spacing << 0x5))), function at exception vector 44 too large)

.vector_45      0x9fc017a0       0x10
 *(.vector_45)
 .vector_45     0x9fc017a0       0x10 build/default/production/_ext/1688732426/system_interrupt_a.o
                0x9fc017a0                __vector_dispatch_45
                0x00000001                ASSERT (((_vector_spacing == 0x0) || (SIZEOF (.vector_45) <= (_vector_spacing << 0x5))), function at exception vector 45 too large)

.vector_46      0x9fc017c0        0x8
 *(.vector_46)
 .vector_46     0x9fc017c0        0x8 c:/program files (x86)/microchip/xc32/v1.31/bin/../lib/gcc/pic32mx/4.5.2/../../../../pic32mx/lib\libpic32.a(vector46.o)
                0x9fc017c0                __vector_dispatch_46
                0x00000001                ASSERT (((_vector_spacing == 0x0) || (SIZEOF (.vector_46) <= (_vector_spacing << 0x5))), function at exception vector 46 too large)

.vector_47      0x9fc017e0        0x8
 *(.vector_47)
 .vector_47     0x9fc017e0        0x8 c:/program files (x86)/microchip/xc32/v1.31/bin/../lib/gcc/pic32mx/4.5.2/../../../../pic32mx/lib\libpic32.a(vector47.o)
                0x9fc017e0                __vector_dispatch_47
                0x00000001                ASSERT (((_vector_spacing == 0x0) || (SIZEOF (.vector_47) <= (_vector_spacing << 0x5))), function at exception vector 47 too large)

.vector_48      0x9fc01800        0x8
 *(.vector_48)
 .vector_48     0x9fc01800        0x8 c:/program files (x86)/microchip/xc32/v1.31/bin/../lib/gcc/pic32mx/4.5.2/../../../../pic32mx/lib\libpic32.a(vector48.o)
                0x9fc01800                __vector_dispatch_48
                0x00000001                ASSERT (((_vector_spacing == 0x0) || (SIZEOF (.vector_48) <= (_vector_spacing << 0x5))), function at exception vector 48 too large)

.vector_49      0x9fc01820        0x8
 *(.vector_49)
 .vector_49     0x9fc01820        0x8 c:/program files (x86)/microchip/xc32/v1.31/bin/../lib/gcc/pic32mx/4.5.2/../../../../pic32mx/lib\libpic32.a(vector49.o)
                0x9fc01820                __vector_dispatch_49
                0x00000001                ASSERT (((_vector_spacing == 0x0) || (SIZEOF (.vector_49) <= (_vector_spacing << 0x5))), function at exception vector 49 too large)

.vector_50      0x9fc01840        0x8
 *(.vector_50)
 .vector_50     0x9fc01840        0x8 c:/program files (x86)/microchip/xc32/v1.31/bin/../lib/gcc/pic32mx/4.5.2/../../../../pic32mx/lib\libpic32.a(vector50.o)
                0x9fc01840                __vector_dispatch_50
                0x00000001                ASSERT (((_vector_spacing == 0x0) || (SIZEOF (.vector_50) <= (_vector_spacing << 0x5))), function at exception vector 50 too large)

.vector_51      0x9fc01860        0x8
 *(.vector_51)
 .vector_51     0x9fc01860        0x8 c:/program files (x86)/microchip/xc32/v1.31/bin/../lib/gcc/pic32mx/4.5.2/../../../../pic32mx/lib\libpic32.a(vector51.o)
                0x9fc01860                __vector_dispatch_51
                0x00000001                ASSERT (((_vector_spacing == 0x0) || (SIZEOF (.vector_51) <= (_vector_spacing << 0x5))), function at exception vector 51 too large)

.vector_52      0x9fc01880        0x8
 *(.vector_52)
 .vector_52     0x9fc01880        0x8 c:/program files (x86)/microchip/xc32/v1.31/bin/../lib/gcc/pic32mx/4.5.2/../../../../pic32mx/lib\libpic32.a(vector52.o)
                0x9fc01880                __vector_dispatch_52
                0x00000001                ASSERT (((_vector_spacing == 0x0) || (SIZEOF (.vector_52) <= (_vector_spacing << 0x5))), function at exception vector 52 too large)

.vector_53      0x9fc018a0        0x8
 *(.vector_53)
 .vector_53     0x9fc018a0        0x8 c:/program files (x86)/microchip/xc32/v1.31/bin/../lib/gcc/pic32mx/4.5.2/../../../../pic32mx/lib\libpic32.a(vector53.o)
                0x9fc018a0                __vector_dispatch_53
                0x00000001                ASSERT (((_vector_spacing == 0x0) || (SIZEOF (.vector_53) <= (_vector_spacing << 0x5))), function at exception vector 53 too large)

.vector_54      0x9fc018c0        0x8
 *(.vector_54)
 .vector_54     0x9fc018c0        0x8 c:/program files (x86)/microchip/xc32/v1.31/bin/../lib/gcc/pic32mx/4.5.2/../../../../pic32mx/lib\libpic32.a(vector54.o)
                0x9fc018c0                __vector_dispatch_54
                0x00000001                ASSERT (((_vector_spacing == 0x0) || (SIZEOF (.vector_54) <= (_vector_spacing << 0x5))), function at exception vector 54 too large)

.vector_55      0x9fc018e0        0x8
 *(.vector_55)
 .vector_55     0x9fc018e0        0x8 c:/program files (x86)/microchip/xc32/v1.31/bin/../lib/gcc/pic32mx/4.5.2/../../../../pic32mx/lib\libpic32.a(vector55.o)
                0x9fc018e0                __vector_dispatch_55
                0x00000001                ASSERT (((_vector_spacing == 0x0) || (SIZEOF (.vector_55) <= (_vector_spacing << 0x5))), function at exception vector 55 too large)

.vector_56      0x9fc01900        0x8
 *(.vector_56)
 .vector_56     0x9fc01900        0x8 c:/program files (x86)/microchip/xc32/v1.31/bin/../lib/gcc/pic32mx/4.5.2/../../../../pic32mx/lib\libpic32.a(vector56.o)
                0x9fc01900                __vector_dispatch_56
                0x00000001                ASSERT (((_vector_spacing == 0x0) || (SIZEOF (.vector_56) <= (_vector_spacing << 0x5))), function at exception vector 56 too large)

.vector_57      0x9fc01920        0x8
 *(.vector_57)
 .vector_57     0x9fc01920        0x8 c:/program files (x86)/microchip/xc32/v1.31/bin/../lib/gcc/pic32mx/4.5.2/../../../../pic32mx/lib\libpic32.a(vector57.o)
                0x9fc01920                __vector_dispatch_57
                0x00000001                ASSERT (((_vector_spacing == 0x0) || (SIZEOF (.vector_57) <= (_vector_spacing << 0x5))), function at exception vector 57 too large)

.vector_58      0x9fc01940        0x8
 *(.vector_58)
 .vector_58     0x9fc01940        0x8 c:/program files (x86)/microchip/xc32/v1.31/bin/../lib/gcc/pic32mx/4.5.2/../../../../pic32mx/lib\libpic32.a(vector58.o)
                0x9fc01940                __vector_dispatch_58
                0x00000001                ASSERT (((_vector_spacing == 0x0) || (SIZEOF (.vector_58) <= (_vector_spacing << 0x5))), function at exception vector 58 too large)

.vector_59      0x9fc01960        0x8
 *(.vector_59)
 .vector_59     0x9fc01960        0x8 c:/program files (x86)/microchip/xc32/v1.31/bin/../lib/gcc/pic32mx/4.5.2/../../../../pic32mx/lib\libpic32.a(vector59.o)
                0x9fc01960                __vector_dispatch_59
                0x00000001                ASSERT (((_vector_spacing == 0x0) || (SIZEOF (.vector_59) <= (_vector_spacing << 0x5))), function at exception vector 59 too large)

.vector_60      0x9fc01980        0x8
 *(.vector_60)
 .vector_60     0x9fc01980        0x8 c:/program files (x86)/microchip/xc32/v1.31/bin/../lib/gcc/pic32mx/4.5.2/../../../../pic32mx/lib\libpic32.a(vector60.o)
                0x9fc01980                __vector_dispatch_60
                0x00000001                ASSERT (((_vector_spacing == 0x0) || (SIZEOF (.vector_60) <= (_vector_spacing << 0x5))), function at exception vector 60 too large)

.vector_61      0x9fc019a0        0x8
 *(.vector_61)
 .vector_61     0x9fc019a0        0x8 c:/program files (x86)/microchip/xc32/v1.31/bin/../lib/gcc/pic32mx/4.5.2/../../../../pic32mx/lib\libpic32.a(vector61.o)
                0x9fc019a0                __vector_dispatch_61
                0x00000001                ASSERT (((_vector_spacing == 0x0) || (SIZEOF (.vector_61) <= (_vector_spacing << 0x5))), function at exception vector 61 too large)

.vector_62      0x9fc019c0        0x8
 *(.vector_62)
 .vector_62     0x9fc019c0        0x8 c:/program files (x86)/microchip/xc32/v1.31/bin/../lib/gcc/pic32mx/4.5.2/../../../../pic32mx/lib\libpic32.a(vector62.o)
                0x9fc019c0                __vector_dispatch_62
                0x00000001                ASSERT (((_vector_spacing == 0x0) || (SIZEOF (.vector_62) <= (_vector_spacing << 0x5))), function at exception vector 62 too large)

.vector_63      0x9fc019e0        0x8
 *(.vector_63)
 .vector_63     0x9fc019e0        0x8 c:/program files (x86)/microchip/xc32/v1.31/bin/../lib/gcc/pic32mx/4.5.2/../../../../pic32mx/lib\libpic32.a(vector63.o)
                0x9fc019e0                __vector_dispatch_63
                0x00000001                ASSERT (((_vector_spacing == 0x0) || (SIZEOF (.vector_63) <= (_vector_spacing << 0x5))), function at exception vector 63 too large)

.startup
 *(.startup)

.text           0x9d000000        0x0
 *(.stub .gnu.linkonce.t.*)
 *(.text.*personality*)
 *(.mips16.fn.*)
 *(.mips16.call.*)
 *(.gnu.warning)
                0x9d000000                . = ALIGN (0x4)

.init           0x9d000000        0x0
 *crti.o(.init)
 *crtbegin.o(.init)
 *(EXCLUDE_FILE(*crtn.o *crtend?.o *crtend.o) .init)
 *crtend.o(.init)
 *crtn.o(.init)
                0x9d000000                . = ALIGN (0x4)

.fini           0x9d000000        0x0
 *(.fini)
                0x9d000000                . = ALIGN (0x4)

.preinit_array  0x9d000000        0x0
                0x9d000000                PROVIDE (__preinit_array_start, .)
 *(.preinit_array)
                0x9d000000                PROVIDE (__preinit_array_end, .)
                0x9d000000                . = ALIGN (0x4)

.init_array     0x9d000000        0x0
                0x9d000000                PROVIDE (__init_array_start, .)
 *(SORT(.init_array.*))
 *(.init_array)
                0x9d000000                PROVIDE (__init_array_end, .)
                0x9d000000                . = ALIGN (0x4)

.fini_array     0x9d000000        0x0
                0x9d000000                PROVIDE (__fini_array_start, .)
 *(SORT(.fini_array.*))
 *(.fini_array)
                0x9d000000                PROVIDE (__fini_array_end, .)
                0x9d000000                . = ALIGN (0x4)

.ctors          0x9d000000        0x0
 *crtbegin.o(.ctors)
 *crtbegin?.o(.ctors)
 *(EXCLUDE_FILE(*crtend?.o *crtend.o) .ctors)
 *(SORT(.ctors.*))
 *(.ctors)
                0x9d000000                . = ALIGN (0x4)

.dtors          0x9d000000        0x0
 *crtbegin.o(.dtors)
 *crtbegin?.o(.dtors)
 *(EXCLUDE_FILE(*crtend?.o *crtend.o) .dtors)
 *(SORT(.dtors.*))
 *(.dtors)
                0x9d000000                . = ALIGN (0x4)

.rodata         0x9d000000        0x0
 *(.gnu.linkonce.r.*)
 *(.rodata1)
                0x9d000000                . = ALIGN (0x4)

.sdata2         0x9fc00490        0x0
 *(.sdata2 .sdata2.* .gnu.linkonce.s2.*)
                0x9fc00490                . = ALIGN (0x4)

.sbss2          0x9fc00490        0x0
 *(.sbss2 .sbss2.* .gnu.linkonce.sb2.*)
                0x9fc00490                . = ALIGN (0x4)

.eh_frame_hdr
 *(.eh_frame_hdr)
                0x9fc00490                . = ALIGN (0x4)

.eh_frame
 *(.eh_frame)
                0x9fc00490                . = ALIGN (0x4)

.gcc_except_table
 *(.gcc_except_table .gcc_except_table.*)
                0x9fc00490                . = ALIGN (0x4)

.dbg_data       0xa0000000        0x0
                0xa0000000                . = (. + DEFINED (_DEBUGGER)?0x200:0x0)

.jcr            0xa0000000        0x0
 *(.jcr)
                0xa0000000                . = ALIGN (0x4)

.eh_frame
 *(.eh_frame)
                0xa0000000                . = ALIGN (0x4)

.gcc_except_table
 *(.gcc_except_table .gcc_except_table.*)
                0xa0000000                . = ALIGN (0x4)

.persist        0xa0000000        0x0
                0xa0000000                _persist_begin = .
 *(.persist .persist.*)
 *(.pbss .pbss.*)
                0xa0000000                . = ALIGN (0x4)
                0xa0000000                _persist_end = .

.data           0xa0000000        0x0
 *(.gnu.linkonce.d.*)
 *(.data1)
                0xa0000000                . = ALIGN (0x4)
                0xa0000000                . = .
                0xa0007ff0                _gp = (ALIGN (0x10) + 0x7ff0)

.got            0xa0000000        0x0
 *(.got.plt)
 *(.got)
                0xa0000000                . = ALIGN (0x4)

.sdata          0xa0000000       0x14
                0xa0000000                _sdata_begin = .
 *(.sdata .sdata.* .gnu.linkonce.s.*)
 .sdata         0xa0000000        0x8 build/default/production/_ext/1360937237/mytest_1.o
                0xa0000000                myMessage
 .sdata         0xa0000008        0x1 build/default/production/_ext/1062952361/xcp_usb.o
                0xa0000008                loop
 *fill*         0xa0000009        0x3 
 .sdata         0xa000000c        0x4 build/default/production/_ext/1282498059/port.o
                0xa000000c                uxInterruptNesting
 .sdata         0xa0000010        0x4 build/default/production/_ext/373060831/tasks.o
                0xa0000014                . = ALIGN (0x4)
                0xa0000014                _sdata_end = .

.lit8
 *(.lit8)

.lit4
 *(.lit4)
                0xa0000014                . = ALIGN (0x4)
                0xa0000014                _data_end = .
                0xa0000014                _bss_begin = .

.sbss           0xa0000014       0xa0
                0xa0000014                _sbss_begin = .
 *(.dynsbss)
 *(.sbss .sbss.* .gnu.linkonce.sb.*)
 .sbss          0xa0000014        0x4 build/default/production/_ext/337818580/drv_can_static.o
 .sbss          0xa0000018        0x1 build/default/production/_ext/1360937237/mytest_1.o
                0xa0000018                i
 *fill*         0xa0000019        0x3 
 .sbss          0xa000001c        0x8 build/default/production/_ext/1107379230/heap_1.o
 .sbss          0xa0000024        0x4 build/default/production/_ext/1282498059/port.o
                0xa0000024                uxSavedTaskStackPointer
 .sbss          0xa0000028       0x1c build/default/production/_ext/373060831/croutine.o
                0xa0000030                pxCurrentCoRoutine
 .sbss          0xa0000044       0x34 build/default/production/_ext/373060831/tasks.o
                0xa0000044                pxCurrentTCB
 *(.scommon)
 .scommon       0xa0000078        0x8 build/default/production/_ext/2077795248/drv_spi_static.o
                0xa0000078                BDT_ENTRY
 .scommon       0xa0000080        0x0 build/default/production/_ext/639803181/sys_clk_static.o
 .scommon       0xa0000080        0x8 build/default/production/_ext/1688732426/system_init.o
                0xa0000080                sysObj
 .scommon       0xa0000088        0x0 build/default/production/_ext/1688732426/system_interrupt.o
 .scommon       0xa0000088        0x0 build/default/production/_ext/1688732426/system_tasks.o
 .scommon       0xa0000088        0x0 build/default/production/_ext/1360937237/app.o
 .scommon       0xa0000088        0x0 build/default/production/_ext/1360937237/app1.o
 .scommon       0xa0000088        0x0 build/default/production/_ext/1360937237/app2.o
 .scommon       0xa0000088        0x0 build/default/production/_ext/1360937237/fm14_app.o
 .scommon       0xa0000088       0x15 build/default/production/_ext/1360937237/mytest_1.o
                0xa0000088                msg0
                0xa000008c                msg5
                0xa0000094                msg8
                0xa000009c                loop_count
 .scommon       0xa000009d        0x0 build/default/production/_ext/1036670253/fm14.o
 .scommon       0xa000009d        0x0 build/default/production/_ext/954485971/led.o
 .scommon       0xa000009d        0x0 build/default/production/_ext/1062952361/XcpBasic.o
 .scommon       0xa000009d        0x0 build/default/production/_ext/1062952361/xcp_par.o
 .scommon       0xa000009d        0x1 build/default/production/_ext/1062952361/xcp_usb.o
                0xa000009d                Counter
 .scommon       0xa000009e        0x0 build/default/production/_ext/831465284/drv_usb.o
 .scommon       0xa000009e        0x0 build/default/production/_ext/831465284/drv_usb_device.o
 *fill*         0xa000009e        0x2 
 .scommon       0xa00000a0        0x8 build/default/production/_ext/482662494/sys_devcon.o
                0xa00000a0                sysDevconObj
 .scommon       0xa00000a8        0x0 build/default/production/_ext/2136608937/usb_device.o
 .scommon       0xa00000a8        0x8 build/default/production/_ext/2136608937/usb_device_cdc.o
                0xa00000a8                gUSBDeviceCdcCommonDataObj
 .scommon       0xa00000b0        0x0 build/default/production/_ext/2136608937/usb_device_cdc_acm.o
 .scommon       0xa00000b0        0x4 ..\..\..\..\..\bin\framework\peripheral\PIC32MX795F512L_peripherals.a(peripheral.o)
                0xa00000b0                modeSeljunk
                0xa00000b4                _sbss_end = .
                0xa00000b4                . = ALIGN (0x4)

.bss            0xa0000200     0x1624
 *(.dynbss)
 *(COMMON)
 COMMON         0xa0000200       0x60 build/default/production/_ext/1688732426/system_init.o
                0xa0000200                endPointTable
 COMMON         0xa0000260      0xff0 build/default/production/_ext/1360937237/mytest_1.o
                0xa0000260                myBuff
 COMMON         0xa0001250      0x468 build/default/production/_ext/1062952361/xcp_usb.o
                0xa0001250                WriteBuffer
                0xa0001650                USB_CDCData
                0xa0001678                ReadBuffer
 COMMON         0xa00016b8       0xc0 build/default/production/_ext/831465284/drv_usb.o
                0xa00016b8                gDrvUSBGroup
 COMMON         0xa0001778       0xac build/default/production/_ext/2136608937/usb_device_cdc.o
                0xa0001778                gUSBDeviceCDCInstance
                0xa00017b8                gUSBDeviceCDCIRP
                0xa0001824                . = ALIGN ((. != 0x0)?0x4:0x1)
                0xa0001824                . = ALIGN (0x4)
                0xa0001824                _end = .
                0xa0001824                _bss_end = .
                0x00020000                _bmxdudba_address = 0x20000
                0x00020000                _bmxdupba_address = 0x20000

/DISCARD/
 *(.pdr)
 *(.rel.dyn)
 *(.note.GNU-stack)
 *(.note.GNU-stack)
 *(.gnu_debuglink)
 *(.gnu.lto_*)
 *(.discard)

.gptab.sdata
 *(.gptab.data)
 *(.gptab.sdata)

.gptab.sbss
 *(.gptab.bss)
 *(.gptab.sbss)

.mdebug.abi32   0xa0001824        0x0
 *(.mdebug.abi32)
 .mdebug.abi32  0xa0001824        0x0 build/default/production/_ext/337818580/drv_can_static.o
 .mdebug.abi32  0xa0001824        0x0 build/default/production/_ext/12144542/drv_i2c_static.o
 .mdebug.abi32  0xa0001824        0x0 build/default/production/_ext/664138601/drv_pmp_static.o
 .mdebug.abi32  0xa0001824        0x0 build/default/production/_ext/2077795248/drv_spi_static.o
 .mdebug.abi32  0xa0001824        0x0 build/default/production/_ext/639803181/sys_clk_static.o
 .mdebug.abi32  0xa0001824        0x0 build/default/production/_ext/822048611/sys_ports_static.o
 .mdebug.abi32  0xa0001824        0x0 build/default/production/_ext/1688732426/system_init.o
 .mdebug.abi32  0xa0001824        0x0 build/default/production/_ext/1688732426/system_interrupt.o
 .mdebug.abi32  0xa0001824        0x0 build/default/production/_ext/1688732426/system_tasks.o
 .mdebug.abi32  0xa0001824        0x0 build/default/production/_ext/1688732426/rtos_hooks.o
 .mdebug.abi32  0xa0001824        0x0 build/default/production/_ext/1360937237/app.o
 .mdebug.abi32  0xa0001824        0x0 build/default/production/_ext/1360937237/app1.o
 .mdebug.abi32  0xa0001824        0x0 build/default/production/_ext/1360937237/app2.o
 .mdebug.abi32  0xa0001824        0x0 build/default/production/_ext/1360937237/main.o
 .mdebug.abi32  0xa0001824        0x0 build/default/production/_ext/1360937237/fm14_app.o
 .mdebug.abi32  0xa0001824        0x0 build/default/production/_ext/1360937237/mytest_1.o
 .mdebug.abi32  0xa0001824        0x0 build/default/production/_ext/1036670253/fm14.o
 .mdebug.abi32  0xa0001824        0x0 build/default/production/_ext/954485971/led.o
 .mdebug.abi32  0xa0001824        0x0 build/default/production/_ext/1062952361/XcpBasic.o
 .mdebug.abi32  0xa0001824        0x0 build/default/production/_ext/1062952361/xcp_par.o
 .mdebug.abi32  0xa0001824        0x0 build/default/production/_ext/1062952361/xcp_usb.o
 .mdebug.abi32  0xa0001824        0x0 build/default/production/_ext/831465284/drv_usb.o
 .mdebug.abi32  0xa0001824        0x0 build/default/production/_ext/831465284/drv_usb_device.o
 .mdebug.abi32  0xa0001824        0x0 build/default/production/_ext/308321468/osal_freertos.o
 .mdebug.abi32  0xa0001824        0x0 build/default/production/_ext/482662494/sys_devcon.o
 .mdebug.abi32  0xa0001824        0x0 build/default/production/_ext/482662494/sys_devcon_pic32mx.o
 .mdebug.abi32  0xa0001824        0x0 build/default/production/_ext/1042686532/sys_int_pic32.o
 .mdebug.abi32  0xa0001824        0x0 build/default/production/_ext/826631961/sys_ports.o
 .mdebug.abi32  0xa0001824        0x0 build/default/production/_ext/2136608937/usb_device.o
 .mdebug.abi32  0xa0001824        0x0 build/default/production/_ext/2136608937/usb_device_cdc.o
 .mdebug.abi32  0xa0001824        0x0 build/default/production/_ext/2136608937/usb_device_cdc_acm.o
 .mdebug.abi32  0xa0001824        0x0 build/default/production/_ext/1107379230/heap_1.o
 .mdebug.abi32  0xa0001824        0x0 build/default/production/_ext/1282498059/port.o
 .mdebug.abi32  0xa0001824        0x0 build/default/production/_ext/373060831/croutine.o
 .mdebug.abi32  0xa0001824        0x0 build/default/production/_ext/373060831/list.o
 .mdebug.abi32  0xa0001824        0x0 build/default/production/_ext/373060831/queue.o
 .mdebug.abi32  0xa0001824        0x0 build/default/production/_ext/373060831/tasks.o
 .mdebug.abi32  0xa0001824        0x0 build/default/production/_ext/373060831/timers.o
 .mdebug.abi32  0xa0001824        0x0 build/default/production/_ext/373060831/event_groups.o
 .mdebug.abi32  0xa0001824        0x0 ..\..\..\..\..\bin\framework\peripheral\PIC32MX795F512L_peripherals.a(peripheral.o)
 .mdebug.abi32  0xa0001824        0x0 c:/program files (x86)/microchip/xc32/v1.31/bin/../lib/gcc/pic32mx/4.5.2\libgcc.a(floatunsisf.o)
 .mdebug.abi32  0xa0001824        0x0 c:/program files (x86)/microchip/xc32/v1.31/bin/../lib/gcc/pic32mx/4.5.2/../../../../pic32mx/lib\libpic32.a(default-bootstrap-exception-handler.o)
 .mdebug.abi32  0xa0001824        0x0 c:/program files (x86)/microchip/xc32/v1.31/bin/../lib/gcc/pic32mx/4.5.2/../../../../pic32mx/lib\libpic32.a(default-on-reset.o)
 .mdebug.abi32  0xa0001824        0x0 c:/program files (x86)/microchip/xc32/v1.31/bin/../lib/gcc/pic32mx/4.5.2/../../../../pic32mx/lib\libpic32.a(default-on-bootstrap.o)
 .mdebug.abi32  0xa0001824        0x0 c:/program files (x86)/microchip/xc32/v1.31/bin/../lib/gcc/pic32mx/4.5.2/../../../../pic32mx/lib\libpic32.a(default-general-exception-handler.o)
 .mdebug.abi32  0xa0001824        0x0 c:/program files (x86)/microchip/xc32/v1.31/bin/../lib/gcc/pic32mx/4.5.2/../../../../pic32mx/lib\libpic32.a(defaultinterrupt.o)

.mdebug.abiN32
 *(.mdebug.abiN32)

.mdebug.abi64
 *(.mdebug.abi64)

.mdebug.abiO64
 *(.mdebug.abiO64)

.mdebug.eabi32
 *(.mdebug.eabi32)

.mdebug.eabi64
 *(.mdebug.eabi64)

.gcc_compiled_long32
 *(.gcc_compiled_long32)

.gcc_compiled_long64
 *(.gcc_compiled_long64)

.stab
 *(.stab)

.stabstr
 *(.stabstr)

.stab.excl
 *(.stab.excl)

.stab.exclstr
 *(.stab.exclstr)

.stab.index
 *(.stab.index)

.stab.indexstr
 *(.stab.indexstr)

.comment        0x00000000       0xe4
 *(.comment)
 .comment       0x00000000       0x3c build/default/production/_ext/337818580/drv_can_static.o
                                 0x3d (size before relaxing)
 .comment       0x00000000       0x3d build/default/production/_ext/12144542/drv_i2c_static.o
 .comment       0x00000000       0x3d build/default/production/_ext/664138601/drv_pmp_static.o
 .comment       0x00000000       0x3d build/default/production/_ext/2077795248/drv_spi_static.o
 .comment       0x00000000       0x3d build/default/production/_ext/639803181/sys_clk_static.o
 .comment       0x00000000       0x3d build/default/production/_ext/822048611/sys_ports_static.o
 .comment       0x00000000       0x3d build/default/production/_ext/1688732426/system_init.o
 .comment       0x00000000       0x3d build/default/production/_ext/1688732426/system_interrupt.o
 .comment       0x00000000       0x3d build/default/production/_ext/1688732426/system_tasks.o
 .comment       0x00000000       0x3d build/default/production/_ext/1688732426/rtos_hooks.o
 .comment       0x00000000       0x3d build/default/production/_ext/1360937237/app.o
 .comment       0x00000000       0x3d build/default/production/_ext/1360937237/app1.o
 .comment       0x00000000       0x3d build/default/production/_ext/1360937237/app2.o
 .comment       0x00000000       0x3d build/default/production/_ext/1360937237/main.o
 .comment       0x00000000       0x3d build/default/production/_ext/1360937237/fm14_app.o
 .comment       0x00000000       0x3d build/default/production/_ext/1360937237/mytest_1.o
 .comment       0x00000000       0x3d build/default/production/_ext/1036670253/fm14.o
 .comment       0x00000000       0x3d build/default/production/_ext/954485971/led.o
 .comment       0x00000000       0x3d build/default/production/_ext/1062952361/XcpBasic.o
 .comment       0x00000000       0x3d build/default/production/_ext/1062952361/xcp_par.o
 .comment       0x00000000       0x3d build/default/production/_ext/1062952361/xcp_usb.o
 .comment       0x00000000       0x3d build/default/production/_ext/831465284/drv_usb.o
 .comment       0x00000000       0x3d build/default/production/_ext/831465284/drv_usb_device.o
 .comment       0x00000000       0x3d build/default/production/_ext/308321468/osal_freertos.o
 .comment       0x00000000       0x3d build/default/production/_ext/482662494/sys_devcon.o
 .comment       0x00000000       0x3d build/default/production/_ext/482662494/sys_devcon_pic32mx.o
 .comment       0x00000000       0x3d build/default/production/_ext/1042686532/sys_int_pic32.o
 .comment       0x00000000       0x3d build/default/production/_ext/826631961/sys_ports.o
 .comment       0x00000000       0x3d build/default/production/_ext/2136608937/usb_device.o
 .comment       0x00000000       0x3d build/default/production/_ext/2136608937/usb_device_cdc.o
 .comment       0x00000000       0x3d build/default/production/_ext/2136608937/usb_device_cdc_acm.o
 .comment       0x00000000       0x3d build/default/production/_ext/1107379230/heap_1.o
 .comment       0x00000000       0x3d build/default/production/_ext/1282498059/port.o
 .comment       0x00000000       0x3d build/default/production/_ext/373060831/croutine.o
 .comment       0x00000000       0x3d build/default/production/_ext/373060831/list.o
 .comment       0x00000000       0x3d build/default/production/_ext/373060831/queue.o
 .comment       0x00000000       0x3d build/default/production/_ext/373060831/tasks.o
 .comment       0x00000000       0x3d build/default/production/_ext/373060831/timers.o
 .comment       0x00000000       0x3d build/default/production/_ext/373060831/event_groups.o
 .comment       0x0000003c       0x3c ..\..\..\..\..\bin\framework\peripheral\PIC32MX795F512L_peripherals.a(peripheral.o)
                                 0x3d (size before relaxing)
 .comment       0x00000078       0x3c c:/program files (x86)/microchip/xc32/v1.31/bin/../lib/gcc/pic32mx/4.5.2\libgcc.a(floatunsisf.o)
                                 0x3d (size before relaxing)
 .comment       0x000000b4       0x18 c:/program files (x86)/microchip/xc32/v1.31/bin/../lib/gcc/pic32mx/4.5.2/../../../../pic32mx/lib\libpic32.a(memcmp.o)
                                 0x19 (size before relaxing)
 .comment       0x000000cc       0x18 c:/program files (x86)/microchip/xc32/v1.31/bin/../lib/gcc/pic32mx/4.5.2/../../../../pic32mx/lib\libpic32.a(memset.o)
                                 0x19 (size before relaxing)
 .comment       0x00000000       0x3d c:/program files (x86)/microchip/xc32/v1.31/bin/../lib/gcc/pic32mx/4.5.2/../../../../pic32mx/lib\libpic32.a(default-bootstrap-exception-handler.o)
 .comment       0x00000000       0x3d c:/program files (x86)/microchip/xc32/v1.31/bin/../lib/gcc/pic32mx/4.5.2/../../../../pic32mx/lib\libpic32.a(default-on-reset.o)
 .comment       0x00000000       0x3d c:/program files (x86)/microchip/xc32/v1.31/bin/../lib/gcc/pic32mx/4.5.2/../../../../pic32mx/lib\libpic32.a(default-on-bootstrap.o)
 .comment       0x00000000       0x3d c:/program files (x86)/microchip/xc32/v1.31/bin/../lib/gcc/pic32mx/4.5.2/../../../../pic32mx/lib\libpic32.a(default-general-exception-handler.o)
 .comment       0x00000000       0x3d c:/program files (x86)/microchip/xc32/v1.31/bin/../lib/gcc/pic32mx/4.5.2/../../../../pic32mx/lib\libpic32.a(defaultinterrupt.o)

.debug
 *(.debug)

.line
 *(.line)

.debug_srcinfo
 *(.debug_srcinfo)

.debug_sfnames
 *(.debug_sfnames)

.debug_aranges  0x00000000      0xfd0
 *(.debug_aranges)
 .debug_aranges
                0x00000000       0x48 build/default/production/_ext/337818580/drv_can_static.o
 .debug_aranges
                0x00000048       0xa8 build/default/production/_ext/12144542/drv_i2c_static.o
 .debug_aranges
                0x000000f0       0x38 build/default/production/_ext/664138601/drv_pmp_static.o
 .debug_aranges
                0x00000128       0x68 build/default/production/_ext/2077795248/drv_spi_static.o
 .debug_aranges
                0x00000190       0x38 build/default/production/_ext/639803181/sys_clk_static.o
 .debug_aranges
                0x000001c8       0x20 build/default/production/_ext/822048611/sys_ports_static.o
 .debug_aranges
                0x000001e8       0x20 build/default/production/_ext/1688732426/system_init.o
 .debug_aranges
                0x00000208       0x20 build/default/production/_ext/1688732426/system_interrupt.o
 .debug_aranges
                0x00000228       0x40 build/default/production/_ext/1688732426/system_tasks.o
 .debug_aranges
                0x00000268       0x28 build/default/production/_ext/1688732426/system_interrupt_a.o
 .debug_aranges
                0x00000290       0x28 build/default/production/_ext/1688732426/rtos_hooks.o
 .debug_aranges
                0x000002b8       0x28 build/default/production/_ext/1360937237/app.o
 .debug_aranges
                0x000002e0       0x28 build/default/production/_ext/1360937237/app1.o
 .debug_aranges
                0x00000308       0x28 build/default/production/_ext/1360937237/app2.o
 .debug_aranges
                0x00000330       0x20 build/default/production/_ext/1360937237/main.o
 .debug_aranges
                0x00000350       0x20 build/default/production/_ext/1360937237/fm14_app.o
 .debug_aranges
                0x00000370       0x30 build/default/production/_ext/1360937237/mytest_1.o
 .debug_aranges
                0x000003a0       0x78 build/default/production/_ext/1036670253/fm14.o
 .debug_aranges
                0x00000418       0x48 build/default/production/_ext/954485971/led.o
 .debug_aranges
                0x00000460       0xe8 build/default/production/_ext/1062952361/XcpBasic.o
 .debug_aranges
                0x00000548       0x50 build/default/production/_ext/1062952361/xcp_usb.o
 .debug_aranges
                0x00000598       0x70 build/default/production/_ext/831465284/drv_usb.o
 .debug_aranges
                0x00000608       0xb8 build/default/production/_ext/831465284/drv_usb_device.o
 .debug_aranges
                0x000006c0       0x88 build/default/production/_ext/308321468/osal_freertos.o
 .debug_aranges
                0x00000748       0x78 build/default/production/_ext/482662494/sys_devcon.o
 .debug_aranges
                0x000007c0       0x20 build/default/production/_ext/482662494/sys_devcon_pic32mx.o
 .debug_aranges
                0x000007e0       0x38 build/default/production/_ext/1042686532/sys_int_pic32.o
 .debug_aranges
                0x00000818       0xf8 build/default/production/_ext/826631961/sys_ports.o
 .debug_aranges
                0x00000910      0x150 build/default/production/_ext/2136608937/usb_device.o
 .debug_aranges
                0x00000a60       0x88 build/default/production/_ext/2136608937/usb_device_cdc.o
 .debug_aranges
                0x00000ae8       0x20 build/default/production/_ext/2136608937/usb_device_cdc_acm.o
 .debug_aranges
                0x00000b08       0x38 build/default/production/_ext/1107379230/heap_1.o
 .debug_aranges
                0x00000b40       0x58 build/default/production/_ext/1282498059/port.o
 .debug_aranges
                0x00000b98       0x20 build/default/production/_ext/1282498059/port_asm.o
 .debug_aranges
                0x00000bb8       0x50 build/default/production/_ext/373060831/croutine.o
 .debug_aranges
                0x00000c08       0x40 build/default/production/_ext/373060831/list.o
 .debug_aranges
                0x00000c48       0xd0 build/default/production/_ext/373060831/queue.o
 .debug_aranges
                0x00000d18      0x188 build/default/production/_ext/373060831/tasks.o
 .debug_aranges
                0x00000ea0       0x70 build/default/production/_ext/373060831/event_groups.o
 .debug_aranges
                0x00000f10       0x20 c:/program files (x86)/microchip/xc32/v1.31/bin/../lib/gcc/pic32mx/4.5.2\libgcc.a(floatunsisf.o)
 .debug_aranges
                0x00000f30       0x20 c:/program files (x86)/microchip/xc32/v1.31/bin/../lib/gcc/pic32mx/4.5.2/../../../../pic32mx/lib\libpic32.a(default-bootstrap-exception-handler.o)
 .debug_aranges
                0x00000f50       0x20 c:/program files (x86)/microchip/xc32/v1.31/bin/../lib/gcc/pic32mx/4.5.2/../../../../pic32mx/lib\libpic32.a(default-on-reset.o)
 .debug_aranges
                0x00000f70       0x20 c:/program files (x86)/microchip/xc32/v1.31/bin/../lib/gcc/pic32mx/4.5.2/../../../../pic32mx/lib\libpic32.a(default-on-bootstrap.o)
 .debug_aranges
                0x00000f90       0x20 c:/program files (x86)/microchip/xc32/v1.31/bin/../lib/gcc/pic32mx/4.5.2/../../../../pic32mx/lib\libpic32.a(default-general-exception-handler.o)
 .debug_aranges
                0x00000fb0       0x20 c:/program files (x86)/microchip/xc32/v1.31/bin/../lib/gcc/pic32mx/4.5.2/../../../../pic32mx/lib\libpic32.a(defaultinterrupt.o)

.debug_pubnames
                0x00000000     0x2972
 *(.debug_pubnames)
 .debug_pubnames
                0x00000000       0xb0 build/default/production/_ext/337818580/drv_can_static.o
 .debug_pubnames
                0x000000b0      0x21d build/default/production/_ext/12144542/drv_i2c_static.o
 .debug_pubnames
                0x000002cd       0x67 build/default/production/_ext/664138601/drv_pmp_static.o
 .debug_pubnames
                0x00000334      0x152 build/default/production/_ext/2077795248/drv_spi_static.o
 .debug_pubnames
                0x00000486       0xa0 build/default/production/_ext/639803181/sys_clk_static.o
 .debug_pubnames
                0x00000526       0x2b build/default/production/_ext/822048611/sys_ports_static.o
 .debug_pubnames
                0x00000551      0x147 build/default/production/_ext/1688732426/system_init.o
 .debug_pubnames
                0x00000698       0x3b build/default/production/_ext/1688732426/system_interrupt.o
 .debug_pubnames
                0x000006d3       0x6c build/default/production/_ext/1688732426/system_tasks.o
 .debug_pubnames
                0x0000073f       0x55 build/default/production/_ext/1688732426/rtos_hooks.o
 .debug_pubnames
                0x00000794       0x41 build/default/production/_ext/1360937237/app.o
 .debug_pubnames
                0x000007d5       0x43 build/default/production/_ext/1360937237/app1.o
 .debug_pubnames
                0x00000818       0x43 build/default/production/_ext/1360937237/app2.o
 .debug_pubnames
                0x0000085b       0x1b build/default/production/_ext/1360937237/main.o
 .debug_pubnames
                0x00000876       0x48 build/default/production/_ext/1360937237/fm14_app.o
 .debug_pubnames
                0x000008be       0xb1 build/default/production/_ext/1360937237/mytest_1.o
 .debug_pubnames
                0x0000096f       0xa6 build/default/production/_ext/1036670253/fm14.o
 .debug_pubnames
                0x00000a15       0x71 build/default/production/_ext/954485971/led.o
 .debug_pubnames
                0x00000a86      0x104 build/default/production/_ext/1062952361/XcpBasic.o
 .debug_pubnames
                0x00000b8a       0x32 build/default/production/_ext/1062952361/xcp_par.o
 .debug_pubnames
                0x00000bbc      0x109 build/default/production/_ext/1062952361/xcp_usb.o
 .debug_pubnames
                0x00000cc5      0x130 build/default/production/_ext/831465284/drv_usb.o
 .debug_pubnames
                0x00000df5      0x2c1 build/default/production/_ext/831465284/drv_usb_device.o
 .debug_pubnames
                0x000010b6      0x129 build/default/production/_ext/308321468/osal_freertos.o
 .debug_pubnames
                0x000011df      0x160 build/default/production/_ext/482662494/sys_devcon.o
 .debug_pubnames
                0x0000133f       0x33 build/default/production/_ext/482662494/sys_devcon_pic32mx.o
 .debug_pubnames
                0x00001372       0x7f build/default/production/_ext/1042686532/sys_int_pic32.o
 .debug_pubnames
                0x000013f1      0x376 build/default/production/_ext/826631961/sys_ports.o
 .debug_pubnames
                0x00001767      0x546 build/default/production/_ext/2136608937/usb_device.o
 .debug_pubnames
                0x00001cad      0x286 build/default/production/_ext/2136608937/usb_device_cdc.o
 .debug_pubnames
                0x00001f33       0x4a build/default/production/_ext/2136608937/usb_device_cdc_acm.o
 .debug_pubnames
                0x00001f7d       0x64 build/default/production/_ext/1107379230/heap_1.o
 .debug_pubnames
                0x00001fe1      0x130 build/default/production/_ext/1282498059/port.o
 .debug_pubnames
                0x00002111       0x96 build/default/production/_ext/373060831/croutine.o
 .debug_pubnames
                0x000021a7       0x72 build/default/production/_ext/373060831/list.o
 .debug_pubnames
                0x00002219      0x1e3 build/default/production/_ext/373060831/queue.o
 .debug_pubnames
                0x000023fc      0x370 build/default/production/_ext/373060831/tasks.o
 .debug_pubnames
                0x0000276c      0x112 build/default/production/_ext/373060831/event_groups.o
 .debug_pubnames
                0x0000287e       0x24 c:/program files (x86)/microchip/xc32/v1.31/bin/../lib/gcc/pic32mx/4.5.2\libgcc.a(floatunsisf.o)
 .debug_pubnames
                0x000028a2       0x33 c:/program files (x86)/microchip/xc32/v1.31/bin/../lib/gcc/pic32mx/4.5.2/../../../../pic32mx/lib\libpic32.a(default-bootstrap-exception-handler.o)
 .debug_pubnames
                0x000028d5       0x20 c:/program files (x86)/microchip/xc32/v1.31/bin/../lib/gcc/pic32mx/4.5.2/../../../../pic32mx/lib\libpic32.a(default-on-reset.o)
 .debug_pubnames
                0x000028f5       0x24 c:/program files (x86)/microchip/xc32/v1.31/bin/../lib/gcc/pic32mx/4.5.2/../../../../pic32mx/lib\libpic32.a(default-on-bootstrap.o)
 .debug_pubnames
                0x00002919       0x31 c:/program files (x86)/microchip/xc32/v1.31/bin/../lib/gcc/pic32mx/4.5.2/../../../../pic32mx/lib\libpic32.a(default-general-exception-handler.o)
 .debug_pubnames
                0x0000294a       0x28 c:/program files (x86)/microchip/xc32/v1.31/bin/../lib/gcc/pic32mx/4.5.2/../../../../pic32mx/lib\libpic32.a(defaultinterrupt.o)

.debug_info     0x00000000    0x5e629
 *(.debug_info .gnu.linkonce.wi.*)
 .debug_info    0x00000000     0x302c build/default/production/_ext/337818580/drv_can_static.o
 .debug_info    0x0000302c      0xb26 build/default/production/_ext/12144542/drv_i2c_static.o
 .debug_info    0x00003b52      0x813 build/default/production/_ext/664138601/drv_pmp_static.o
 .debug_info    0x00004365     0x3e9e build/default/production/_ext/2077795248/drv_spi_static.o
 .debug_info    0x00008203     0x3f11 build/default/production/_ext/639803181/sys_clk_static.o
 .debug_info    0x0000c114      0x7b0 build/default/production/_ext/822048611/sys_ports_static.o
 .debug_info    0x0000c8c4     0x6a25 build/default/production/_ext/1688732426/system_init.o
 .debug_info    0x000132e9     0x3a1d build/default/production/_ext/1688732426/system_interrupt.o
 .debug_info    0x00016d06     0x3b17 build/default/production/_ext/1688732426/system_tasks.o
 .debug_info    0x0001a81d       0x9d build/default/production/_ext/1688732426/system_interrupt_a.o
 .debug_info    0x0001a8ba      0x241 build/default/production/_ext/1688732426/rtos_hooks.o
 .debug_info    0x0001aafb     0x3977 build/default/production/_ext/1360937237/app.o
 .debug_info    0x0001e472     0x397a build/default/production/_ext/1360937237/app1.o
 .debug_info    0x00021dec     0x3995 build/default/production/_ext/1360937237/app2.o
 .debug_info    0x00025781      0x152 build/default/production/_ext/1360937237/main.o
 .debug_info    0x000258d3     0x4017 build/default/production/_ext/1360937237/fm14_app.o
 .debug_info    0x000298ea     0x46c9 build/default/production/_ext/1360937237/mytest_1.o
 .debug_info    0x0002dfb3     0x3f2c build/default/production/_ext/1036670253/fm14.o
 .debug_info    0x00031edf     0x3cc2 build/default/production/_ext/954485971/led.o
 .debug_info    0x00035ba1     0x4b2d build/default/production/_ext/1062952361/XcpBasic.o
 .debug_info    0x0003a6ce     0x3f16 build/default/production/_ext/1062952361/xcp_par.o
 .debug_info    0x0003e5e4     0x5c89 build/default/production/_ext/1062952361/xcp_usb.o
 .debug_info    0x0004426d     0x2853 build/default/production/_ext/831465284/drv_usb.o
 .debug_info    0x00046ac0     0x331c build/default/production/_ext/831465284/drv_usb_device.o
 .debug_info    0x00049ddc      0x711 build/default/production/_ext/308321468/osal_freertos.o
 .debug_info    0x0004a4ed      0x9f8 build/default/production/_ext/482662494/sys_devcon.o
 .debug_info    0x0004aee5      0x73d build/default/production/_ext/482662494/sys_devcon_pic32mx.o
 .debug_info    0x0004b622      0xf1b build/default/production/_ext/1042686532/sys_int_pic32.o
 .debug_info    0x0004c53d     0x16eb build/default/production/_ext/826631961/sys_ports.o
 .debug_info    0x0004dc28     0x4fab build/default/production/_ext/2136608937/usb_device.o
 .debug_info    0x00052bd3     0x442f build/default/production/_ext/2136608937/usb_device_cdc.o
 .debug_info    0x00057002     0x1876 build/default/production/_ext/2136608937/usb_device_cdc_acm.o
 .debug_info    0x00058878      0x306 build/default/production/_ext/1107379230/heap_1.o
 .debug_info    0x00058b7e     0x11ca build/default/production/_ext/1282498059/port.o
 .debug_info    0x00059d48       0xc1 build/default/production/_ext/1282498059/port_asm.o
 .debug_info    0x00059e09      0x8a2 build/default/production/_ext/373060831/croutine.o
 .debug_info    0x0005a6ab      0x469 build/default/production/_ext/373060831/list.o
 .debug_info    0x0005ab14      0xee8 build/default/production/_ext/373060831/queue.o
 .debug_info    0x0005b9fc     0x1bae build/default/production/_ext/373060831/tasks.o
 .debug_info    0x0005d5aa      0x16d build/default/production/_ext/373060831/timers.o
 .debug_info    0x0005d717      0x9b9 build/default/production/_ext/373060831/event_groups.o
 .debug_info    0x0005e0d0      0x157 c:/program files (x86)/microchip/xc32/v1.31/bin/../lib/gcc/pic32mx/4.5.2\libgcc.a(floatunsisf.o)
 .debug_info    0x0005e227       0xde c:/program files (x86)/microchip/xc32/v1.31/bin/../lib/gcc/pic32mx/4.5.2/../../../../pic32mx/lib\libpic32.a(default-bootstrap-exception-handler.o)
 .debug_info    0x0005e305       0xb8 c:/program files (x86)/microchip/xc32/v1.31/bin/../lib/gcc/pic32mx/4.5.2/../../../../pic32mx/lib\libpic32.a(default-on-reset.o)
 .debug_info    0x0005e3bd       0xc0 c:/program files (x86)/microchip/xc32/v1.31/bin/../lib/gcc/pic32mx/4.5.2/../../../../pic32mx/lib\libpic32.a(default-on-bootstrap.o)
 .debug_info    0x0005e47d       0xda c:/program files (x86)/microchip/xc32/v1.31/bin/../lib/gcc/pic32mx/4.5.2/../../../../pic32mx/lib\libpic32.a(default-general-exception-handler.o)
 .debug_info    0x0005e557       0xd2 c:/program files (x86)/microchip/xc32/v1.31/bin/../lib/gcc/pic32mx/4.5.2/../../../../pic32mx/lib\libpic32.a(defaultinterrupt.o)

.debug_abbrev   0x00000000     0x39ef
 *(.debug_abbrev)
 .debug_abbrev  0x00000000      0x19f build/default/production/_ext/337818580/drv_can_static.o
 .debug_abbrev  0x0000019f      0x109 build/default/production/_ext/12144542/drv_i2c_static.o
 .debug_abbrev  0x000002a8       0x9e build/default/production/_ext/664138601/drv_pmp_static.o
 .debug_abbrev  0x00000346      0x17d build/default/production/_ext/2077795248/drv_spi_static.o
 .debug_abbrev  0x000004c3      0x1ad build/default/production/_ext/639803181/sys_clk_static.o
 .debug_abbrev  0x00000670       0x62 build/default/production/_ext/822048611/sys_ports_static.o
 .debug_abbrev  0x000006d2      0x280 build/default/production/_ext/1688732426/system_init.o
 .debug_abbrev  0x00000952      0x115 build/default/production/_ext/1688732426/system_interrupt.o
 .debug_abbrev  0x00000a67      0x15b build/default/production/_ext/1688732426/system_tasks.o
 .debug_abbrev  0x00000bc2       0x12 build/default/production/_ext/1688732426/system_interrupt_a.o
 .debug_abbrev  0x00000bd4       0x8f build/default/production/_ext/1688732426/rtos_hooks.o
 .debug_abbrev  0x00000c63      0x104 build/default/production/_ext/1360937237/app.o
 .debug_abbrev  0x00000d67      0x104 build/default/production/_ext/1360937237/app1.o
 .debug_abbrev  0x00000e6b      0x131 build/default/production/_ext/1360937237/app2.o
 .debug_abbrev  0x00000f9c       0x36 build/default/production/_ext/1360937237/main.o
 .debug_abbrev  0x00000fd2      0x176 build/default/production/_ext/1360937237/fm14_app.o
 .debug_abbrev  0x00001148      0x1fa build/default/production/_ext/1360937237/mytest_1.o
 .debug_abbrev  0x00001342      0x13c build/default/production/_ext/1036670253/fm14.o
 .debug_abbrev  0x0000147e      0x141 build/default/production/_ext/954485971/led.o
 .debug_abbrev  0x000015bf      0x265 build/default/production/_ext/1062952361/XcpBasic.o
 .debug_abbrev  0x00001824      0x103 build/default/production/_ext/1062952361/xcp_par.o
 .debug_abbrev  0x00001927      0x2a2 build/default/production/_ext/1062952361/xcp_usb.o
 .debug_abbrev  0x00001bc9      0x2c0 build/default/production/_ext/831465284/drv_usb.o
 .debug_abbrev  0x00001e89      0x25b build/default/production/_ext/831465284/drv_usb_device.o
 .debug_abbrev  0x000020e4      0x131 build/default/production/_ext/308321468/osal_freertos.o
 .debug_abbrev  0x00002215      0x1dc build/default/production/_ext/482662494/sys_devcon.o
 .debug_abbrev  0x000023f1       0xde build/default/production/_ext/482662494/sys_devcon_pic32mx.o
 .debug_abbrev  0x000024cf       0xf2 build/default/production/_ext/1042686532/sys_int_pic32.o
 .debug_abbrev  0x000025c1       0xf6 build/default/production/_ext/826631961/sys_ports.o
 .debug_abbrev  0x000026b7      0x2db build/default/production/_ext/2136608937/usb_device.o
 .debug_abbrev  0x00002992      0x2e4 build/default/production/_ext/2136608937/usb_device_cdc.o
 .debug_abbrev  0x00002c76      0x1a9 build/default/production/_ext/2136608937/usb_device_cdc_acm.o
 .debug_abbrev  0x00002e1f       0xe2 build/default/production/_ext/1107379230/heap_1.o
 .debug_abbrev  0x00002f01      0x25b build/default/production/_ext/1282498059/port.o
 .debug_abbrev  0x0000315c       0x14 build/default/production/_ext/1282498059/port_asm.o
 .debug_abbrev  0x00003170      0x1bb build/default/production/_ext/373060831/croutine.o
 .debug_abbrev  0x0000332b       0xda build/default/production/_ext/373060831/list.o
 .debug_abbrev  0x00003405      0x190 build/default/production/_ext/373060831/queue.o
 .debug_abbrev  0x00003595      0x1c7 build/default/production/_ext/373060831/tasks.o
 .debug_abbrev  0x0000375c       0x1f build/default/production/_ext/373060831/timers.o
 .debug_abbrev  0x0000377b      0x164 build/default/production/_ext/373060831/event_groups.o
 .debug_abbrev  0x000038df       0x61 c:/program files (x86)/microchip/xc32/v1.31/bin/../lib/gcc/pic32mx/4.5.2\libgcc.a(floatunsisf.o)
 .debug_abbrev  0x00003940       0x23 c:/program files (x86)/microchip/xc32/v1.31/bin/../lib/gcc/pic32mx/4.5.2/../../../../pic32mx/lib\libpic32.a(default-bootstrap-exception-handler.o)
 .debug_abbrev  0x00003963       0x23 c:/program files (x86)/microchip/xc32/v1.31/bin/../lib/gcc/pic32mx/4.5.2/../../../../pic32mx/lib\libpic32.a(default-on-reset.o)
 .debug_abbrev  0x00003986       0x23 c:/program files (x86)/microchip/xc32/v1.31/bin/../lib/gcc/pic32mx/4.5.2/../../../../pic32mx/lib\libpic32.a(default-on-bootstrap.o)
 .debug_abbrev  0x000039a9       0x23 c:/program files (x86)/microchip/xc32/v1.31/bin/../lib/gcc/pic32mx/4.5.2/../../../../pic32mx/lib\libpic32.a(default-general-exception-handler.o)
 .debug_abbrev  0x000039cc       0x23 c:/program files (x86)/microchip/xc32/v1.31/bin/../lib/gcc/pic32mx/4.5.2/../../../../pic32mx/lib\libpic32.a(defaultinterrupt.o)

.debug_line     0x00000000     0x9363
 *(.debug_line)
 .debug_line    0x00000000      0x32e build/default/production/_ext/337818580/drv_can_static.o
 .debug_line    0x0000032e      0x3c2 build/default/production/_ext/12144542/drv_i2c_static.o
 .debug_line    0x000006f0      0x205 build/default/production/_ext/664138601/drv_pmp_static.o
 .debug_line    0x000008f5      0x3d5 build/default/production/_ext/2077795248/drv_spi_static.o
 .debug_line    0x00000cca      0x36a build/default/production/_ext/639803181/sys_clk_static.o
 .debug_line    0x00001034      0x176 build/default/production/_ext/822048611/sys_ports_static.o
 .debug_line    0x000011aa      0x5b7 build/default/production/_ext/1688732426/system_init.o
 .debug_line    0x00001761      0x298 build/default/production/_ext/1688732426/system_interrupt.o
 .debug_line    0x000019f9      0x412 build/default/production/_ext/1688732426/system_tasks.o
 .debug_line    0x00001e0b       0x7b build/default/production/_ext/1688732426/system_interrupt_a.o
 .debug_line    0x00001e86      0x152 build/default/production/_ext/1688732426/rtos_hooks.o
 .debug_line    0x00001fd8      0x227 build/default/production/_ext/1360937237/app.o
 .debug_line    0x000021ff      0x228 build/default/production/_ext/1360937237/app1.o
 .debug_line    0x00002427      0x22a build/default/production/_ext/1360937237/app2.o
 .debug_line    0x00002651       0x7b build/default/production/_ext/1360937237/main.o
 .debug_line    0x000026cc      0x2ec build/default/production/_ext/1360937237/fm14_app.o
 .debug_line    0x000029b8      0x3c8 build/default/production/_ext/1360937237/mytest_1.o
 .debug_line    0x00002d80      0x39b build/default/production/_ext/1036670253/fm14.o
 .debug_line    0x0000311b      0x37d build/default/production/_ext/954485971/led.o
 .debug_line    0x00003498      0x762 build/default/production/_ext/1062952361/XcpBasic.o
 .debug_line    0x00003bfa      0x2b0 build/default/production/_ext/1062952361/xcp_par.o
 .debug_line    0x00003eaa      0x54b build/default/production/_ext/1062952361/xcp_usb.o
 .debug_line    0x000043f5      0x61a build/default/production/_ext/831465284/drv_usb.o
 .debug_line    0x00004a0f      0x8be build/default/production/_ext/831465284/drv_usb_device.o
 .debug_line    0x000052cd      0x2e1 build/default/production/_ext/308321468/osal_freertos.o
 .debug_line    0x000055ae      0x418 build/default/production/_ext/482662494/sys_devcon.o
 .debug_line    0x000059c6      0x245 build/default/production/_ext/482662494/sys_devcon_pic32mx.o
 .debug_line    0x00005c0b      0x203 build/default/production/_ext/1042686532/sys_int_pic32.o
 .debug_line    0x00005e0e      0x4d7 build/default/production/_ext/826631961/sys_ports.o
 .debug_line    0x000062e5      0xa80 build/default/production/_ext/2136608937/usb_device.o
 .debug_line    0x00006d65      0x67b build/default/production/_ext/2136608937/usb_device_cdc.o
 .debug_line    0x000073e0      0x2b7 build/default/production/_ext/2136608937/usb_device_cdc_acm.o
 .debug_line    0x00007697      0x16d build/default/production/_ext/1107379230/heap_1.o
 .debug_line    0x00007804      0x248 build/default/production/_ext/1282498059/port.o
 .debug_line    0x00007a4c      0x105 build/default/production/_ext/1282498059/port_asm.o
 .debug_line    0x00007b51      0x289 build/default/production/_ext/373060831/croutine.o
 .debug_line    0x00007dda      0x1f5 build/default/production/_ext/373060831/list.o
 .debug_line    0x00007fcf      0x50f build/default/production/_ext/373060831/queue.o
 .debug_line    0x000084de      0x80d build/default/production/_ext/373060831/tasks.o
 .debug_line    0x00008ceb       0x1d build/default/production/_ext/373060831/timers.o
 .debug_line    0x00008d08      0x2ff build/default/production/_ext/373060831/event_groups.o
 .debug_line    0x00009007       0x8e c:/program files (x86)/microchip/xc32/v1.31/bin/../lib/gcc/pic32mx/4.5.2\libgcc.a(floatunsisf.o)
 .debug_line    0x00009095       0x97 c:/program files (x86)/microchip/xc32/v1.31/bin/../lib/gcc/pic32mx/4.5.2/../../../../pic32mx/lib\libpic32.a(default-bootstrap-exception-handler.o)
 .debug_line    0x0000912c       0x84 c:/program files (x86)/microchip/xc32/v1.31/bin/../lib/gcc/pic32mx/4.5.2/../../../../pic32mx/lib\libpic32.a(default-on-reset.o)
 .debug_line    0x000091b0       0x88 c:/program files (x86)/microchip/xc32/v1.31/bin/../lib/gcc/pic32mx/4.5.2/../../../../pic32mx/lib\libpic32.a(default-on-bootstrap.o)
 .debug_line    0x00009238       0x95 c:/program files (x86)/microchip/xc32/v1.31/bin/../lib/gcc/pic32mx/4.5.2/../../../../pic32mx/lib\libpic32.a(default-general-exception-handler.o)
 .debug_line    0x000092cd       0x96 c:/program files (x86)/microchip/xc32/v1.31/bin/../lib/gcc/pic32mx/4.5.2/../../../../pic32mx/lib\libpic32.a(defaultinterrupt.o)

.debug_frame    0x00000000     0x2ad0
 *(.debug_frame)
 .debug_frame   0x00000000       0xb8 build/default/production/_ext/337818580/drv_can_static.o
 .debug_frame   0x000000b8      0x208 build/default/production/_ext/12144542/drv_i2c_static.o
 .debug_frame   0x000002c0       0x80 build/default/production/_ext/664138601/drv_pmp_static.o
 .debug_frame   0x00000340      0x130 build/default/production/_ext/2077795248/drv_spi_static.o
 .debug_frame   0x00000470       0x80 build/default/production/_ext/639803181/sys_clk_static.o
 .debug_frame   0x000004f0       0x2c build/default/production/_ext/822048611/sys_ports_static.o
 .debug_frame   0x0000051c       0x2c build/default/production/_ext/1688732426/system_init.o
 .debug_frame   0x00000548       0x2c build/default/production/_ext/1688732426/system_interrupt.o
 .debug_frame   0x00000574       0x9c build/default/production/_ext/1688732426/system_tasks.o
 .debug_frame   0x00000610       0x48 build/default/production/_ext/1688732426/rtos_hooks.o
 .debug_frame   0x00000658       0x48 build/default/production/_ext/1360937237/app.o
 .debug_frame   0x000006a0       0x48 build/default/production/_ext/1360937237/app1.o
 .debug_frame   0x000006e8       0x48 build/default/production/_ext/1360937237/app2.o
 .debug_frame   0x00000730       0x2c build/default/production/_ext/1360937237/main.o
 .debug_frame   0x0000075c       0x2c build/default/production/_ext/1360937237/fm14_app.o
 .debug_frame   0x00000788       0x64 build/default/production/_ext/1360937237/mytest_1.o
 .debug_frame   0x000007ec      0x160 build/default/production/_ext/1036670253/fm14.o
 .debug_frame   0x0000094c       0xb8 build/default/production/_ext/954485971/led.o
 .debug_frame   0x00000a04      0x2ec build/default/production/_ext/1062952361/XcpBasic.o
 .debug_frame   0x00000cf0       0xd4 build/default/production/_ext/1062952361/xcp_usb.o
 .debug_frame   0x00000dc4      0x144 build/default/production/_ext/831465284/drv_usb.o
 .debug_frame   0x00000f08      0x240 build/default/production/_ext/831465284/drv_usb_device.o
 .debug_frame   0x00001148      0x198 build/default/production/_ext/308321468/osal_freertos.o
 .debug_frame   0x000012e0      0x160 build/default/production/_ext/482662494/sys_devcon.o
 .debug_frame   0x00001440       0x2c build/default/production/_ext/482662494/sys_devcon_pic32mx.o
 .debug_frame   0x0000146c       0x80 build/default/production/_ext/1042686532/sys_int_pic32.o
 .debug_frame   0x000014ec      0x320 build/default/production/_ext/826631961/sys_ports.o
 .debug_frame   0x0000180c      0x454 build/default/production/_ext/2136608937/usb_device.o
 .debug_frame   0x00001c60      0x198 build/default/production/_ext/2136608937/usb_device_cdc.o
 .debug_frame   0x00001df8       0x2c build/default/production/_ext/2136608937/usb_device_cdc_acm.o
 .debug_frame   0x00001e24       0x80 build/default/production/_ext/1107379230/heap_1.o
 .debug_frame   0x00001ea4       0xf0 build/default/production/_ext/1282498059/port.o
 .debug_frame   0x00001f94       0xd4 build/default/production/_ext/373060831/croutine.o
 .debug_frame   0x00002068       0x9c build/default/production/_ext/373060831/list.o
 .debug_frame   0x00002104      0x294 build/default/production/_ext/373060831/queue.o
 .debug_frame   0x00002398      0x51c build/default/production/_ext/373060831/tasks.o
 .debug_frame   0x000028b4      0x144 build/default/production/_ext/373060831/event_groups.o
 .debug_frame   0x000029f8       0x28 c:/program files (x86)/microchip/xc32/v1.31/bin/../lib/gcc/pic32mx/4.5.2\libgcc.a(floatunsisf.o)
 .debug_frame   0x00002a20       0x28 c:/program files (x86)/microchip/xc32/v1.31/bin/../lib/gcc/pic32mx/4.5.2/../../../../pic32mx/lib\libpic32.a(default-bootstrap-exception-handler.o)
 .debug_frame   0x00002a48       0x20 c:/program files (x86)/microchip/xc32/v1.31/bin/../lib/gcc/pic32mx/4.5.2/../../../../pic32mx/lib\libpic32.a(default-on-reset.o)
 .debug_frame   0x00002a68       0x20 c:/program files (x86)/microchip/xc32/v1.31/bin/../lib/gcc/pic32mx/4.5.2/../../../../pic32mx/lib\libpic32.a(default-on-bootstrap.o)
 .debug_frame   0x00002a88       0x28 c:/program files (x86)/microchip/xc32/v1.31/bin/../lib/gcc/pic32mx/4.5.2/../../../../pic32mx/lib\libpic32.a(default-general-exception-handler.o)
 .debug_frame   0x00002ab0       0x20 c:/program files (x86)/microchip/xc32/v1.31/bin/../lib/gcc/pic32mx/4.5.2/../../../../pic32mx/lib\libpic32.a(defaultinterrupt.o)

.debug_str      0x00000000     0xa795
 *(.debug_str)
 .debug_str     0x00000000      0x94d build/default/production/_ext/337818580/drv_can_static.o
 .debug_str     0x0000094d       0x2d build/default/production/_ext/12144542/drv_i2c_static.o
 .debug_str     0x0000097a        0x0 build/default/production/_ext/664138601/drv_pmp_static.o
 .debug_str     0x0000097a      0x9e0 build/default/production/_ext/2077795248/drv_spi_static.o
 .debug_str     0x0000135a      0x99a build/default/production/_ext/639803181/sys_clk_static.o
 .debug_str     0x00001cf4        0x0 build/default/production/_ext/822048611/sys_ports_static.o
 .debug_str     0x00001cf4      0xb00 build/default/production/_ext/1688732426/system_init.o
 .debug_str     0x000027f4      0x99a build/default/production/_ext/1688732426/system_interrupt.o
 .debug_str     0x0000318e      0x9a8 build/default/production/_ext/1688732426/system_tasks.o
 .debug_str     0x00003b36        0x9 build/default/production/_ext/1688732426/rtos_hooks.o
 .debug_str     0x00003b3f      0x99a build/default/production/_ext/1360937237/app.o
 .debug_str     0x000044d9      0x99a build/default/production/_ext/1360937237/app1.o
 .debug_str     0x00004e73      0x99a build/default/production/_ext/1360937237/app2.o
 .debug_str     0x0000580d        0x0 build/default/production/_ext/1360937237/main.o
 .debug_str     0x0000580d      0x9a5 build/default/production/_ext/1360937237/fm14_app.o
 .debug_str     0x000061b2      0x9a5 build/default/production/_ext/1360937237/mytest_1.o
 .debug_str     0x00006b57      0x9ba build/default/production/_ext/1036670253/fm14.o
 .debug_str     0x00007511      0x9a2 build/default/production/_ext/954485971/led.o
 .debug_str     0x00007eb3      0x9a8 build/default/production/_ext/1062952361/XcpBasic.o
 .debug_str     0x0000885b      0x99a build/default/production/_ext/1062952361/xcp_par.o
 .debug_str     0x000091f5      0xa56 build/default/production/_ext/1062952361/xcp_usb.o
 .debug_str     0x00009c4b       0x93 build/default/production/_ext/831465284/drv_usb.o
 .debug_str     0x00009cde       0xe9 build/default/production/_ext/831465284/drv_usb_device.o
 .debug_str     0x00009dc7       0x40 build/default/production/_ext/308321468/osal_freertos.o
 .debug_str     0x00009e07       0x23 build/default/production/_ext/482662494/sys_devcon.o
 .debug_str     0x00009e2a       0x49 build/default/production/_ext/482662494/sys_devcon_pic32mx.o
 .debug_str     0x00009e73        0x0 build/default/production/_ext/1042686532/sys_int_pic32.o
 .debug_str     0x00009e73       0x34 build/default/production/_ext/826631961/sys_ports.o
 .debug_str     0x00009ea7      0x2c1 build/default/production/_ext/2136608937/usb_device.o
 .debug_str     0x0000a168      0x1b0 build/default/production/_ext/2136608937/usb_device_cdc.o
 .debug_str     0x0000a318       0x21 build/default/production/_ext/2136608937/usb_device_cdc_acm.o
 .debug_str     0x0000a339        0x0 build/default/production/_ext/1107379230/heap_1.o
 .debug_str     0x0000a339       0x6a build/default/production/_ext/1282498059/port.o
 .debug_str     0x0000a3a3       0x59 build/default/production/_ext/373060831/croutine.o
 .debug_str     0x0000a3fc       0x2b build/default/production/_ext/373060831/list.o
 .debug_str     0x0000a427       0xff build/default/production/_ext/373060831/queue.o
 .debug_str     0x0000a526      0x189 build/default/production/_ext/373060831/tasks.o
 .debug_str     0x0000a6af        0x0 build/default/production/_ext/373060831/timers.o
 .debug_str     0x0000a6af       0xe6 build/default/production/_ext/373060831/event_groups.o
 .debug_str     0x0000a795        0x0 c:/program files (x86)/microchip/xc32/v1.31/bin/../lib/gcc/pic32mx/4.5.2\libgcc.a(floatunsisf.o)
 .debug_str     0x0000a795        0x0 c:/program files (x86)/microchip/xc32/v1.31/bin/../lib/gcc/pic32mx/4.5.2/../../../../pic32mx/lib\libpic32.a(default-bootstrap-exception-handler.o)
 .debug_str     0x0000a795        0x0 c:/program files (x86)/microchip/xc32/v1.31/bin/../lib/gcc/pic32mx/4.5.2/../../../../pic32mx/lib\libpic32.a(default-on-reset.o)
 .debug_str     0x0000a795        0x0 c:/program files (x86)/microchip/xc32/v1.31/bin/../lib/gcc/pic32mx/4.5.2/../../../../pic32mx/lib\libpic32.a(default-on-bootstrap.o)
 .debug_str     0x0000a795        0x0 c:/program files (x86)/microchip/xc32/v1.31/bin/../lib/gcc/pic32mx/4.5.2/../../../../pic32mx/lib\libpic32.a(default-general-exception-handler.o)
 .debug_str     0x0000a795        0x0 c:/program files (x86)/microchip/xc32/v1.31/bin/../lib/gcc/pic32mx/4.5.2/../../../../pic32mx/lib\libpic32.a(defaultinterrupt.o)

.debug_loc      0x00000000       0x68
 *(.debug_loc)
 .debug_loc     0x00000000       0x68 c:/program files (x86)/microchip/xc32/v1.31/bin/../lib/gcc/pic32mx/4.5.2\libgcc.a(floatunsisf.o)

.debug_macinfo
 *(.debug_macinfo)

.debug_weaknames
 *(.debug_weaknames)

.debug_funcnames
 *(.debug_funcnames)

.debug_typenames
 *(.debug_typenames)

.debug_varnames
 *(.debug_varnames)

.debug_pubtypes
                0x00000000     0x2f0e
 *(.debug_pubtypes)
 .debug_pubtypes
                0x00000000       0xbe build/default/production/_ext/337818580/drv_can_static.o
 .debug_pubtypes
                0x000000be       0x41 build/default/production/_ext/12144542/drv_i2c_static.o
 .debug_pubtypes
                0x000000ff       0x21 build/default/production/_ext/664138601/drv_pmp_static.o
 .debug_pubtypes
                0x00000120       0x83 build/default/production/_ext/2077795248/drv_spi_static.o
 .debug_pubtypes
                0x000001a3       0xfc build/default/production/_ext/639803181/sys_clk_static.o
 .debug_pubtypes
                0x0000029f       0x12 build/default/production/_ext/822048611/sys_ports_static.o
 .debug_pubtypes
                0x000002b1      0x258 build/default/production/_ext/1688732426/system_init.o
 .debug_pubtypes
                0x00000509       0xab build/default/production/_ext/1688732426/system_interrupt.o
 .debug_pubtypes
                0x000005b4       0xcd build/default/production/_ext/1688732426/system_tasks.o
 .debug_pubtypes
                0x00000681       0x32 build/default/production/_ext/1688732426/rtos_hooks.o
 .debug_pubtypes
                0x000006b3       0x75 build/default/production/_ext/1360937237/app.o
 .debug_pubtypes
                0x00000728       0x75 build/default/production/_ext/1360937237/app1.o
 .debug_pubtypes
                0x0000079d       0x75 build/default/production/_ext/1360937237/app2.o
 .debug_pubtypes
                0x00000812       0x12 build/default/production/_ext/1360937237/main.o
 .debug_pubtypes
                0x00000824       0x80 build/default/production/_ext/1360937237/fm14_app.o
 .debug_pubtypes
                0x000008a4      0x105 build/default/production/_ext/1360937237/mytest_1.o
 .debug_pubtypes
                0x000009a9       0x8f build/default/production/_ext/1036670253/fm14.o
 .debug_pubtypes
                0x00000a38       0x8e build/default/production/_ext/954485971/led.o
 .debug_pubtypes
                0x00000ac6      0x103 build/default/production/_ext/1062952361/XcpBasic.o
 .debug_pubtypes
                0x00000bc9       0x80 build/default/production/_ext/1062952361/xcp_par.o
 .debug_pubtypes
                0x00000c49      0x466 build/default/production/_ext/1062952361/xcp_usb.o
 .debug_pubtypes
                0x000010af      0x344 build/default/production/_ext/831465284/drv_usb.o
 .debug_pubtypes
                0x000013f3      0x337 build/default/production/_ext/831465284/drv_usb_device.o
 .debug_pubtypes
                0x0000172a      0x14e build/default/production/_ext/308321468/osal_freertos.o
 .debug_pubtypes
                0x00001878       0xe6 build/default/production/_ext/482662494/sys_devcon.o
 .debug_pubtypes
                0x0000195e       0x24 build/default/production/_ext/482662494/sys_devcon_pic32mx.o
 .debug_pubtypes
                0x00001982       0x6a build/default/production/_ext/1042686532/sys_int_pic32.o
 .debug_pubtypes
                0x000019ec      0x189 build/default/production/_ext/826631961/sys_ports.o
 .debug_pubtypes
                0x00001b75      0x55b build/default/production/_ext/2136608937/usb_device.o
 .debug_pubtypes
                0x000020d0      0x5fd build/default/production/_ext/2136608937/usb_device_cdc.o
 .debug_pubtypes
                0x000026cd      0x19d build/default/production/_ext/2136608937/usb_device_cdc_acm.o
 .debug_pubtypes
                0x0000286a       0x3a build/default/production/_ext/1107379230/heap_1.o
 .debug_pubtypes
                0x000028a4       0xb7 build/default/production/_ext/1282498059/port.o
 .debug_pubtypes
                0x0000295b      0x10b build/default/production/_ext/373060831/croutine.o
 .debug_pubtypes
                0x00002a66       0x9a build/default/production/_ext/373060831/list.o
 .debug_pubtypes
                0x00002b00      0x128 build/default/production/_ext/373060831/queue.o
 .debug_pubtypes
                0x00002c28      0x1a5 build/default/production/_ext/373060831/tasks.o
 .debug_pubtypes
                0x00002dcd       0x12 build/default/production/_ext/373060831/timers.o
 .debug_pubtypes
                0x00002ddf       0xfb build/default/production/_ext/373060831/event_groups.o
 .debug_pubtypes
                0x00002eda       0x34 c:/program files (x86)/microchip/xc32/v1.31/bin/../lib/gcc/pic32mx/4.5.2\libgcc.a(floatunsisf.o)

.debug_ranges   0x00000000       0x20
 *(.debug_ranges)
 .debug_ranges  0x00000000       0x20 build/default/production/_ext/1688732426/system_interrupt_a.o

.gnu.attributes
                0x00000000       0x10
 *(.gnu.attributes)
 .gnu.attributes
                0x00000000       0x10 build/default/production/_ext/337818580/drv_can_static.o
 .gnu.attributes
                0x00000010       0x10 build/default/production/_ext/12144542/drv_i2c_static.o
 .gnu.attributes
                0x00000020       0x10 build/default/production/_ext/664138601/drv_pmp_static.o