Archive member included because of file (symbol)

..\..\..\..\..\bin\framework\peripheral\PIC32MX795F512L_peripherals.a(peripheral.o)
                              build/for_Bootloader/debug/_ext/482662494/sys_devcon_pic32mx.o (PLIB_BMX_ExistsDataRamWaitState)
c:/program files (x86)/microchip/xc32/v1.31/bin/../lib/gcc/pic32mx/4.5.2\libgcc.a(floatunsisf.o)
                              ..\..\..\..\..\bin\framework\peripheral\PIC32MX795F512L_peripherals.a(peripheral.o) (__floatunsisf)
c:/program files (x86)/microchip/xc32/v1.31/bin/../lib/gcc/pic32mx/4.5.2/../../../../pic32mx/lib\libpic32.a(memcmp.o)
                              build/for_Bootloader/debug/_ext/373060831/tasks.o (memcmp)
c:/program files (x86)/microchip/xc32/v1.31/bin/../lib/gcc/pic32mx/4.5.2/../../../../pic32mx/lib\libpic32.a(memcpy.o)
                              build/for_Bootloader/debug/_ext/1062952361/xcp_usb.o (memcpy)
c:/program files (x86)/microchip/xc32/v1.31/bin/../lib/gcc/pic32mx/4.5.2/../../../../pic32mx/lib\libpic32.a(memset.o)
                              build/for_Bootloader/debug/_ext/373060831/tasks.o (memset)
c:/program files (x86)/microchip/xc32/v1.31/bin/../lib/gcc/pic32mx/4.5.2/../../../../pic32mx/lib\libpic32.a(default-bootstrap-exception-handler.o)
                              c:/program files (x86)/microchip/xc32/v1.31/bin/../lib/gcc/pic32mx/4.5.2/../../../../pic32mx/lib/./proc/32MX795F512L/crt0_mips32r2.o (_bootstrap_exception_handler)
c:/program files (x86)/microchip/xc32/v1.31/bin/../lib/gcc/pic32mx/4.5.2/../../../../pic32mx/lib\libpic32.a(default-on-reset.o)
                              c:/program files (x86)/microchip/xc32/v1.31/bin/../lib/gcc/pic32mx/4.5.2/../../../../pic32mx/lib/./proc/32MX795F512L/crt0_mips32r2.o (_on_reset)
c:/program files (x86)/microchip/xc32/v1.31/bin/../lib/gcc/pic32mx/4.5.2/../../../../pic32mx/lib\libpic32.a(default-on-bootstrap.o)
                              c:/program files (x86)/microchip/xc32/v1.31/bin/../lib/gcc/pic32mx/4.5.2/../../../../pic32mx/lib/./proc/32MX795F512L/crt0_mips32r2.o (_on_bootstrap)
c:/program files (x86)/microchip/xc32/v1.31/bin/../lib/gcc/pic32mx/4.5.2/../../../../pic32mx/lib\libpic32.a(default-nmi-handler.o)
                              c:/program files (x86)/microchip/xc32/v1.31/bin/../lib/gcc/pic32mx/4.5.2/../../../../pic32mx/lib/./proc/32MX795F512L/crt0_mips32r2.o (_nmi_handler)
c:/program files (x86)/microchip/xc32/v1.31/bin/../lib/gcc/pic32mx/4.5.2/../../../../pic32mx/lib\libpic32.a(pic32_software_reset.o)
                              c:/program files (x86)/microchip/xc32/v1.31/bin/../lib/gcc/pic32mx/4.5.2/../../../../pic32mx/lib\libpic32.a(default-bootstrap-exception-handler.o) (__pic32_software_reset)
c:/program files (x86)/microchip/xc32/v1.31/bin/../lib/gcc/pic32mx/4.5.2/../../../../pic32mx/lib\libpic32.a(general-exception.o)
                              c:/program files (x86)/microchip/xc32/v1.31/bin/../lib/gcc/pic32mx/4.5.2/../../../../pic32mx/lib/./proc/32MX795F512L/crt0_mips32r2.o (_general_exception_context)
c:/program files (x86)/microchip/xc32/v1.31/bin/../lib/gcc/pic32mx/4.5.2/../../../../pic32mx/lib\libpic32.a(default-general-exception-handler.o)
                              c:/program files (x86)/microchip/xc32/v1.31/bin/../lib/gcc/pic32mx/4.5.2/../../../../pic32mx/lib\libpic32.a(general-exception.o) (_general_exception_handler)
c:/program files (x86)/microchip/xc32/v1.31/bin/../lib/gcc/pic32mx/4.5.2/../../../../pic32mx/lib\libm.a(fp32.o)
                              ..\..\..\..\..\bin\framework\peripheral\PIC32MX795F512L_peripherals.a(peripheral.o) (fpsub)

Allocating common symbols
Common symbol       size              file

gUSBDeviceCDCInstance
                    0x40              build/for_Bootloader/debug/_ext/2136608937/usb_device_cdc.o
pxDelayedTaskList   0x4               build/for_Bootloader/debug/_ext/373060831/tasks.o
endPointTable       0x60              build/for_Bootloader/debug/_ext/1688732426/system_init.o
WriteBuffer         0x40              build/for_Bootloader/debug/_ext/1062952361/xcp_usb.o
gUSBDeviceCDCIRP    0x6c              build/for_Bootloader/debug/_ext/2136608937/usb_device_cdc.o
USB_CDCData         0x28              build/for_Bootloader/debug/_ext/1062952361/xcp_usb.o
modeSeljunk         0x4               ..\..\..\..\..\bin\framework\peripheral\PIC32MX795F512L_peripherals.a(peripheral.o)
xDelayedCoRoutineList2
                    0x14              build/for_Bootloader/debug/_ext/373060831/croutine.o
sysObj              0x8               build/for_Bootloader/debug/_ext/1688732426/system_init.o
xDelayedCoRoutineList1
                    0x14              build/for_Bootloader/debug/_ext/373060831/croutine.o
BDT_ENTRY           0x8               build/for_Bootloader/debug/_ext/2077795248/drv_spi_static.o
pxReadyTasksLists   0x64              build/for_Bootloader/debug/_ext/373060831/tasks.o
pxOverflowDelayedTaskList
                    0x4               build/for_Bootloader/debug/_ext/373060831/tasks.o
[...]
Memory Configuration

Name             Origin             Length             Attributes
kseg0_program_mem 0x9d00d490         0x00073b70         xr
kseg0_boot_mem   0x9d00c000         0x00000000
exception_mem    0x9d00c000         0x00001000
kseg1_boot_mem   0x9d00d000         0x00000490
debug_exec_mem   0xbfc02000         0x00000ff0
config3          0xbfc02ff0         0x00000004
config2          0xbfc02ff4         0x00000004
config1          0xbfc02ff8         0x00000004
config0          0xbfc02ffc         0x00000004
kseg1_data_mem   0xa0000000         0x00020000         w !x
sfrs             0xbf800000         0x00100000
configsfrs       0xbfc02ff0         0x00000010
*default*        0x00000000         0xffffffff

Linker script and memory map

LOAD c:/program files (x86)/microchip/xc32/v1.31/bin/../lib/gcc/pic32mx/4.5.2/../../../../pic32mx/lib/./proc/32MX795F512L/crt0_mips32r2.o
                0x00000001                _DEBUGGER = 0x1
LOAD build/for_Bootloader/debug/_ext/12144542/drv_i2c_static.o
LOAD build/for_Bootloader/debug/_ext/664138601/drv_pmp_static.o
LOAD build/for_Bootloader/debug/_ext/2077795248/drv_spi_static.o
LOAD build/for_Bootloader/debug/_ext/639803181/sys_clk_static.o
LOAD build/for_Bootloader/debug/_ext/822048611/sys_ports_static.o
LOAD build/for_Bootloader/debug/_ext/1688732426/system_init.o
LOAD build/for_Bootloader/debug/_ext/1688732426/system_interrupt.o
LOAD build/for_Bootloader/debug/_ext/1688732426/system_tasks.o
LOAD build/for_Bootloader/debug/_ext/1688732426/system_interrupt_a.o
LOAD build/for_Bootloader/debug/_ext/1688732426/rtos_hooks.o
LOAD build/for_Bootloader/debug/_ext/1360937237/app.o
LOAD build/for_Bootloader/debug/_ext/1360937237/app1.o
LOAD build/for_Bootloader/debug/_ext/1360937237/app2.o
LOAD build/for_Bootloader/debug/_ext/1360937237/main.o
LOAD build/for_Bootloader/debug/_ext/1360937237/fm14_app.o
LOAD build/for_Bootloader/debug/_ext/1036670253/fm14.o
LOAD build/for_Bootloader/debug/_ext/954485971/led.o
LOAD build/for_Bootloader/debug/_ext/1062952361/XcpBasic.o
LOAD build/for_Bootloader/debug/_ext/1062952361/xcp_par.o
LOAD build/for_Bootloader/debug/_ext/1062952361/xcp_usb.o
LOAD build/for_Bootloader/debug/_ext/831465284/drv_usb.o
LOAD build/for_Bootloader/debug/_ext/831465284/drv_usb_device.o
LOAD build/for_Bootloader/debug/_ext/308321468/osal_freertos.o
LOAD build/for_Bootloader/debug/_ext/482662494/sys_devcon.o
LOAD build/for_Bootloader/debug/_ext/482662494/sys_devcon_pic32mx.o
LOAD build/for_Bootloader/debug/_ext/1042686532/sys_int_pic32.o
LOAD build/for_Bootloader/debug/_ext/826631961/sys_ports.o
LOAD build/for_Bootloader/debug/_ext/2136608937/usb_device.o
LOAD build/for_Bootloader/debug/_ext/2136608937/usb_device_cdc.o
LOAD build/for_Bootloader/debug/_ext/2136608937/usb_device_cdc_acm.o
LOAD build/for_Bootloader/debug/_ext/1107379230/heap_1.o
LOAD build/for_Bootloader/debug/_ext/1282498059/port.o
LOAD build/for_Bootloader/debug/_ext/1282498059/port_asm.o
LOAD build/for_Bootloader/debug/_ext/373060831/croutine.o
LOAD build/for_Bootloader/debug/_ext/373060831/list.o
LOAD build/for_Bootloader/debug/_ext/373060831/queue.o
LOAD build/for_Bootloader/debug/_ext/373060831/tasks.o
LOAD build/for_Bootloader/debug/_ext/373060831/timers.o
LOAD build/for_Bootloader/debug/_ext/373060831/event_groups.o
LOAD ..\..\..\..\..\bin\framework\peripheral\PIC32MX795F512L_peripherals.a
                0x00000001                __MPLAB_BUILD = 0x1
                0x00000400                PROVIDE (_min_stack_size, 0x400)
LOAD c:/program files (x86)/microchip/xc32/v1.31/bin/../lib/gcc/pic32mx/4.5.2/../../../../pic32mx/lib/./proc/32MX795F512L\processor.o
                0x00000001                PROVIDE (_vector_spacing, 0x1)
                0x9d00c000                _ebase_address = 0x9d00c000
                0x9d00d000                _RESET_ADDR = 0x9d00d000
                0x9d00d380                _BEV_EXCPT_ADDR = 0x9d00d380
                0x9d00d480                _DBG_EXCPT_ADDR = 0x9d00d480
                0xbfc02000                _DBG_CODE_ADDR = 0xbfc02000
                0x00000ff0                _DBG_CODE_SIZE = 0xff0
                0x9d00c180                _GEN_EXCPT_ADDR = (_ebase_address + 0x180)

.config_BFC02FF0
                0xbfc02ff0        0x4
 *(.config_BFC02FF0)
 .config_BFC02FF0
                0xbfc02ff0        0x4 build/for_Bootloader/debug/_ext/1688732426/system_init.o

.config_BFC02FF4
                0xbfc02ff4        0x4
 *(.config_BFC02FF4)
 .config_BFC02FF4
                0xbfc02ff4        0x4 build/for_Bootloader/debug/_ext/1688732426/system_init.o

.config_BFC02FF8
                0xbfc02ff8        0x4
 *(.config_BFC02FF8)
 .config_BFC02FF8
                0xbfc02ff8        0x4 build/for_Bootloader/debug/_ext/1688732426/system_init.o

.config_BFC02FFC
                0xbfc02ffc        0x4
 *(.config_BFC02FFC)
 .config_BFC02FFC
                0xbfc02ffc        0x4 build/for_Bootloader/debug/_ext/1688732426/system_init.o
                0xbfc02000                PROVIDE (_DBG_CODE_ADDR, 0xbfc02000)
                0x00000ff0                PROVIDE (_DBG_CODE_SIZE, 0xff0)

.reset          0x9d00d000      0x1e8
 *(.reset)
 .reset         0x9d00d000      0x1e8 c:/program files (x86)/microchip/xc32/v1.31/bin/../lib/gcc/pic32mx/4.5.2/../../../../pic32mx/lib/./proc/32MX795F512L/crt0_mips32r2.o
                0x9d00d000                _reset
 *(.reset.startup)

.bev_excpt      0x9d00d380       0x10
 *(.bev_handler)
 .bev_handler   0x9d00d380       0x10 c:/program files (x86)/microchip/xc32/v1.31/bin/../lib/gcc/pic32mx/4.5.2/../../../../pic32mx/lib/./proc/32MX795F512L/crt0_mips32r2.o

.dbg_excpt      0x9d00d480        0x8
                0x9d00d480                . = (. + DEFINED (_DEBUGGER)?0x8:0x0)
 *fill*         0x9d00d480        0x8 

.dbg_code       0xbfc02000      0xff0
                0xbfc02000                . = (. + DEFINED (_DEBUGGER)?_DBG_CODE_SIZE:0x0)
 *fill*         0xbfc02000      0xff0 

.app_excpt      0x9d00c180       0x10
 *(.gen_handler)
 .gen_handler   0x9d00c180       0x10 c:/program files (x86)/microchip/xc32/v1.31/bin/../lib/gcc/pic32mx/4.5.2/../../../../pic32mx/lib/./proc/32MX795F512L/crt0_mips32r2.o

.vector_0       0x9d00c200        0x0
 *(.vector_0)
                0x00000001                ASSERT (((_vector_spacing == 0x0) || (SIZEOF (.vector_0) <= (_vector_spacing << 0x5))), function at exception vector 0 too large)

.vector_1       0x9d00c220        0x8
 *(.vector_1)
 .vector_1      0x9d00c220        0x8 build/for_Bootloader/debug/_ext/1282498059/port.o
                0x9d00c220                __vector_dispatch_1
                0x00000001                ASSERT (((_vector_spacing == 0x0) || (SIZEOF (.vector_1) <= (_vector_spacing << 0x5))), function at exception vector 1 too large)

.vector_2       0x9d00c240        0x0
 *(.vector_2)
                0x00000001                ASSERT (((_vector_spacing == 0x0) || (SIZEOF (.vector_2) <= (_vector_spacing << 0x5))), function at exception vector 2 too large)

.vector_3       0x9d00c260        0x0
 *(.vector_3)
                0x00000001                ASSERT (((_vector_spacing == 0x0) || (SIZEOF (.vector_3) <= (_vector_spacing << 0x5))), function at exception vector 3 too large)

.vector_4       0x9d00c280        0x8
 *(.vector_4)
 .vector_4      0x9d00c280        0x8 build/for_Bootloader/debug/_ext/1282498059/port.o
                0x9d00c280                __vector_dispatch_4
                0x00000001                ASSERT (((_vector_spacing == 0x0) || (SIZEOF (.vector_4) <= (_vector_spacing << 0x5))), function at exception vector 4 too large)

.vector_5       0x9d00c2a0        0x0
 *(.vector_5)
                0x00000001                ASSERT (((_vector_spacing == 0x0) || (SIZEOF (.vector_5) <= (_vector_spacing << 0x5))), function at exception vector 5 too large)

.vector_6       0x9d00c2c0        0x0
 *(.vector_6)
                0x00000001                ASSERT (((_vector_spacing == 0x0) || (SIZEOF (.vector_6) <= (_vector_spacing << 0x5))), function at exception vector 6 too large)

.vector_7       0x9d00c2e0        0x0
 *(.vector_7)
                0x00000001                ASSERT (((_vector_spacing == 0x0) || (SIZEOF (.vector_7) <= (_vector_spacing << 0x5))), function at exception vector 7 too large)

.vector_8       0x9d00c300        0x0
 *(.vector_8)
                0x00000001                ASSERT (((_vector_spacing == 0x0) || (SIZEOF (.vector_8) <= (_vector_spacing << 0x5))), function at exception vector 8 too large)

.vector_9       0x9d00c320        0x0
 *(.vector_9)
                0x00000001                ASSERT (((_vector_spacing == 0x0) || (SIZEOF (.vector_9) <= (_vector_spacing << 0x5))), function at exception vector 9 too large)

.vector_10      0x9d00c340        0x0
 *(.vector_10)
                0x00000001                ASSERT (((_vector_spacing == 0x0) || (SIZEOF (.vector_10) <= (_vector_spacing << 0x5))), function at exception vector 10 too large)

.vector_11      0x9d00c360        0x0
 *(.vector_11)
                0x00000001                ASSERT (((_vector_spacing == 0x0) || (SIZEOF (.vector_11) <= (_vector_spacing << 0x5))), function at exception vector 11 too large)

.vector_12      0x9d00c380        0x0
 *(.vector_12)
                0x00000001                ASSERT (((_vector_spacing == 0x0) || (SIZEOF (.vector_12) <= (_vector_spacing << 0x5))), function at exception vector 12 too large)

.vector_13      0x9d00c3a0        0x0
 *(.vector_13)
                0x00000001                ASSERT (((_vector_spacing == 0x0) || (SIZEOF (.vector_13) <= (_vector_spacing << 0x5))), function at exception vector 13 too large)

.vector_14      0x9d00c3c0        0x0
 *(.vector_14)
                0x00000001                ASSERT (((_vector_spacing == 0x0) || (SIZEOF (.vector_14) <= (_vector_spacing << 0x5))), function at exception vector 14 too large)

.vector_15      0x9d00c3e0        0x0
 *(.vector_15)
                0x00000001                ASSERT (((_vector_spacing == 0x0) || (SIZEOF (.vector_15) <= (_vector_spacing << 0x5))), function at exception vector 15 too large)

.vector_16      0x9d00c400        0x0
 *(.vector_16)
                0x00000001                ASSERT (((_vector_spacing == 0x0) || (SIZEOF (.vector_16) <= (_vector_spacing << 0x5))), function at exception vector 16 too large)

.vector_17      0x9d00c420        0x0
 *(.vector_17)
                0x00000001                ASSERT (((_vector_spacing == 0x0) || (SIZEOF (.vector_17) <= (_vector_spacing << 0x5))), function at exception vector 17 too large)

.vector_18      0x9d00c440        0x0
 *(.vector_18)
                0x00000001                ASSERT (((_vector_spacing == 0x0) || (SIZEOF (.vector_18) <= (_vector_spacing << 0x5))), function at exception vector 18 too large)

.vector_19      0x9d00c460        0x0
 *(.vector_19)
                0x00000001                ASSERT (((_vector_spacing == 0x0) || (SIZEOF (.vector_19) <= (_vector_spacing << 0x5))), function at exception vector 19 too large)

.vector_20      0x9d00c480        0x0
 *(.vector_20)
                0x00000001                ASSERT (((_vector_spacing == 0x0) || (SIZEOF (.vector_20) <= (_vector_spacing << 0x5))), function at exception vector 20 too large)

.vector_21      0x9d00c4a0        0x0
 *(.vector_21)
                0x00000001                ASSERT (((_vector_spacing == 0x0) || (SIZEOF (.vector_21) <= (_vector_spacing << 0x5))), function at exception vector 21 too large)

.vector_22      0x9d00c4c0        0x0
 *(.vector_22)
                0x00000001                ASSERT (((_vector_spacing == 0x0) || (SIZEOF (.vector_22) <= (_vector_spacing << 0x5))), function at exception vector 22 too large)

.vector_23      0x9d00c4e0        0x0
 *(.vector_23)
                0x00000001                ASSERT (((_vector_spacing == 0x0) || (SIZEOF (.vector_23) <= (_vector_spacing << 0x5))), function at exception vector 23 too large)

.vector_24      0x9d00c500        0x0
 *(.vector_24)
                0x00000001                ASSERT (((_vector_spacing == 0x0) || (SIZEOF (.vector_24) <= (_vector_spacing << 0x5))), function at exception vector 24 too large)

.vector_25      0x9d00c520        0x0
 *(.vector_25)
                0x00000001                ASSERT (((_vector_spacing == 0x0) || (SIZEOF (.vector_25) <= (_vector_spacing << 0x5))), function at exception vector 25 too large)

.vector_26      0x9d00c540        0x0
 *(.vector_26)
                0x00000001                ASSERT (((_vector_spacing == 0x0) || (SIZEOF (.vector_26) <= (_vector_spacing << 0x5))), function at exception vector 26 too large)

.vector_27      0x9d00c560        0x0
 *(.vector_27)
                0x00000001                ASSERT (((_vector_spacing == 0x0) || (SIZEOF (.vector_27) <= (_vector_spacing << 0x5))), function at exception vector 27 too large)

.vector_28      0x9d00c580        0x0
 *(.vector_28)
                0x00000001                ASSERT (((_vector_spacing == 0x0) || (SIZEOF (.vector_28) <= (_vector_spacing << 0x5))), function at exception vector 28 too large)

.vector_29      0x9d00c5a0        0x0
 *(.vector_29)
                0x00000001                ASSERT (((_vector_spacing == 0x0) || (SIZEOF (.vector_29) <= (_vector_spacing << 0x5))), function at exception vector 29 too large)

.vector_30      0x9d00c5c0        0x0
 *(.vector_30)
                0x00000001                ASSERT (((_vector_spacing == 0x0) || (SIZEOF (.vector_30) <= (_vector_spacing << 0x5))), function at exception vector 30 too large)

.vector_31      0x9d00c5e0        0x0
 *(.vector_31)
                0x00000001                ASSERT (((_vector_spacing == 0x0) || (SIZEOF (.vector_31) <= (_vector_spacing << 0x5))), function at exception vector 31 too large)

.vector_32      0x9d00c600        0x0
 *(.vector_32)
                0x00000001                ASSERT (((_vector_spacing == 0x0) || (SIZEOF (.vector_32) <= (_vector_spacing << 0x5))), function at exception vector 32 too large)

.vector_33      0x9d00c620        0x0
 *(.vector_33)
                0x00000001                ASSERT (((_vector_spacing == 0x0) || (SIZEOF (.vector_33) <= (_vector_spacing << 0x5))), function at exception vector 33 too large)

.vector_34      0x9d00c640        0x0
 *(.vector_34)
                0x00000001                ASSERT (((_vector_spacing == 0x0) || (SIZEOF (.vector_34) <= (_vector_spacing << 0x5))), function at exception vector 34 too large)

.vector_35      0x9d00c660        0x0
 *(.vector_35)
                0x00000001                ASSERT (((_vector_spacing == 0x0) || (SIZEOF (.vector_35) <= (_vector_spacing << 0x5))), function at exception vector 35 too large)

.vector_36      0x9d00c680        0x0
 *(.vector_36)
                0x00000001                ASSERT (((_vector_spacing == 0x0) || (SIZEOF (.vector_36) <= (_vector_spacing << 0x5))), function at exception vector 36 too large)

.vector_37      0x9d00c6a0        0x0
 *(.vector_37)
                0x00000001                ASSERT (((_vector_spacing == 0x0) || (SIZEOF (.vector_37) <= (_vector_spacing << 0x5))), function at exception vector 37 too large)

.vector_38      0x9d00c6c0        0x0
 *(.vector_38)
                0x00000001                ASSERT (((_vector_spacing == 0x0) || (SIZEOF (.vector_38) <= (_vector_spacing << 0x5))), function at exception vector 38 too large)

.vector_39      0x9d00c6e0        0x0
 *(.vector_39)
                0x00000001                ASSERT (((_vector_spacing == 0x0) || (SIZEOF (.vector_39) <= (_vector_spacing << 0x5))), function at exception vector 39 too large)

.vector_40      0x9d00c700        0x0
 *(.vector_40)
                0x00000001                ASSERT (((_vector_spacing == 0x0) || (SIZEOF (.vector_40) <= (_vector_spacing << 0x5))), function at exception vector 40 too large)

.vector_41      0x9d00c720        0x0
 *(.vector_41)
                0x00000001                ASSERT (((_vector_spacing == 0x0) || (SIZEOF (.vector_41) <= (_vector_spacing << 0x5))), function at exception vector 41 too large)

.vector_42      0x9d00c740        0x0
 *(.vector_42)
                0x00000001                ASSERT (((_vector_spacing == 0x0) || (SIZEOF (.vector_42) <= (_vector_spacing << 0x5))), function at exception vector 42 too large)

.vector_43      0x9d00c760        0x0
 *(.vector_43)
                0x00000001                ASSERT (((_vector_spacing == 0x0) || (SIZEOF (.vector_43) <= (_vector_spacing << 0x5))), function at exception vector 43 too large)

.vector_44      0x9d00c780        0x0
 *(.vector_44)
                0x00000001                ASSERT (((_vector_spacing == 0x0) || (SIZEOF (.vector_44) <= (_vector_spacing << 0x5))), function at exception vector 44 too large)

.vector_45      0x9d00c7a0       0x10
 *(.vector_45)
 .vector_45     0x9d00c7a0       0x10 build/for_Bootloader/debug/_ext/1688732426/system_interrupt_a.o
                0x9d00c7a0                __vector_dispatch_45
                0x00000001                ASSERT (((_vector_spacing == 0x0) || (SIZEOF (.vector_45) <= (_vector_spacing << 0x5))), function at exception vector 45 too large)

.vector_46      0x9d00c7c0        0x0
 *(.vector_46)
                0x00000001                ASSERT (((_vector_spacing == 0x0) || (SIZEOF (.vector_46) <= (_vector_spacing << 0x5))), function at exception vector 46 too large)

.vector_47      0x9d00c7e0        0x0
 *(.vector_47)
                0x00000001                ASSERT (((_vector_spacing == 0x0) || (SIZEOF (.vector_47) <= (_vector_spacing << 0x5))), function at exception vector 47 too large)

.vector_48      0x9d00c800        0x0
 *(.vector_48)
                0x00000001                ASSERT (((_vector_spacing == 0x0) || (SIZEOF (.vector_48) <= (_vector_spacing << 0x5))), function at exception vector 48 too large)

.vector_49      0x9d00c820        0x0
 *(.vector_49)
                0x00000001                ASSERT (((_vector_spacing == 0x0) || (SIZEOF (.vector_49) <= (_vector_spacing << 0x5))), function at exception vector 49 too large)

.vector_50      0x9d00c840        0x0
 *(.vector_50)
                0x00000001                ASSERT (((_vector_spacing == 0x0) || (SIZEOF (.vector_50) <= (_vector_spacing << 0x5))), function at exception vector 50 too large)

.vector_51      0x9d00c860        0x0
 *(.vector_51)
                0x00000001                ASSERT (((_vector_spacing == 0x0) || (SIZEOF (.vector_51) <= (_vector_spacing << 0x5))), function at exception vector 51 too large)

.vector_52      0x9d00c880        0x0
 *(.vector_52)
                0x00000001                ASSERT (((_vector_spacing == 0x0) || (SIZEOF (.vector_52) <= (_vector_spacing << 0x5))), function at exception vector 52 too large)

.vector_53      0x9d00c8a0        0x0
 *(.vector_53)
                0x00000001                ASSERT (((_vector_spacing == 0x0) || (SIZEOF (.vector_53) <= (_vector_spacing << 0x5))), function at exception vector 53 too large)

.vector_54      0x9d00c8c0        0x0
 *(.vector_54)
                0x00000001                ASSERT (((_vector_spacing == 0x0) || (SIZEOF (.vector_54) <= (_vector_spacing << 0x5))), function at exception vector 54 too large)

.vector_55      0x9d00c8e0        0x0
 *(.vector_55)
                0x00000001                ASSERT (((_vector_spacing == 0x0) || (SIZEOF (.vector_55) <= (_vector_spacing << 0x5))), function at exception vector 55 too large)

.vector_56      0x9d00c900        0x0
 *(.vector_56)
                0x00000001                ASSERT (((_vector_spacing == 0x0) || (SIZEOF (.vector_56) <= (_vector_spacing << 0x5))), function at exception vector 56 too large)

.vector_57      0x9d00c920        0x0
 *(.vector_57)
                0x00000001                ASSERT (((_vector_spacing == 0x0) || (SIZEOF (.vector_57) <= (_vector_spacing << 0x5))), function at exception vector 57 too large)

.vector_58      0x9d00c940        0x0
 *(.vector_58)
                0x00000001                ASSERT (((_vector_spacing == 0x0) || (SIZEOF (.vector_58) <= (_vector_spacing << 0x5))), function at exception vector 58 too large)

.vector_59      0x9d00c960        0x0
 *(.vector_59)
                0x00000001                ASSERT (((_vector_spacing == 0x0) || (SIZEOF (.vector_59) <= (_vector_spacing << 0x5))), function at exception vector 59 too large)

.vector_60      0x9d00c980        0x0
 *(.vector_60)
                0x00000001                ASSERT (((_vector_spacing == 0x0) || (SIZEOF (.vector_60) <= (_vector_spacing << 0x5))), function at exception vector 60 too large)

.vector_61      0x9d00c9a0        0x0
 *(.vector_61)
                0x00000001                ASSERT (((_vector_spacing == 0x0) || (SIZEOF (.vector_61) <= (_vector_spacing << 0x5))), function at exception vector 61 too large)

.vector_62      0x9d00c9c0        0x0
 *(.vector_62)
                0x00000001                ASSERT (((_vector_spacing == 0x0) || (SIZEOF (.vector_62) <= (_vector_spacing << 0x5))), function at exception vector 62 too large)

.vector_63      0x9d00c9e0        0x0
 *(.vector_63)
                0x00000001                ASSERT (((_vector_spacing == 0x0) || (SIZEOF (.vector_63) <= (_vector_spacing << 0x5))), function at exception vector 63 too large)

.startup
 *(.startup)

.text           0x9d00d490        0x0
 *(.stub .gnu.linkonce.t.*)
 *(.text.*personality*)
 *(.mips16.fn.*)
 *(.mips16.call.*)
 *(.gnu.warning)
                0x9d00d490                . = ALIGN (0x4)

.init           0x9d00d490        0x0
 *crti.o(.init)
 *crtbegin.o(.init)
 *(EXCLUDE_FILE(*crtn.o *crtend?.o *crtend.o) .init)
 *crtend.o(.init)
 *crtn.o(.init)
                0x9d00d490                . = ALIGN (0x4)

.fini           0x9d00d490        0x0
 *(.fini)
                0x9d00d490                . = ALIGN (0x4)

.preinit_array  0x9d00d490        0x0
                0x9d00d490                PROVIDE (__preinit_array_start, .)
 *(.preinit_array)
                0x9d00d490                PROVIDE (__preinit_array_end, .)
                0x9d00d490                . = ALIGN (0x4)

.init_array     0x9d00d490        0x0
                0x9d00d490                PROVIDE (__init_array_start, .)
 *(SORT(.init_array.*))
 *(.init_array)
                0x9d00d490                PROVIDE (__init_array_end, .)
                0x9d00d490                . = ALIGN (0x4)

.fini_array     0x9d00d490        0x0
                0x9d00d490                PROVIDE (__fini_array_start, .)
 *(SORT(.fini_array.*))
 *(.fini_array)
                0x9d00d490                PROVIDE (__fini_array_end, .)
                0x9d00d490                . = ALIGN (0x4)

.ctors          0x9d00d490        0x0
 *crtbegin.o(.ctors)
 *crtbegin?.o(.ctors)
 *(EXCLUDE_FILE(*crtend?.o *crtend.o) .ctors)
 *(SORT(.ctors.*))
 *(.ctors)
                0x9d00d490                . = ALIGN (0x4)

.dtors          0x9d00d490        0x0
 *crtbegin.o(.dtors)
 *crtbegin?.o(.dtors)
 *(EXCLUDE_FILE(*crtend?.o *crtend.o) .dtors)
 *(SORT(.dtors.*))
 *(.dtors)
                0x9d00d490                . = ALIGN (0x4)

.rodata         0x9d00d490        0x0
 *(.gnu.linkonce.r.*)
 *(.rodata1)
                0x9d00d490                . = ALIGN (0x4)

.sdata2         0x9d00c000        0x0
 *(.sdata2 .sdata2.* .gnu.linkonce.s2.*)
                0x9d00c000                . = ALIGN (0x4)

.sbss2          0x9d00c000        0x0
 *(.sbss2 .sbss2.* .gnu.linkonce.sb2.*)
                0x9d00c000                . = ALIGN (0x4)

.eh_frame_hdr
 *(.eh_frame_hdr)
                0x9d00c000                . = ALIGN (0x4)

.eh_frame
 *(.eh_frame)
                0x9d00c000                . = ALIGN (0x4)

.gcc_except_table
 *(.gcc_except_table .gcc_except_table.*)
                0x9d00c000                . = ALIGN (0x4)

.dbg_data       0xa0000000      0x200
                0xa0000000                . = (. + DEFINED (_DEBUGGER)?0x200:0x0)
 *fill*         0xa0000000      0x200 

.jcr            0xa0000200        0x0
 *(.jcr)
                0xa0000200                . = ALIGN (0x4)

.eh_frame
 *(.eh_frame)
                0xa0000200                . = ALIGN (0x4)

.gcc_except_table
 *(.gcc_except_table .gcc_except_table.*)
                0xa0000200                . = ALIGN (0x4)

.persist        0xa0000200        0x0
                0xa0000200                _persist_begin = .
 *(.persist .persist.*)
 *(.pbss .pbss.*)
                0xa0000200                . = ALIGN (0x4)
                0xa0000200                _persist_end = .

.data           0xa0000200        0x0
 *(.gnu.linkonce.d.*)
 *(.data1)
                0xa0000200                . = ALIGN (0x4)
                0xa0000200                . = .
                0xa00081f0                _gp = (ALIGN (0x10) + 0x7ff0)

.got            0xa0000200        0x0
 *(.got.plt)
 *(.got)
                0xa0000200                . = ALIGN (0x4)

.sdata          0xa0000200        0x8
                0xa0000200                _sdata_begin = .
 *(.sdata .sdata.* .gnu.linkonce.s.*)
 .sdata         0xa0000200        0x4 build/for_Bootloader/debug/_ext/1282498059/port.o
                0xa0000200                uxInterruptNesting
 .sdata         0xa0000204        0x4 build/for_Bootloader/debug/_ext/373060831/tasks.o
                0xa0000204                xNextTaskUnblockTime
                0xa0000208                . = ALIGN (0x4)
                0xa0000208                _sdata_end = .

.lit8
 *(.lit8)

.lit4
 *(.lit4)
                0xa0000208                . = ALIGN (0x4)
                0xa0000208                _data_end = .
                0xa0000208                _bss_begin = .

.sbss           0xa0000208       0x84
                0xa0000208                _sbss_begin = .
 *(.dynsbss)
 *(.sbss .sbss.* .gnu.linkonce.sb.*)
 .sbss          0xa0000208        0x8 build/for_Bootloader/debug/_ext/1107379230/heap_1.o
 .sbss          0xa0000210        0x4 build/for_Bootloader/debug/_ext/1282498059/port.o
                0xa0000210                uxSavedTaskStackPointer
 .sbss          0xa0000214       0x14 build/for_Bootloader/debug/_ext/373060831/croutine.o
                0xa0000214                pxCurrentCoRoutine
                0xa0000218                uxTopCoRoutineReadyPriority
                0xa000021c                xCoRoutineTickCount
                0xa0000220                xLastTickCount
                0xa0000224                xPassedTicks
 .sbss          0xa0000228       0x2c build/for_Bootloader/debug/_ext/373060831/tasks.o
                0xa0000228                pxCurrentTCB
                0xa000022c                uxTasksDeleted
                0xa0000230                uxCurrentNumberOfTasks
                0xa0000234                xTickCount
                0xa0000238                uxTopReadyPriority
                0xa000023c                xSchedulerRunning
                0xa0000240                uxPendedTicks
                0xa0000244                xYieldPending
                0xa0000248                xNumOfOverflows
                0xa000024c                uxTaskNumber
                0xa0000250                uxSchedulerSuspended
 *(.scommon)
 .scommon       0xa0000254        0x8 build/for_Bootloader/debug/_ext/2077795248/drv_spi_static.o
                0xa0000254                BDT_ENTRY
 .scommon       0xa000025c        0x0 build/for_Bootloader/debug/_ext/639803181/sys_clk_static.o
 .scommon       0xa000025c        0x8 build/for_Bootloader/debug/_ext/1688732426/system_init.o
                0xa000025c                sysObj
 .scommon       0xa0000264        0x0 build/for_Bootloader/debug/_ext/1688732426/system_interrupt.o
 .scommon       0xa0000264        0x0 build/for_Bootloader/debug/_ext/1688732426/system_tasks.o
 .scommon       0xa0000264        0x0 build/for_Bootloader/debug/_ext/1360937237/app.o
 .scommon       0xa0000264        0x0 build/for_Bootloader/debug/_ext/1360937237/app1.o
 .scommon       0xa0000264        0x0 build/for_Bootloader/debug/_ext/1360937237/app2.o
 .scommon       0xa0000264        0x0 build/for_Bootloader/debug/_ext/1360937237/fm14_app.o
 .scommon       0xa0000264        0x0 build/for_Bootloader/debug/_ext/1036670253/fm14.o
 .scommon       0xa0000264        0x0 build/for_Bootloader/debug/_ext/954485971/led.o
 .scommon       0xa0000264        0x0 build/for_Bootloader/debug/_ext/1062952361/XcpBasic.o
 .scommon       0xa0000264        0x0 build/for_Bootloader/debug/_ext/1062952361/xcp_par.o
 .scommon       0xa0000264        0x1 build/for_Bootloader/debug/_ext/1062952361/xcp_usb.o
                0xa0000264                Counter
 .scommon       0xa0000265        0x0 build/for_Bootloader/debug/_ext/831465284/drv_usb.o
 .scommon       0xa0000265        0x0 build/for_Bootloader/debug/_ext/831465284/drv_usb_device.o
 *fill*         0xa0000265        0x3 
 .scommon       0xa0000268        0x8 build/for_Bootloader/debug/_ext/482662494/sys_devcon.o
                0xa0000268                sysDevconObj
 .scommon       0xa0000270        0x0 build/for_Bootloader/debug/_ext/2136608937/usb_device.o
 .scommon       0xa0000270        0x8 build/for_Bootloader/debug/_ext/2136608937/usb_device_cdc.o
                0xa0000270                gUSBDeviceCdcCommonDataObj
 .scommon       0xa0000278        0x0 build/for_Bootloader/debug/_ext/2136608937/usb_device_cdc_acm.o
 .scommon       0xa0000278        0x8 build/for_Bootloader/debug/_ext/373060831/croutine.o
                0xa0000278                pxOverflowDelayedCoRoutineList
                0xa000027c                pxDelayedCoRoutineList
 .scommon       0xa0000280        0x8 build/for_Bootloader/debug/_ext/373060831/tasks.o
                0xa0000280                pxDelayedTaskList
                0xa0000284                pxOverflowDelayedTaskList
 .scommon       0xa0000288        0x4 ..\..\..\..\..\bin\framework\peripheral\PIC32MX795F512L_peripherals.a(peripheral.o)
                0xa0000288                modeSeljunk
                0xa000028c                _sbss_end = .
                0xa000028c                . = ALIGN (0x4)

.bss            0xa0000400      0x33c
 *(.dynbss)
 *(COMMON)
 COMMON         0xa0000400       0x60 build/for_Bootloader/debug/_ext/1688732426/system_init.o
                0xa0000400                endPointTable
 COMMON         0xa0000460       0xa8 build/for_Bootloader/debug/_ext/1062952361/xcp_usb.o
                0xa0000460                WriteBuffer
                0xa00004a0                USB_CDCData
                0xa00004c8                ReadBuffer
 COMMON         0xa0000508       0xc0 build/for_Bootloader/debug/_ext/831465284/drv_usb.o
                0xa0000508                gDrvUSBGroup
 COMMON         0xa00005c8       0xac build/for_Bootloader/debug/_ext/2136608937/usb_device_cdc.o
                0xa00005c8                gUSBDeviceCDCInstance
                0xa0000608                gUSBDeviceCDCIRP
 COMMON         0xa0000674       0xc8 build/for_Bootloader/debug/_ext/373060831/tasks.o
                0xa0000674                pxReadyTasksLists
                0xa00006d8                xPendingReadyList
                0xa00006ec                xTasksWaitingTermination
                0xa0000700                xSuspendedTaskList
                0xa0000714                xDelayedTaskList2
                0xa0000728                xDelayedTaskList1
                0xa000073c                . = ALIGN ((. != 0x0)?0x4:0x1)
                0xa000073c                . = ALIGN (0x4)
                0xa000073c                _end = .
                0xa000073c                _bss_end = .
                0x00020000                _bmxdudba_address = 0x20000
                0x00020000                _bmxdupba_address = 0x20000

/DISCARD/
 *(.pdr)
 *(.rel.dyn)
 *(.note.GNU-stack)
 *(.note.GNU-stack)
 *(.gnu_debuglink)
 *(.gnu.lto_*)
 *(.discard)
 *(._debug_exception)

.gptab.sdata
 *(.gptab.data)
 *(.gptab.sdata)

.gptab.sbss
 *(.gptab.bss)
 *(.gptab.sbss)

.mdebug.abi32   0xa000073c        0x0
 *(.mdebug.abi32)
 .mdebug.abi32  0xa000073c        0x0 build/for_Bootloader/debug/_ext/12144542/drv_i2c_static.o
 .mdebug.abi32  0xa000073c        0x0 build/for_Bootloader/debug/_ext/664138601/drv_pmp_static.o
 .mdebug.abi32  0xa000073c        0x0 build/for_Bootloader/debug/_ext/2077795248/drv_spi_static.o
 .mdebug.abi32  0xa000073c        0x0 build/for_Bootloader/debug/_ext/639803181/sys_clk_static.o
 .mdebug.abi32  0xa000073c        0x0 build/for_Bootloader/debug/_ext/822048611/sys_ports_static.o
 .mdebug.abi32  0xa000073c        0x0 build/for_Bootloader/debug/_ext/1688732426/system_init.o
 .mdebug.abi32  0xa000073c        0x0 build/for_Bootloader/debug/_ext/1688732426/system_interrupt.o
 .mdebug.abi32  0xa000073c        0x0 build/for_Bootloader/debug/_ext/1688732426/system_tasks.o
 .mdebug.abi32  0xa000073c        0x0 build/for_Bootloader/debug/_ext/1688732426/rtos_hooks.o
 .mdebug.abi32  0xa000073c        0x0 build/for_Bootloader/debug/_ext/1360937237/app.o
 .mdebug.abi32  0xa000073c        0x0 build/for_Bootloader/debug/_ext/1360937237/app1.o
 .mdebug.abi32  0xa000073c        0x0 build/for_Bootloader/debug/_ext/1360937237/app2.o
 .mdebug.abi32  0xa000073c        0x0 build/for_Bootloader/debug/_ext/1360937237/main.o
 .mdebug.abi32  0xa000073c        0x0 build/for_Bootloader/debug/_ext/1360937237/fm14_app.o
 .mdebug.abi32  0xa000073c        0x0 build/for_Bootloader/debug/_ext/1036670253/fm14.o
 .mdebug.abi32  0xa000073c        0x0 build/for_Bootloader/debug/_ext/954485971/led.o
 .mdebug.abi32  0xa000073c        0x0 build/for_Bootloader/debug/_ext/1062952361/XcpBasic.o
 .mdebug.abi32  0xa000073c        0x0 build/for_Bootloader/debug/_ext/1062952361/xcp_par.o
 .mdebug.abi32  0xa000073c        0x0 build/for_Bootloader/debug/_ext/1062952361/xcp_usb.o
 .mdebug.abi32  0xa000073c        0x0 build/for_Bootloader/debug/_ext/831465284/drv_usb.o
 .mdebug.abi32  0xa000073c        0x0 build/for_Bootloader/debug/_ext/831465284/drv_usb_device.o
 .mdebug.abi32  0xa000073c        0x0 build/for_Bootloader/debug/_ext/308321468/osal_freertos.o
 .mdebug.abi32  0xa000073c        0x0 build/for_Bootloader/debug/_ext/482662494/sys_devcon.o
 .mdebug.abi32  0xa000073c        0x0 build/for_Bootloader/debug/_ext/482662494/sys_devcon_pic32mx.o
 .mdebug.abi32  0xa000073c        0x0 build/for_Bootloader/debug/_ext/1042686532/sys_int_pic32.o
 .mdebug.abi32  0xa000073c        0x0 build/for_Bootloader/debug/_ext/826631961/sys_ports.o
 .mdebug.abi32  0xa000073c        0x0 build/for_Bootloader/debug/_ext/2136608937/usb_device.o
 .mdebug.abi32  0xa000073c        0x0 build/for_Bootloader/debug/_ext/2136608937/usb_device_cdc.o
 .mdebug.abi32  0xa000073c        0x0 build/for_Bootloader/debug/_ext/2136608937/usb_device_cdc_acm.o
 .mdebug.abi32  0xa000073c        0x0 build/for_Bootloader/debug/_ext/1107379230/heap_1.o
 .mdebug.abi32  0xa000073c        0x0 build/for_Bootloader/debug/_ext/1282498059/port.o
 .mdebug.abi32  0xa000073c        0x0 build/for_Bootloader/debug/_ext/373060831/croutine.o
 .mdebug.abi32  0xa000073c        0x0 build/for_Bootloader/debug/_ext/373060831/list.o
 .mdebug.abi32  0xa000073c        0x0 build/for_Bootloader/debug/_ext/373060831/queue.o
 .mdebug.abi32  0xa000073c        0x0 build/for_Bootloader/debug/_ext/373060831/tasks.o
 .mdebug.abi32  0xa000073c        0x0 build/for_Bootloader/debug/_ext/373060831/timers.o
 .mdebug.abi32  0xa000073c        0x0 build/for_Bootloader/debug/_ext/373060831/event_groups.o
 .mdebug.abi32  0xa000073c        0x0 ..\..\..\..\..\bin\framework\peripheral\PIC32MX795F512L_peripherals.a(peripheral.o)
 .mdebug.abi32  0xa000073c        0x0 c:/program files (x86)/microchip/xc32/v1.31/bin/../lib/gcc/pic32mx/4.5.2\libgcc.a(floatunsisf.o)
 .mdebug.abi32  0xa000073c        0x0 c:/program files (x86)/microchip/xc32/v1.31/bin/../lib/gcc/pic32mx/4.5.2/../../../../pic32mx/lib\libpic32.a(default-bootstrap-exception-handler.o)
 .mdebug.abi32  0xa000073c        0x0 c:/program files (x86)/microchip/xc32/v1.31/bin/../lib/gcc/pic32mx/4.5.2/../../../../pic32mx/lib\libpic32.a(default-on-reset.o)
 .mdebug.abi32  0xa000073c        0x0 c:/program files (x86)/microchip/xc32/v1.31/bin/../lib/gcc/pic32mx/4.5.2/../../../../pic32mx/lib\libpic32.a(default-on-bootstrap.o)
 .mdebug.abi32  0xa000073c        0x0 c:/program files (x86)/microchip/xc32/v1.31/bin/../lib/gcc/pic32mx/4.5.2/../../../../pic32mx/lib\libpic32.a(default-general-exception-handler.o)
 .mdebug.abi32  0xa000073c        0x0 c:/program files (x86)/microchip/xc32/v1.31/bin/../lib/gcc/pic32mx/4.5.2/../../../../pic32mx/lib\software-debug-break.o

.mdebug.abiN32
 *(.mdebug.abiN32)

.mdebug.abi64
 *(.mdebug.abi64)

.mdebug.abiO64
 *(.mdebug.abiO64)

.mdebug.eabi32
 *(.mdebug.eabi32)

.mdebug.eabi64
 *(.mdebug.eabi64)

.gcc_compiled_long32
 *(.gcc_compiled_long32)

.gcc_compiled_long64
 *(.gcc_compiled_long64)

.stab
 *(.stab)

.stabstr
 *(.stabstr)

.stab.excl
 *(.stab.excl)

.stab.exclstr
 *(.stab.exclstr)

.stab.index
 *(.stab.index)

.stab.indexstr
 *(.stab.indexstr)

.comment        0x00000000       0xe4
 *(.comment)
 .comment       0x00000000       0x3c build/for_Bootloader/debug/_ext/12144542/drv_i2c_static.o
                                 0x3d (size before relaxing)
 .comment       0x00000000       0x3d build/for_Bootloader/debug/_ext/664138601/drv_pmp_static.o
 .comment       0x00000000       0x3d build/for_Bootloader/debug/_ext/2077795248/drv_spi_static.o
 .comment       0x00000000       0x3d build/for_Bootloader/debug/_ext/639803181/sys_clk_static.o
 .comment       0x00000000       0x3d build/for_Bootloader/debug/_ext/822048611/sys_ports_static.o
 .comment       0x00000000       0x3d build/for_Bootloader/debug/_ext/1688732426/system_init.o
 .comment       0x00000000       0x3d build/for_Bootloader/debug/_ext/1688732426/system_interrupt.o
 .comment       0x00000000       0x3d build/for_Bootloader/debug/_ext/1688732426/system_tasks.o
 .comment       0x00000000       0x3d build/for_Bootloader/debug/_ext/1688732426/rtos_hooks.o
 .comment       0x00000000       0x3d build/for_Bootloader/debug/_ext/1360937237/app.o
 .comment       0x00000000       0x3d build/for_Bootloader/debug/_ext/1360937237/app1.o
 .comment       0x00000000       0x3d build/for_Bootloader/debug/_ext/1360937237/app2.o
 .comment       0x00000000       0x3d build/for_Bootloader/debug/_ext/1360937237/main.o
 .comment       0x00000000       0x3d build/for_Bootloader/debug/_ext/1360937237/fm14_app.o
 .comment       0x00000000       0x3d build/for_Bootloader/debug/_ext/1036670253/fm14.o
 .comment       0x00000000       0x3d build/for_Bootloader/debug/_ext/954485971/led.o
 .comment       0x00000000       0x3d build/for_Bootloader/debug/_ext/1062952361/XcpBasic.o
 .comment       0x00000000       0x3d build/for_Bootloader/debug/_ext/1062952361/xcp_par.o
 .comment       0x00000000       0x3d build/for_Bootloader/debug/_ext/1062952361/xcp_usb.o
 .comment       0x00000000       0x3d build/for_Bootloader/debug/_ext/831465284/drv_usb.o
 .comment       0x00000000       0x3d build/for_Bootloader/debug/_ext/831465284/drv_usb_device.o
 .comment       0x00000000       0x3d build/for_Bootloader/debug/_ext/308321468/osal_freertos.o
 .comment       0x00000000       0x3d build/for_Bootloader/debug/_ext/482662494/sys_devcon.o
 .comment       0x00000000       0x3d build/for_Bootloader/debug/_ext/482662494/sys_devcon_pic32mx.o
 .comment       0x00000000       0x3d build/for_Bootloader/debug/_ext/1042686532/sys_int_pic32.o
 .comment       0x00000000       0x3d build/for_Bootloader/debug/_ext/826631961/sys_ports.o
 .comment       0x00000000       0x3d build/for_Bootloader/debug/_ext/2136608937/usb_device.o
 .comment       0x00000000       0x3d build/for_Bootloader/debug/_ext/2136608937/usb_device_cdc.o
 .comment       0x00000000       0x3d build/for_Bootloader/debug/_ext/2136608937/usb_device_cdc_acm.o
 .comment       0x00000000       0x3d build/for_Bootloader/debug/_ext/1107379230/heap_1.o
 .comment       0x00000000       0x3d build/for_Bootloader/debug/_ext/1282498059/port.o
 .comment       0x00000000       0x3d build/for_Bootloader/debug/_ext/373060831/croutine.o
 .comment       0x00000000       0x3d build/for_Bootloader/debug/_ext/373060831/list.o
 .comment       0x00000000       0x3d build/for_Bootloader/debug/_ext/373060831/queue.o
 .comment       0x00000000       0x3d build/for_Bootloader/debug/_ext/373060831/tasks.o
 .comment       0x00000000       0x3d build/for_Bootloader/debug/_ext/373060831/timers.o
 .comment       0x00000000       0x3d build/for_Bootloader/debug/_ext/373060831/event_groups.o
 .comment       0x0000003c       0x3c ..\..\..\..\..\bin\framework\peripheral\PIC32MX795F512L_peripherals.a(peripheral.o)
                                 0x3d (size before relaxing)
 .comment       0x00000078       0x3c c:/program files (x86)/microchip/xc32/v1.31/bin/../lib/gcc/pic32mx/4.5.2\libgcc.a(floatunsisf.o)
                                 0x3d (size before relaxing)
 .comment       0x000000b4       0x18 c:/program files (x86)/microchip/xc32/v1.31/bin/../lib/gcc/pic32mx/4.5.2/../../../../pic32mx/lib\libpic32.a(memcmp.o)
                                 0x19 (size before relaxing)
 .comment       0x000000cc       0x18 c:/program files (x86)/microchip/xc32/v1.31/bin/../lib/gcc/pic32mx/4.5.2/../../../../pic32mx/lib\libpic32.a(memset.o)
                                 0x19 (size before relaxing)
 .comment       0x00000000       0x3d c:/program files (x86)/microchip/xc32/v1.31/bin/../lib/gcc/pic32mx/4.5.2/../../../../pic32mx/lib\libpic32.a(default-bootstrap-exception-handler.o)
 .comment       0x00000000       0x3d c:/program files (x86)/microchip/xc32/v1.31/bin/../lib/gcc/pic32mx/4.5.2/../../../../pic32mx/lib\libpic32.a(default-on-reset.o)
 .comment       0x00000000       0x3d c:/program files (x86)/microchip/xc32/v1.31/bin/../lib/gcc/pic32mx/4.5.2/../../../../pic32mx/lib\libpic32.a(default-on-bootstrap.o)
 .comment       0x00000000       0x3d c:/program files (x86)/microchip/xc32/v1.31/bin/../lib/gcc/pic32mx/4.5.2/../../../../pic32mx/lib\libpic32.a(default-general-exception-handler.o)
 .comment       0x00000000       0x3d c:/program files (x86)/microchip/xc32/v1.31/bin/../lib/gcc/pic32mx/4.5.2/../../../../pic32mx/lib\software-debug-break.o

.debug
 *(.debug)

.line
 *(.line)

.debug_srcinfo
 *(.debug_srcinfo)

.debug_sfnames
 *(.debug_sfnames)

.debug_aranges  0x00000000      0xf58
 *(.debug_aranges)
 .debug_aranges
                0x00000000       0xa8 build/for_Bootloader/debug/_ext/12144542/drv_i2c_static.o
 .debug_aranges
                0x000000a8       0x38 build/for_Bootloader/debug/_ext/664138601/drv_pmp_static.o
 .debug_aranges
                0x000000e0       0x68 build/for_Bootloader/debug/_ext/2077795248/drv_spi_static.o
 .debug_aranges
                0x00000148       0x38 build/for_Bootloader/debug/_ext/639803181/sys_clk_static.o
 .debug_aranges
                0x00000180       0x20 build/for_Bootloader/debug/_ext/822048611/sys_ports_static.o
 .debug_aranges
                0x000001a0       0x20 build/for_Bootloader/debug/_ext/1688732426/system_init.o
 .debug_aranges
                0x000001c0       0x20 build/for_Bootloader/debug/_ext/1688732426/system_interrupt.o
 .debug_aranges
                0x000001e0       0x40 build/for_Bootloader/debug/_ext/1688732426/system_tasks.o
 .debug_aranges
                0x00000220       0x28 build/for_Bootloader/debug/_ext/1688732426/system_interrupt_a.o
 .debug_aranges
                0x00000248       0x28 build/for_Bootloader/debug/_ext/1688732426/rtos_hooks.o
 .debug_aranges
                0x00000270       0x28 build/for_Bootloader/debug/_ext/1360937237/app.o
 .debug_aranges
                0x00000298       0x28 build/for_Bootloader/debug/_ext/1360937237/app1.o
 .debug_aranges
                0x000002c0       0x28 build/for_Bootloader/debug/_ext/1360937237/app2.o
 .debug_aranges
                0x000002e8       0x20 build/for_Bootloader/debug/_ext/1360937237/main.o
 .debug_aranges
                0x00000308       0x20 build/for_Bootloader/debug/_ext/1360937237/fm14_app.o
 .debug_aranges
                0x00000328       0x78 build/for_Bootloader/debug/_ext/1036670253/fm14.o
 .debug_aranges
                0x000003a0       0x48 build/for_Bootloader/debug/_ext/954485971/led.o
 .debug_aranges
                0x000003e8       0xe8 build/for_Bootloader/debug/_ext/1062952361/XcpBasic.o
 .debug_aranges
                0x000004d0       0x50 build/for_Bootloader/debug/_ext/1062952361/xcp_usb.o
 .debug_aranges
                0x00000520       0x70 build/for_Bootloader/debug/_ext/831465284/drv_usb.o
 .debug_aranges
                0x00000590       0xb8 build/for_Bootloader/debug/_ext/831465284/drv_usb_device.o
 .debug_aranges
                0x00000648       0x88 build/for_Bootloader/debug/_ext/308321468/osal_freertos.o
 .debug_aranges
                0x000006d0       0x78 build/for_Bootloader/debug/_ext/482662494/sys_devcon.o
 .debug_aranges
                0x00000748       0x20 build/for_Bootloader/debug/_ext/482662494/sys_devcon_pic32mx.o
 .debug_aranges
                0x00000768       0x38 build/for_Bootloader/debug/_ext/1042686532/sys_int_pic32.o
 .debug_aranges
                0x000007a0       0xf8 build/for_Bootloader/debug/_ext/826631961/sys_ports.o
 .debug_aranges
                0x00000898      0x150 build/for_Bootloader/debug/_ext/2136608937/usb_device.o
 .debug_aranges
                0x000009e8       0x88 build/for_Bootloader/debug/_ext/2136608937/usb_device_cdc.o
 .debug_aranges
                0x00000a70       0x20 build/for_Bootloader/debug/_ext/2136608937/usb_device_cdc_acm.o
 .debug_aranges
                0x00000a90       0x38 build/for_Bootloader/debug/_ext/1107379230/heap_1.o
 .debug_aranges
                0x00000ac8       0x58 build/for_Bootloader/debug/_ext/1282498059/port.o
 .debug_aranges
                0x00000b20       0x20 build/for_Bootloader/debug/_ext/1282498059/port_asm.o
 .debug_aranges
                0x00000b40       0x50 build/for_Bootloader/debug/_ext/373060831/croutine.o
 .debug_aranges
                0x00000b90       0x40 build/for_Bootloader/debug/_ext/373060831/list.o
 .debug_aranges
                0x00000bd0       0xd0 build/for_Bootloader/debug/_ext/373060831/queue.o
 .debug_aranges
                0x00000ca0      0x188 build/for_Bootloader/debug/_ext/373060831/tasks.o
 .debug_aranges
                0x00000e28       0x70 build/for_Bootloader/debug/_ext/373060831/event_groups.o
 .debug_aranges
                0x00000e98       0x20 c:/program files (x86)/microchip/xc32/v1.31/bin/../lib/gcc/pic32mx/4.5.2\libgcc.a(floatunsisf.o)
 .debug_aranges
                0x00000eb8       0x20 c:/program files (x86)/microchip/xc32/v1.31/bin/../lib/gcc/pic32mx/4.5.2/../../../../pic32mx/lib\libpic32.a(default-bootstrap-exception-handler.o)
 .debug_aranges
                0x00000ed8       0x20 c:/program files (x86)/microchip/xc32/v1.31/bin/../lib/gcc/pic32mx/4.5.2/../../../../pic32mx/lib\libpic32.a(default-on-reset.o)
 .debug_aranges
                0x00000ef8       0x20 c:/program files (x86)/microchip/xc32/v1.31/bin/../lib/gcc/pic32mx/4.5.2/../../../../pic32mx/lib\libpic32.a(default-on-bootstrap.o)
 .debug_aranges
                0x00000f18       0x20 c:/program files (x86)/microchip/xc32/v1.31/bin/../lib/gcc/pic32mx/4.5.2/../../../../pic32mx/lib\libpic32.a(default-general-exception-handler.o)
 .debug_aranges
                0x00000f38       0x20 c:/program files (x86)/microchip/xc32/v1.31/bin/../lib/gcc/pic32mx/4.5.2/../../../../pic32mx/lib\software-debug-break.o

.debug_pubnames
                0x00000000     0x2c49
 *(.debug_pubnames)
 .debug_pubnames
                0x00000000      0x21d build/for_Bootloader/debug/_ext/12144542/drv_i2c_static.o
 .debug_pubnames
                0x0000021d       0x67 build/for_Bootloader/debug/_ext/664138601/drv_pmp_static.o
 .debug_pubnames
                0x00000284      0x152 build/for_Bootloader/debug/_ext/2077795248/drv_spi_static.o
 .debug_pubnames
                0x000003d6       0xa0 build/for_Bootloader/debug/_ext/639803181/sys_clk_static.o
 .debug_pubnames
                0x00000476       0x2b build/for_Bootloader/debug/_ext/822048611/sys_ports_static.o
 .debug_pubnames
                0x000004a1      0x147 build/for_Bootloader/debug/_ext/1688732426/system_init.o
 .debug_pubnames
                0x000005e8       0x3b build/for_Bootloader/debug/_ext/1688732426/system_interrupt.o
 .debug_pubnames
                0x00000623       0x6c build/for_Bootloader/debug/_ext/1688732426/system_tasks.o
 .debug_pubnames
                0x0000068f       0x55 build/for_Bootloader/debug/_ext/1688732426/rtos_hooks.o
 .debug_pubnames
                0x000006e4       0x41 build/for_Bootloader/debug/_ext/1360937237/app.o
 .debug_pubnames
                0x00000725       0x43 build/for_Bootloader/debug/_ext/1360937237/app1.o
 .debug_pubnames
                0x00000768       0x43 build/for_Bootloader/debug/_ext/1360937237/app2.o
 .debug_pubnames
                0x000007ab       0x1b build/for_Bootloader/debug/_ext/1360937237/main.o
 .debug_pubnames
                0x000007c6       0x48 build/for_Bootloader/debug/_ext/1360937237/fm14_app.o
 .debug_pubnames
                0x0000080e       0xa6 build/for_Bootloader/debug/_ext/1036670253/fm14.o
 .debug_pubnames
                0x000008b4       0x71 build/for_Bootloader/debug/_ext/954485971/led.o
 .debug_pubnames
                0x00000925      0x104 build/for_Bootloader/debug/_ext/1062952361/XcpBasic.o
 .debug_pubnames
                0x00000a29       0x32 build/for_Bootloader/debug/_ext/1062952361/xcp_par.o
 .debug_pubnames
                0x00000a5b      0x100 build/for_Bootloader/debug/_ext/1062952361/xcp_usb.o
 .debug_pubnames
                0x00000b5b      0x130 build/for_Bootloader/debug/_ext/831465284/drv_usb.o
 .debug_pubnames
                0x00000c8b      0x2c1 build/for_Bootloader/debug/_ext/831465284/drv_usb_device.o
 .debug_pubnames
                0x00000f4c      0x129 build/for_Bootloader/debug/_ext/308321468/osal_freertos.o
 .debug_pubnames
                0x00001075      0x160 build/for_Bootloader/debug/_ext/482662494/sys_devcon.o
 .debug_pubnames
                0x000011d5       0x33 build/for_Bootloader/debug/_ext/482662494/sys_devcon_pic32mx.o
 .debug_pubnames
                0x00001208       0x7f build/for_Bootloader/debug/_ext/1042686532/sys_int_pic32.o
 .debug_pubnames
                0x00001287      0x376 build/for_Bootloader/debug/_ext/826631961/sys_ports.o
 .debug_pubnames
                0x000015fd      0x546 build/for_Bootloader/debug/_ext/2136608937/usb_device.o
 .debug_pubnames
                0x00001b43      0x286 build/for_Bootloader/debug/_ext/2136608937/usb_device_cdc.o
 .debug_pubnames
                0x00001dc9       0x4a build/for_Bootloader/debug/_ext/2136608937/usb_device_cdc_acm.o
 .debug_pubnames
                0x00001e13       0x64 build/for_Bootloader/debug/_ext/1107379230/heap_1.o
 .debug_pubnames
                0x00001e77      0x130 build/for_Bootloader/debug/_ext/1282498059/port.o
 .debug_pubnames
                0x00001fa7      0x1f4 build/for_Bootloader/debug/_ext/373060831/croutine.o
 .debug_pubnames
                0x0000219b       0x72 build/for_Bootloader/debug/_ext/373060831/list.o
 .debug_pubnames
                0x0000220d      0x1e3 build/for_Bootloader/debug/_ext/373060831/queue.o
 .debug_pubnames
                0x000023f0      0x64b build/for_Bootloader/debug/_ext/373060831/tasks.o
 .debug_pubnames
                0x00002a3b      0x112 build/for_Bootloader/debug/_ext/373060831/event_groups.o
 .debug_pubnames
                0x00002b4d       0x24 c:/program files (x86)/microchip/xc32/v1.31/bin/../lib/gcc/pic32mx/4.5.2\libgcc.a(floatunsisf.o)
 .debug_pubnames
                0x00002b71       0x33 c:/program files (x86)/microchip/xc32/v1.31/bin/../lib/gcc/pic32mx/4.5.2/../../../../pic32mx/lib\libpic32.a(default-bootstrap-exception-handler.o)
 .debug_pubnames
                0x00002ba4       0x20 c:/program files (x86)/microchip/xc32/v1.31/bin/../lib/gcc/pic32mx/4.5.2/../../../../pic32mx/lib\libpic32.a(default-on-reset.o)
 .debug_pubnames
                0x00002bc4       0x24 c:/program files (x86)/microchip/xc32/v1.31/bin/../lib/gcc/pic32mx/4.5.2/../../../../pic32mx/lib\libpic32.a(default-on-bootstrap.o)
 .debug_pubnames
                0x00002be8       0x31 c:/program files (x86)/microchip/xc32/v1.31/bin/../lib/gcc/pic32mx/4.5.2/../../../../pic32mx/lib\libpic32.a(default-general-exception-handler.o)
 .debug_pubnames
                0x00002c19       0x30 c:/program files (x86)/microchip/xc32/v1.31/bin/../lib/gcc/pic32mx/4.5.2/../../../../pic32mx/lib\software-debug-break.o

.debug_info     0x00000000    0x388cb
 *(.debug_info .gnu.linkonce.wi.*)
 .debug_info    0x00000000      0xb4d build/for_Bootloader/debug/_ext/12144542/drv_i2c_static.o
 .debug_info    0x00000b4d      0x81e build/for_Bootloader/debug/_ext/664138601/drv_pmp_static.o
 .debug_info    0x0000136b     0x1bc1 build/for_Bootloader/debug/_ext/2077795248/drv_spi_static.o
 .debug_info    0x00002f2c     0x1c28 build/for_Bootloader/debug/_ext/639803181/sys_clk_static.o
 .debug_info    0x00004b54      0x7b5 build/for_Bootloader/debug/_ext/822048611/sys_ports_static.o
 .debug_info    0x00005309     0x4736 build/for_Bootloader/debug/_ext/1688732426/system_init.o
 .debug_info    0x00009a3f     0x172e build/for_Bootloader/debug/_ext/1688732426/system_interrupt.o
 .debug_info    0x0000b16d     0x1830 build/for_Bootloader/debug/_ext/1688732426/system_tasks.o
 .debug_info    0x0000c99d       0xa0 build/for_Bootloader/debug/_ext/1688732426/system_interrupt_a.o
 .debug_info    0x0000ca3d      0x248 build/for_Bootloader/debug/_ext/1688732426/rtos_hooks.o
 .debug_info    0x0000cc85     0x168a build/for_Bootloader/debug/_ext/1360937237/app.o
 .debug_info    0x0000e30f     0x168d build/for_Bootloader/debug/_ext/1360937237/app1.o
 .debug_info    0x0000f99c     0x16a8 build/for_Bootloader/debug/_ext/1360937237/app2.o
 .debug_info    0x00011044      0x157 build/for_Bootloader/debug/_ext/1360937237/main.o
 .debug_info    0x0001119b     0x1d28 build/for_Bootloader/debug/_ext/1360937237/fm14_app.o
 .debug_info    0x00012ec3     0x1c53 build/for_Bootloader/debug/_ext/1036670253/fm14.o
 .debug_info    0x00014b16     0x19dd build/for_Bootloader/debug/_ext/954485971/led.o
 .debug_info    0x000164f3     0x286f build/for_Bootloader/debug/_ext/1062952361/XcpBasic.o
 .debug_info    0x00018d62     0x1c25 build/for_Bootloader/debug/_ext/1062952361/xcp_par.o
 .debug_info    0x0001a987     0x39a4 build/for_Bootloader/debug/_ext/1062952361/xcp_usb.o
 .debug_info    0x0001e32b     0x286c build/for_Bootloader/debug/_ext/831465284/drv_usb.o
 .debug_info    0x00020b97     0x333d build/for_Bootloader/debug/_ext/831465284/drv_usb_device.o
 .debug_info    0x00023ed4      0x730 build/for_Bootloader/debug/_ext/308321468/osal_freertos.o
 .debug_info    0x00024604      0xa13 build/for_Bootloader/debug/_ext/482662494/sys_devcon.o
 .debug_info    0x00025017      0x742 build/for_Bootloader/debug/_ext/482662494/sys_devcon_pic32mx.o
 .debug_info    0x00025759      0xf26 build/for_Bootloader/debug/_ext/1042686532/sys_int_pic32.o
 .debug_info    0x0002667f     0x1726 build/for_Bootloader/debug/_ext/826631961/sys_ports.o
 .debug_info    0x00027da5     0x4ff7 build/for_Bootloader/debug/_ext/2136608937/usb_device.o
 .debug_info    0x0002cd9c     0x4446 build/for_Bootloader/debug/_ext/2136608937/usb_device_cdc.o
 .debug_info    0x000311e2     0x187b build/for_Bootloader/debug/_ext/2136608937/usb_device_cdc_acm.o
 .debug_info    0x00032a5d      0x311 build/for_Bootloader/debug/_ext/1107379230/heap_1.o
 .debug_info    0x00032d6e     0x11dd build/for_Bootloader/debug/_ext/1282498059/port.o
 .debug_info    0x00033f4b       0xc4 build/for_Bootloader/debug/_ext/1282498059/port_asm.o
 .debug_info    0x0003400f      0x889 build/for_Bootloader/debug/_ext/373060831/croutine.o
 .debug_info    0x00034898      0x476 build/for_Bootloader/debug/_ext/373060831/list.o
 .debug_info    0x00034d0e      0xf15 build/for_Bootloader/debug/_ext/373060831/queue.o
 .debug_info    0x00035c23     0x1c16 build/for_Bootloader/debug/_ext/373060831/tasks.o
 .debug_info    0x00037839      0x170 build/for_Bootloader/debug/_ext/373060831/timers.o
 .debug_info    0x000379a9      0x9cd build/for_Bootloader/debug/_ext/373060831/event_groups.o
 .debug_info    0x00038376      0x157 c:/program files (x86)/microchip/xc32/v1.31/bin/../lib/gcc/pic32mx/4.5.2\libgcc.a(floatunsisf.o)
 .debug_info    0x000384cd       0xde c:/program files (x86)/microchip/xc32/v1.31/bin/../lib/gcc/pic32mx/4.5.2/../../../../pic32mx/lib\libpic32.a(default-bootstrap-exception-handler.o)
 .debug_info    0x000385ab       0xb8 c:/program files (x86)/microchip/xc32/v1.31/bin/../lib/gcc/pic32mx/4.5.2/../../../../pic32mx/lib\libpic32.a(default-on-reset.o)
 .debug_info    0x00038663       0xc0 c:/program files (x86)/microchip/xc32/v1.31/bin/../lib/gcc/pic32mx/4.5.2/../../../../pic32mx/lib\libpic32.a(default-on-bootstrap.o)
 .debug_info    0x00038723       0xda c:/program files (x86)/microchip/xc32/v1.31/bin/../lib/gcc/pic32mx/4.5.2/../../../../pic32mx/lib\libpic32.a(default-general-exception-handler.o)
 .debug_info    0x000387fd       0xce c:/program files (x86)/microchip/xc32/v1.31/bin/../lib/gcc/pic32mx/4.5.2/../../../../pic32mx/lib\software-debug-break.o

.debug_abbrev   0x00000000     0x35cb
 *(.debug_abbrev)
 .debug_abbrev  0x00000000      0x109 build/for_Bootloader/debug/_ext/12144542/drv_i2c_static.o
 .debug_abbrev  0x00000109       0x9e build/for_Bootloader/debug/_ext/664138601/drv_pmp_static.o
 .debug_abbrev  0x000001a7      0x17d build/for_Bootloader/debug/_ext/2077795248/drv_spi_static.o
 .debug_abbrev  0x00000324      0x1ad build/for_Bootloader/debug/_ext/639803181/sys_clk_static.o
 .debug_abbrev  0x000004d1       0x62 build/for_Bootloader/debug/_ext/822048611/sys_ports_static.o
 .debug_abbrev  0x00000533      0x280 build/for_Bootloader/debug/_ext/1688732426/system_init.o
 .debug_abbrev  0x000007b3      0x115 build/for_Bootloader/debug/_ext/1688732426/system_interrupt.o
 .debug_abbrev  0x000008c8      0x15b build/for_Bootloader/debug/_ext/1688732426/system_tasks.o
 .debug_abbrev  0x00000a23       0x12 build/for_Bootloader/debug/_ext/1688732426/system_interrupt_a.o
 .debug_abbrev  0x00000a35       0x8f build/for_Bootloader/debug/_ext/1688732426/rtos_hooks.o
 .debug_abbrev  0x00000ac4      0x104 build/for_Bootloader/debug/_ext/1360937237/app.o
 .debug_abbrev  0x00000bc8      0x104 build/for_Bootloader/debug/_ext/1360937237/app1.o
 .debug_abbrev  0x00000ccc      0x131 build/for_Bootloader/debug/_ext/1360937237/app2.o
 .debug_abbrev  0x00000dfd       0x36 build/for_Bootloader/debug/_ext/1360937237/main.o
 .debug_abbrev  0x00000e33      0x176 build/for_Bootloader/debug/_ext/1360937237/fm14_app.o
 .debug_abbrev  0x00000fa9      0x13c build/for_Bootloader/debug/_ext/1036670253/fm14.o
 .debug_abbrev  0x000010e5      0x141 build/for_Bootloader/debug/_ext/954485971/led.o
 .debug_abbrev  0x00001226      0x265 build/for_Bootloader/debug/_ext/1062952361/XcpBasic.o
 .debug_abbrev  0x0000148b      0x103 build/for_Bootloader/debug/_ext/1062952361/xcp_par.o
 .debug_abbrev  0x0000158e      0x28b build/for_Bootloader/debug/_ext/1062952361/xcp_usb.o
 .debug_abbrev  0x00001819      0x2c0 build/for_Bootloader/debug/_ext/831465284/drv_usb.o
 .debug_abbrev  0x00001ad9      0x25b build/for_Bootloader/debug/_ext/831465284/drv_usb_device.o
 .debug_abbrev  0x00001d34      0x131 build/for_Bootloader/debug/_ext/308321468/osal_freertos.o
 .debug_abbrev  0x00001e65      0x1dc build/for_Bootloader/debug/_ext/482662494/sys_devcon.o
 .debug_abbrev  0x00002041       0xde build/for_Bootloader/debug/_ext/482662494/sys_devcon_pic32mx.o
 .debug_abbrev  0x0000211f       0xf2 build/for_Bootloader/debug/_ext/1042686532/sys_int_pic32.o
 .debug_abbrev  0x00002211       0xf6 build/for_Bootloader/debug/_ext/826631961/sys_ports.o
 .debug_abbrev  0x00002307      0x2db build/for_Bootloader/debug/_ext/2136608937/usb_device.o
 .debug_abbrev  0x000025e2      0x2e4 build/for_Bootloader/debug/_ext/2136608937/usb_device_cdc.o
 .debug_abbrev  0x000028c6      0x1a9 build/for_Bootloader/debug/_ext/2136608937/usb_device_cdc_acm.o
 .debug_abbrev  0x00002a6f       0xe2 build/for_Bootloader/debug/_ext/1107379230/heap_1.o
 .debug_abbrev  0x00002b51      0x25b build/for_Bootloader/debug/_ext/1282498059/port.o
 .debug_abbrev  0x00002dac       0x14 build/for_Bootloader/debug/_ext/1282498059/port_asm.o
 .debug_abbrev  0x00002dc0      0x191 build/for_Bootloader/debug/_ext/373060831/croutine.o
 .debug_abbrev  0x00002f51       0xda build/for_Bootloader/debug/_ext/373060831/list.o
 .debug_abbrev  0x0000302b      0x190 build/for_Bootloader/debug/_ext/373060831/queue.o
 .debug_abbrev  0x000031bb      0x17d build/for_Bootloader/debug/_ext/373060831/tasks.o
 .debug_abbrev  0x00003338       0x1f build/for_Bootloader/debug/_ext/373060831/timers.o
 .debug_abbrev  0x00003357      0x164 build/for_Bootloader/debug/_ext/373060831/event_groups.o
 .debug_abbrev  0x000034bb       0x61 c:/program files (x86)/microchip/xc32/v1.31/bin/../lib/gcc/pic32mx/4.5.2\libgcc.a(floatunsisf.o)
 .debug_abbrev  0x0000351c       0x23 c:/program files (x86)/microchip/xc32/v1.31/bin/../lib/gcc/pic32mx/4.5.2/../../../../pic32mx/lib\libpic32.a(default-bootstrap-exception-handler.o)
 .debug_abbrev  0x0000353f       0x23 c:/program files (x86)/microchip/xc32/v1.31/bin/../lib/gcc/pic32mx/4.5.2/../../../../pic32mx/lib\libpic32.a(default-on-reset.o)
 .debug_abbrev  0x00003562       0x23 c:/program files (x86)/microchip/xc32/v1.31/bin/../lib/gcc/pic32mx/4.5.2/../../../../pic32mx/lib\libpic32.a(default-on-bootstrap.o)
 .debug_abbrev  0x00003585       0x23 c:/program files (x86)/microchip/xc32/v1.31/bin/../lib/gcc/pic32mx/4.5.2/../../../../pic32mx/lib\libpic32.a(default-general-exception-handler.o)
 .debug_abbrev  0x000035a8       0x23 c:/program files (x86)/microchip/xc32/v1.31/bin/../lib/gcc/pic32mx/4.5.2/../../../../pic32mx/lib\software-debug-break.o

.debug_line     0x00000000     0x8cca
 *(.debug_line)
 .debug_line    0x00000000      0x3c7 build/for_Bootloader/debug/_ext/12144542/drv_i2c_static.o
 .debug_line    0x000003c7      0x20a build/for_Bootloader/debug/_ext/664138601/drv_pmp_static.o
 .debug_line    0x000005d1      0x3da build/for_Bootloader/debug/_ext/2077795248/drv_spi_static.o
 .debug_line    0x000009ab      0x36f build/for_Bootloader/debug/_ext/639803181/sys_clk_static.o
 .debug_line    0x00000d1a      0x17b build/for_Bootloader/debug/_ext/822048611/sys_ports_static.o
 .debug_line    0x00000e95      0x5c1 build/for_Bootloader/debug/_ext/1688732426/system_init.o
 .debug_line    0x00001456      0x29d build/for_Bootloader/debug/_ext/1688732426/system_interrupt.o
 .debug_line    0x000016f3      0x41c build/for_Bootloader/debug/_ext/1688732426/system_tasks.o
 .debug_line    0x00001b0f       0x7b build/for_Bootloader/debug/_ext/1688732426/system_interrupt_a.o
 .debug_line    0x00001b8a      0x157 build/for_Bootloader/debug/_ext/1688732426/rtos_hooks.o
 .debug_line    0x00001ce1      0x22c build/for_Bootloader/debug/_ext/1360937237/app.o
 .debug_line    0x00001f0d      0x22d build/for_Bootloader/debug/_ext/1360937237/app1.o
 .debug_line    0x0000213a      0x22f build/for_Bootloader/debug/_ext/1360937237/app2.o
 .debug_line    0x00002369       0x80 build/for_Bootloader/debug/_ext/1360937237/main.o
 .debug_line    0x000023e9      0x2f1 build/for_Bootloader/debug/_ext/1360937237/fm14_app.o
 .debug_line    0x000026da      0x3a0 build/for_Bootloader/debug/_ext/1036670253/fm14.o
 .debug_line    0x00002a7a      0x382 build/for_Bootloader/debug/_ext/954485971/led.o
 .debug_line    0x00002dfc      0x767 build/for_Bootloader/debug/_ext/1062952361/XcpBasic.o
 .debug_line    0x00003563      0x2b5 build/for_Bootloader/debug/_ext/1062952361/xcp_par.o
 .debug_line    0x00003818      0x54f build/for_Bootloader/debug/_ext/1062952361/xcp_usb.o
 .debug_line    0x00003d67      0x61a build/for_Bootloader/debug/_ext/831465284/drv_usb.o
 .debug_line    0x00004381      0x8be build/for_Bootloader/debug/_ext/831465284/drv_usb_device.o
 .debug_line    0x00004c3f      0x2e1 build/for_Bootloader/debug/_ext/308321468/osal_freertos.o
 .debug_line    0x00004f20      0x418 build/for_Bootloader/debug/_ext/482662494/sys_devcon.o
 .debug_line    0x00005338      0x245 build/for_Bootloader/debug/_ext/482662494/sys_devcon_pic32mx.o
 .debug_line    0x0000557d      0x203 build/for_Bootloader/debug/_ext/1042686532/sys_int_pic32.o
 .debug_line    0x00005780      0x4d7 build/for_Bootloader/debug/_ext/826631961/sys_ports.o
 .debug_line    0x00005c57      0xa80 build/for_Bootloader/debug/_ext/2136608937/usb_device.o
 .debug_line    0x000066d7      0x67b build/for_Bootloader/debug/_ext/2136608937/usb_device_cdc.o
 .debug_line    0x00006d52      0x2b7 build/for_Bootloader/debug/_ext/2136608937/usb_device_cdc_acm.o
 .debug_line    0x00007009      0x16d build/for_Bootloader/debug/_ext/1107379230/heap_1.o
 .debug_line    0x00007176      0x248 build/for_Bootloader/debug/_ext/1282498059/port.o
 .debug_line    0x000073be      0x105 build/for_Bootloader/debug/_ext/1282498059/port_asm.o
 .debug_line    0x000074c3      0x289 build/for_Bootloader/debug/_ext/373060831/croutine.o
 .debug_line    0x0000774c      0x1f5 build/for_Bootloader/debug/_ext/373060831/list.o
 .debug_line    0x00007941      0x50f build/for_Bootloader/debug/_ext/373060831/queue.o
 .debug_line    0x00007e50      0x80e build/for_Bootloader/debug/_ext/373060831/tasks.o
 .debug_line    0x0000865e       0x1d build/for_Bootloader/debug/_ext/373060831/timers.o
 .debug_line    0x0000867b      0x2ff build/for_Bootloader/debug/_ext/373060831/event_groups.o
 .debug_line    0x0000897a       0x8e c:/program files (x86)/microchip/xc32/v1.31/bin/../lib/gcc/pic32mx/4.5.2\libgcc.a(floatunsisf.o)
 .debug_line    0x00008a08       0x97 c:/program files (x86)/microchip/xc32/v1.31/bin/../lib/gcc/pic32mx/4.5.2/../../../../pic32mx/lib\libpic32.a(default-bootstrap-exception-handler.o)
 .debug_line    0x00008a9f       0x84 c:/program files (x86)/microchip/xc32/v1.31/bin/../lib/gcc/pic32mx/4.5.2/../../../../pic32mx/lib\libpic32.a(default-on-reset.o)
 .debug_line    0x00008b23       0x88 c:/program files (x86)/microchip/xc32/v1.31/bin/../lib/gcc/pic32mx/4.5.2/../../../../pic32mx/lib\libpic32.a(default-on-bootstrap.o)
 .debug_line    0x00008bab       0x95 c:/program files (x86)/microchip/xc32/v1.31/bin/../lib/gcc/pic32mx/4.5.2/../../../../pic32mx/lib\libpic32.a(default-general-exception-handler.o)
 .debug_line    0x00008c40       0x8a c:/program files (x86)/microchip/xc32/v1.31/bin/../lib/gcc/pic32mx/4.5.2/../../../../pic32mx/lib\software-debug-break.o

.debug_frame    0x00000000     0x29b4
 *(.debug_frame)
 .debug_frame   0x00000000      0x208 build/for_Bootloader/debug/_ext/12144542/drv_i2c_static.o
 .debug_frame   0x00000208       0x80 build/for_Bootloader/debug/_ext/664138601/drv_pmp_static.o
 .debug_frame   0x00000288      0x130 build/for_Bootloader/debug/_ext/2077795248/drv_spi_static.o
 .debug_frame   0x000003b8       0x80 build/for_Bootloader/debug/_ext/639803181/sys_clk_static.o
 .debug_frame   0x00000438       0x2c build/for_Bootloader/debug/_ext/822048611/sys_ports_static.o
 .debug_frame   0x00000464       0x2c build/for_Bootloader/debug/_ext/1688732426/system_init.o
 .debug_frame   0x00000490       0x2c build/for_Bootloader/debug/_ext/1688732426/system_interrupt.o
 .debug_frame   0x000004bc       0x9c build/for_Bootloader/debug/_ext/1688732426/system_tasks.o
 .debug_frame   0x00000558       0x48 build/for_Bootloader/debug/_ext/1688732426/rtos_hooks.o
 .debug_frame   0x000005a0       0x48 build/for_Bootloader/debug/_ext/1360937237/app.o
 .debug_frame   0x000005e8       0x48 build/for_Bootloader/debug/_ext/1360937237/app1.o
 .debug_frame   0x00000630       0x48 build/for_Bootloader/debug/_ext/1360937237/app2.o
 .debug_frame   0x00000678       0x2c build/for_Bootloader/debug/_ext/1360937237/main.o
 .debug_frame   0x000006a4       0x2c build/for_Bootloader/debug/_ext/1360937237/fm14_app.o
 .debug_frame   0x000006d0      0x160 build/for_Bootloader/debug/_ext/1036670253/fm14.o
 .debug_frame   0x00000830       0xb8 build/for_Bootloader/debug/_ext/954485971/led.o
 .debug_frame   0x000008e8      0x2ec build/for_Bootloader/debug/_ext/1062952361/XcpBasic.o
 .debug_frame   0x00000bd4       0xd4 build/for_Bootloader/debug/_ext/1062952361/xcp_usb.o
 .debug_frame   0x00000ca8      0x144 build/for_Bootloader/debug/_ext/831465284/drv_usb.o
 .debug_frame   0x00000dec      0x240 build/for_Bootloader/debug/_ext/831465284/drv_usb_device.o
 .debug_frame   0x0000102c      0x198 build/for_Bootloader/debug/_ext/308321468/osal_freertos.o
 .debug_frame   0x000011c4      0x160 build/for_Bootloader/debug/_ext/482662494/sys_devcon.o
 .debug_frame   0x00001324       0x2c build/for_Bootloader/debug/_ext/482662494/sys_devcon_pic32mx.o
 .debug_frame   0x00001350       0x80 build/for_Bootloader/debug/_ext/1042686532/sys_int_pic32.o
 .debug_frame   0x000013d0      0x320 build/for_Bootloader/debug/_ext/826631961/sys_ports.o
 .debug_frame   0x000016f0      0x454 build/for_Bootloader/debug/_ext/2136608937/usb_device.o
 .debug_frame   0x00001b44      0x198 build/for_Bootloader/debug/_ext/2136608937/usb_device_cdc.o
 .debug_frame   0x00001cdc       0x2c build/for_Bootloader/debug/_ext/2136608937/usb_device_cdc_acm.o
 .debug_frame   0x00001d08       0x80 build/for_Bootloader/debug/_ext/1107379230/heap_1.o
 .debug_frame   0x00001d88       0xf0 build/for_Bootloader/debug/_ext/1282498059/port.o
 .debug_frame   0x00001e78       0xd4 build/for_Bootloader/debug/_ext/373060831/croutine.o
 .debug_frame   0x00001f4c       0x9c build/for_Bootloader/debug/_ext/373060831/list.o
 .debug_frame   0x00001fe8      0x294 build/for_Bootloader/debug/_ext/373060831/queue.o
 .debug_frame   0x0000227c      0x51c build/for_Bootloader/debug/_ext/373060831/tasks.o
 .debug_frame   0x00002798      0x144 build/for_Bootloader/debug/_ext/373060831/event_groups.o
 .debug_frame   0x000028dc       0x28 c:/program files (x86)/microchip/xc32/v1.31/bin/../lib/gcc/pic32mx/4.5.2\libgcc.a(floatunsisf.o)
 .debug_frame   0x00002904       0x28 c:/program files (x86)/microchip/xc32/v1.31/bin/../lib/gcc/pic32mx/4.5.2/../../../../pic32mx/lib\libpic32.a(default-bootstrap-exception-handler.o)
 .debug_frame   0x0000292c       0x20 c:/program files (x86)/microchip/xc32/v1.31/bin/../lib/gcc/pic32mx/4.5.2/../../../../pic32mx/lib\libpic32.a(default-on-reset.o)
 .debug_frame   0x0000294c       0x20 c:/program files (x86)/microchip/xc32/v1.31/bin/../lib/gcc/pic32mx/4.5.2/../../../../pic32mx/lib\libpic32.a(default-on-bootstrap.o)
 .debug_frame   0x0000296c       0x28 c:/program files (x86)/microchip/xc32/v1.31/bin/../lib/gcc/pic32mx/4.5.2/../../../../pic32mx/lib\libpic32.a(default-general-exception-handler.o)
 .debug_frame   0x00002994       0x20 c:/program files (x86)/microchip/xc32/v1.31/bin/../lib/gcc/pic32mx/4.5.2/../../../../pic32mx/lib\software-debug-break.o

.debug_str      0x00000000     0x15e7
 *(.debug_str)
 .debug_str     0x00000000       0x2d build/for_Bootloader/debug/_ext/12144542/drv_i2c_static.o
 .debug_str     0x0000002d        0x0 build/for_Bootloader/debug/_ext/664138601/drv_pmp_static.o
 .debug_str     0x0000002d       0xaa build/for_Bootloader/debug/_ext/2077795248/drv_spi_static.o
 .debug_str     0x000000d7       0x64 build/for_Bootloader/debug/_ext/639803181/sys_clk_static.o
 .debug_str     0x0000013b        0x0 build/for_Bootloader/debug/_ext/822048611/sys_ports_static.o
 .debug_str     0x0000013b      0x1ca build/for_Bootloader/debug/_ext/1688732426/system_init.o
 .debug_str     0x00000305       0x64 build/for_Bootloader/debug/_ext/1688732426/system_interrupt.o
 .debug_str     0x00000369       0x72 build/for_Bootloader/debug/_ext/1688732426/system_tasks.o
 .debug_str     0x000003db        0x9 build/for_Bootloader/debug/_ext/1688732426/rtos_hooks.o
 .debug_str     0x000003e4       0x64 build/for_Bootloader/debug/_ext/1360937237/app.o
 .debug_str     0x00000448       0x64 build/for_Bootloader/debug/_ext/1360937237/app1.o
 .debug_str     0x000004ac       0x64 build/for_Bootloader/debug/_ext/1360937237/app2.o
 .debug_str     0x00000510        0x0 build/for_Bootloader/debug/_ext/1360937237/main.o
 .debug_str     0x00000510       0x6f build/for_Bootloader/debug/_ext/1360937237/fm14_app.o
 .debug_str     0x0000057f       0x84 build/for_Bootloader/debug/_ext/1036670253/fm14.o
 .debug_str     0x00000603       0x6c build/for_Bootloader/debug/_ext/954485971/led.o
 .debug_str     0x0000066f       0x72 build/for_Bootloader/debug/_ext/1062952361/XcpBasic.o
 .debug_str     0x000006e1       0x64 build/for_Bootloader/debug/_ext/1062952361/xcp_par.o
 .debug_str     0x00000745      0x12b build/for_Bootloader/debug/_ext/1062952361/xcp_usb.o
 .debug_str     0x00000870       0x93 build/for_Bootloader/debug/_ext/831465284/drv_usb.o
 .debug_str     0x00000903       0xe9 build/for_Bootloader/debug/_ext/831465284/drv_usb_device.o
 .debug_str     0x000009ec       0x40 build/for_Bootloader/debug/_ext/308321468/osal_freertos.o
 .debug_str     0x00000a2c       0x23 build/for_Bootloader/debug/_ext/482662494/sys_devcon.o
 .debug_str     0x00000a4f       0x49 build/for_Bootloader/debug/_ext/482662494/sys_devcon_pic32mx.o
 .debug_str     0x00000a98        0x0 build/for_Bootloader/debug/_ext/1042686532/sys_int_pic32.o
 .debug_str     0x00000a98       0x34 build/for_Bootloader/debug/_ext/826631961/sys_ports.o
 .debug_str     0x00000acc      0x2c1 build/for_Bootloader/debug/_ext/2136608937/usb_device.o
 .debug_str     0x00000d8d      0x1b0 build/for_Bootloader/debug/_ext/2136608937/usb_device_cdc.o
 .debug_str     0x00000f3d       0x21 build/for_Bootloader/debug/_ext/2136608937/usb_device_cdc_acm.o
 .debug_str     0x00000f5e        0x0 build/for_Bootloader/debug/_ext/1107379230/heap_1.o
 .debug_str     0x00000f5e       0x6a build/for_Bootloader/debug/_ext/1282498059/port.o
 .debug_str     0x00000fc8      0x13a build/for_Bootloader/debug/_ext/373060831/croutine.o
 .debug_str     0x00001102       0x2b build/for_Bootloader/debug/_ext/373060831/list.o
 .debug_str     0x0000112d       0xff build/for_Bootloader/debug/_ext/373060831/queue.o
 .debug_str     0x0000122c      0x2d5 build/for_Bootloader/debug/_ext/373060831/tasks.o
 .debug_str     0x00001501        0x0 build/for_Bootloader/debug/_ext/373060831/timers.o
 .debug_str     0x00001501       0xe6 build/for_Bootloader/debug/_ext/373060831/event_groups.o
 .debug_str     0x000015e7        0x0 c:/program files (x86)/microchip/xc32/v1.31/bin/../lib/gcc/pic32mx/4.5.2\libgcc.a(floatunsisf.o)
 .debug_str     0x000015e7        0x0 c:/program files (x86)/microchip/xc32/v1.31/bin/../lib/gcc/pic32mx/4.5.2/../../../../pic32mx/lib\libpic32.a(default-bootstrap-exception-handler.o)
 .debug_str     0x000015e7        0x0 c:/program files (x86)/microchip/xc32/v1.31/bin/../lib/gcc/pic32mx/4.5.2/../../../../pic32mx/lib\libpic32.a(default-on-reset.o)
 .debug_str     0x000015e7        0x0 c:/program files (x86)/microchip/xc32/v1.31/bin/../lib/gcc/pic32mx/4.5.2/../../../../pic32mx/lib\libpic32.a(default-on-bootstrap.o)
 .debug_str     0x000015e7        0x0 c:/program files (x86)/microchip/xc32/v1.31/bin/../lib/gcc/pic32mx/4.5.2/../../../../pic32mx/lib\libpic32.a(default-general-exception-handler.o)
 .debug_str     0x000015e7        0x0 c:/program files (x86)/microchip/xc32/v1.31/bin/../lib/gcc/pic32mx/4.5.2/../../../../pic32mx/lib\software-debug-break.o

.debug_loc      0x00000000     0x3d26
 *(.debug_loc)
 .debug_loc     0x00000000      0x318 build/for_Bootloader/debug/_ext/12144542/drv_i2c_static.o
 .debug_loc     0x00000318       0xb0 build/for_Bootloader/debug/_ext/664138601/drv_pmp_static.o
 .debug_loc     0x000003c8      0x1b8 build/for_Bootloader/debug/_ext/2077795248/drv_spi_static.o
 .debug_loc     0x00000580       0xb0 build/for_Bootloader/debug/_ext/639803181/sys_clk_static.o
 .debug_loc     0x00000630       0x2c build/for_Bootloader/debug/_ext/822048611/sys_ports_static.o
 .debug_loc     0x0000065c       0x2c build/for_Bootloader/debug/_ext/1688732426/system_init.o
 .debug_loc     0x00000688       0x2c build/for_Bootloader/debug/_ext/1688732426/system_interrupt.o
 .debug_loc     0x000006b4       0xdc build/for_Bootloader/debug/_ext/1688732426/system_tasks.o
 .debug_loc     0x00000790       0x58 build/for_Bootloader/debug/_ext/1688732426/rtos_hooks.o
 .debug_loc     0x000007e8       0x58 build/for_Bootloader/debug/_ext/1360937237/app.o
 .debug_loc     0x00000840       0x58 build/for_Bootloader/debug/_ext/1360937237/app1.o
 .debug_loc     0x00000898       0x58 build/for_Bootloader/debug/_ext/1360937237/app2.o
 .debug_loc     0x000008f0       0x2c build/for_Bootloader/debug/_ext/1360937237/main.o
 .debug_loc     0x0000091c       0x2c build/for_Bootloader/debug/_ext/1360937237/fm14_app.o
 .debug_loc     0x00000948      0x210 build/for_Bootloader/debug/_ext/1036670253/fm14.o
 .debug_loc     0x00000b58      0x108 build/for_Bootloader/debug/_ext/954485971/led.o
 .debug_loc     0x00000c60      0x47a build/for_Bootloader/debug/_ext/1062952361/XcpBasic.o
 .debug_loc     0x000010da      0x136 build/for_Bootloader/debug/_ext/1062952361/xcp_usb.o
 .debug_loc     0x00001210      0x1e4 build/for_Bootloader/debug/_ext/831465284/drv_usb.o
 .debug_loc     0x000013f4      0x376 build/for_Bootloader/debug/_ext/831465284/drv_usb_device.o
 .debug_loc     0x0000176a      0x268 build/for_Bootloader/debug/_ext/308321468/osal_freertos.o
 .debug_loc     0x000019d2      0x210 build/for_Bootloader/debug/_ext/482662494/sys_devcon.o
 .debug_loc     0x00001be2       0x2c build/for_Bootloader/debug/_ext/482662494/sys_devcon_pic32mx.o
 .debug_loc     0x00001c0e       0xb0 build/for_Bootloader/debug/_ext/1042686532/sys_int_pic32.o
 .debug_loc     0x00001cbe      0x4d0 build/for_Bootloader/debug/_ext/826631961/sys_ports.o
 .debug_loc     0x0000218e      0x6ba build/for_Bootloader/debug/_ext/2136608937/usb_device.o
 .debug_loc     0x00002848      0x268 build/for_Bootloader/debug/_ext/2136608937/usb_device_cdc.o
 .debug_loc     0x00002ab0       0x2c build/for_Bootloader/debug/_ext/2136608937/usb_device_cdc_acm.o
 .debug_loc     0x00002adc       0xb0 build/for_Bootloader/debug/_ext/1107379230/heap_1.o
 .debug_loc     0x00002b8c      0x160 build/for_Bootloader/debug/_ext/1282498059/port.o
 .debug_loc     0x00002cec      0x134 build/for_Bootloader/debug/_ext/373060831/croutine.o
 .debug_loc     0x00002e20       0xdc build/for_Bootloader/debug/_ext/373060831/list.o
 .debug_loc     0x00002efc      0x3f4 build/for_Bootloader/debug/_ext/373060831/queue.o
 .debug_loc     0x000032f0      0x7e8 build/for_Bootloader/debug/_ext/373060831/tasks.o
 .debug_loc     0x00003ad8      0x1e6 build/for_Bootloader/debug/_ext/373060831/event_groups.o
 .debug_loc     0x00003cbe       0x68 c:/program files (x86)/microchip/xc32/v1.31/bin/../lib/gcc/pic32mx/4.5.2\libgcc.a(floatunsisf.o)

.debug_macinfo
 *(.debug_macinfo)

.debug_weaknames
 *(.debug_weaknames)

.debug_funcnames
 *(.debug_funcnames)

.debug_typenames
 *(.debug_typenames)

.debug_varnames
 *(.debug_varnames)

.debug_pubtypes
                0x00000000     0x2d4b
 *(.debug_pubtypes)
 .debug_pubtypes
                0x00000000       0x41 build/for_Bootloader/debug/_ext/12144542/drv_i2c_static.o
 .debug_pubtypes
                0x00000041       0x21 build/for_Bootloader/debug/_ext/664138601/drv_pmp_static.o
 .debug_pubtypes
                0x00000062       0x83 build/for_Bootloader/debug/_ext/2077795248/drv_spi_static.o
 .debug_pubtypes
                0x000000e5       0xfc build/for_Bootloader/debug/_ext/639803181/sys_clk_static.o
 .debug_pubtypes
                0x000001e1       0x12 build/for_Bootloader/debug/_ext/822048611/sys_ports_static.o
 .debug_pubtypes
                0x000001f3      0x258 build/for_Bootloader/debug/_ext/1688732426/system_init.o
 .debug_pubtypes
                0x0000044b       0xab build/for_Bootloader/debug/_ext/1688732426/system_interrupt.o
 .debug_pubtypes
                0x000004f6       0xcd build/for_Bootloader/debug/_ext/1688732426/system_tasks.o
 .debug_pubtypes
                0x000005c3       0x32 build/for_Bootloader/debug/_ext/1688732426/rtos_hooks.o
 .debug_pubtypes
                0x000005f5       0x75 build/for_Bootloader/debug/_ext/1360937237/app.o
 .debug_pubtypes
                0x0000066a       0x75 build/for_Bootloader/debug/_ext/1360937237/app1.o
 .debug_pubtypes
                0x000006df       0x75 build/for_Bootloader/debug/_ext/1360937237/app2.o
 .debug_pubtypes
                0x00000754       0x12 build/for_Bootloader/debug/_ext/1360937237/main.o
 .debug_pubtypes
                0x00000766       0x80 build/for_Bootloader/debug/_ext/1360937237/fm14_app.o
 .debug_pubtypes
                0x000007e6       0x8f build/for_Bootloader/debug/_ext/1036670253/fm14.o
 .debug_pubtypes
                0x00000875       0x8e build/for_Bootloader/debug/_ext/954485971/led.o
 .debug_pubtypes
                0x00000903      0x103 build/for_Bootloader/debug/_ext/1062952361/XcpBasic.o
 .debug_pubtypes
                0x00000a06       0x80 build/for_Bootloader/debug/_ext/1062952361/xcp_par.o
 .debug_pubtypes
                0x00000a86      0x466 build/for_Bootloader/debug/_ext/1062952361/xcp_usb.o
 .debug_pubtypes
                0x00000eec      0x344 build/for_Bootloader/debug/_ext/831465284/drv_usb.o
 .debug_pubtypes
                0x00001230      0x337 build/for_Bootloader/debug/_ext/831465284/drv_usb_device.o
 .debug_pubtypes
                0x00001567      0x14e build/for_Bootloader/debug/_ext/308321468/osal_freertos.o
 .debug_pubtypes
                0x000016b5       0xe6 build/for_Bootloader/debug/_ext/482662494/sys_devcon.o
 .debug_pubtypes
                0x0000179b       0x24 build/for_Bootloader/debug/_ext/482662494/sys_devcon_pic32mx.o
 .debug_pubtypes
                0x000017bf       0x6a build/for_Bootloader/debug/_ext/1042686532/sys_int_pic32.o
 .debug_pubtypes
                0x00001829      0x189 build/for_Bootloader/debug/_ext/826631961/sys_ports.o
 .debug_pubtypes
                0x000019b2      0x55b build/for_Bootloader/debug/_ext/2136608937/usb_device.o
 .debug_pubtypes
                0x00001f0d      0x5fd build/for_Bootloader/debug/_ext/2136608937/usb_device_cdc.o
 .debug_pubtypes
                0x0000250a      0x19d build/for_Bootloader/debug/_ext/2136608937/usb_device_cdc_acm.o
 .debug_pubtypes
                0x000026a7       0x3a build/for_Bootloader/debug/_ext/1107379230/heap_1.o
 .debug_pubtypes
                0x000026e1       0xb7 build/for_Bootloader/debug/_ext/1282498059/port.o
 .debug_pubtypes
                0x00002798      0x10b build/for_Bootloader/debug/_ext/373060831/croutine.o
 .debug_pubtypes
                0x000028a3       0x9a build/for_Bootloader/debug/_ext/373060831/list.o
 .debug_pubtypes
                0x0000293d      0x128 build/for_Bootloader/debug/_ext/373060831/queue.o
 .debug_pubtypes
                0x00002a65      0x1a5 build/for_Bootloader/debug/_ext/373060831/tasks.o
 .debug_pubtypes
                0x00002c0a       0x12 build/for_Bootloader/debug/_ext/373060831/timers.o
 .debug_pubtypes
                0x00002c1c       0xfb build/for_Bootloader/debug/_ext/373060831/event_groups.o
 .debug_pubtypes
                0x00002d17       0x34 c:/program files (x86)/microchip/xc32/v1.31/bin/../lib/gcc/pic32mx/4.5.2\libgcc.a(floatunsisf.o)

.debug_ranges   0x00000000       0x20
 *(.debug_ranges)
 .debug_ranges  0x00000000       0x20 build/for_Bootloader/debug/_ext/1688732426/system_interrupt_a.o

.gnu.attributes
                0x00000000       0x10
 *(.gnu.attributes)
 .gnu.attributes
                0x00000000       0x10 build/for_Bootloader/debug/_ext/12144542/drv_i2c_static.o
 .gnu.attributes
                0x00000010       0x10 build/for_Bootloader/debug/_ext/664138601/drv_pmp_static.o
 .gnu.attributes
                0x00000020       0x10 build/for_Bootloader/debug/_ext/2077795248/drv_spi_static.o
 .gnu.attributes
                0x00000030       0x10 build/for_Bootloader/debug/_ext/639803181/sys_clk_static.o
 .gnu.attributes
                0x00000040       0x10 build/for_Bootloader/debug/_ext/822048611/sys_ports_static.o
 .gnu.attributes
                0x00000050       0x10 build/for_Bootloader/debug/_ext/1688732426/system_init.o
 .gnu.attributes
                0x00000060       0x10 build/for_Bootloader/debug/_ext/1688732426/system_interrupt.o
 .gnu.attributes
                0x00000070       0x10 build/for_Bootloader/debug/_ext/1688732426/system_tasks.o
 .gnu.attributes
                0x00000080       0x10 build/for_Bootloader/debug/_ext/1688732426/rtos_hooks.o
 .gnu.attributes
                0x00000090       0x10 build/for_Bootloader/debug/_ext/1360937237/app.o
 .gnu.attributes
                0x000000a0       0x10 build/for_Bootloader/debug/_ext/1360937237/app1.o
 .gnu.attributes
                0x000000b0       0x10 build/for_Bootloader/debug/_ext/1360937237/app2.o
 .gnu.attributes
                0x000000c0       0x10 build/for_Bootloader/debug/_ext/1360937237/main.o
 .gnu.attributes
                0x000000d0       0x10 build/for_Bootloader/debug/_ext/1360937237/fm14_app.o
 .gnu.attributes
                0x000000e0       0x10 build/for_Bootloader/debug/_ext/1036670253/fm14.o
 .gnu.attributes
                0x000000f0       0x10 build/for_Bootloader/debug/_ext/954485971/led.o
 .gnu.attributes
                0x00000100       0x10 build/for_Bootloader/debug/_ext/1062952361/XcpBasic.o
 .gnu.attributes
                0x00000110       0x10 build/for_Bootloader/debug/_ext/1062952361/xcp_par.o
 .gnu.attributes
                0x00000120       0x10 build/for_Bootloader/debug/_ext/1062952361/xcp_usb.o
 .gnu.attributes
                0x00000130       0x10 build/for_Bootloader/debug/_ext/831465284/drv_usb.o
 .gnu.attributes
                0x00000140       0x10 build/for_Bootloader/debug/_ext/831465284/drv_usb_device.o
 .gnu.attributes
                0x00000150       0x10 build/for_Bootloader/debug/_ext/308321468/osal_freertos.o
 .gnu.attributes
                0x00000160       0x10 build/for_Bootloader/debug/_ext/482662494/sys_devcon.o
 .gnu.attributes
                0x00000170       0x10 build/for_Bootloader/debug/_ext/482662494/sys_devcon_pic32mx.o
 .gnu.attributes
                0x00000180       0x10 build/for_Bootloader/debug/_ext/1042686532/sys_int_pic32.o
 .gnu.attributes
                0x00000190       0x10 build/for_Bootloader/debug/_ext/826631961/sys_ports.o
 .gnu.attributes
                0x000001a0       0x10 build/for_Bootloader/debug/_ext/2136608937/usb_device.o
 .gnu.attributes
                0x000001b0       0x10 build/for_Bootloader/debug/_ext/2136608937/usb_device_cdc.o
 .gnu.attributes
                0x000001c0       0x10 build/for_Bootloader/debug/_ext/2136608937/usb_device_cdc_acm.o
 .gnu.attributes
                0x000001d0       0x10 build/for_Bootloader/debug/_ext/1107379230/heap_1.o
 .gnu.attributes
                0x000001e0       0x10 build/for_Bootloader/debug/_ext/1282498059/port.o
 .gnu.attributes
                0x000001f0       0x10 build/for_Bootloader/debug/_ext/373060831/croutine.o
 .gnu.attributes
                0x00000200       0x10 build/for_Bootloader/debug/_ext/373060831/list.o
 .gnu.attributes
                0x00000210       0x10 build/for_Bootloader/debug/_ext/373060831/queue.o
 .gnu.attributes
                0x00000220       0x10 build/for_Bootloader/debug/_ext/373060831/tasks.o
 .gnu.attributes
                0x00000230       0x10 build/for_Bootloader/debug/_ext/373060831/timers.o
 .gnu.attributes
                0x00000240       0x10 build/for_Bootloader/debug/_ext/373060831/event_groups.o
 .gnu.attributes
                0x00000250       0x10 ..\..\..\..\..\bin\framework\peripheral\PIC32MX795F512L_peripherals.a(peripheral.o)
 .gnu.attributes
                0x00000260       0x10 c:/program files (x86)/microchip/xc32/v1.31/bin/../lib/gcc/pic32mx/4.5.2\libgcc.a(floatunsisf.o)
 .gnu.attributes
                0x00000270       0x10 c:/program files (x86)/microchip/xc32/v1.31/bin/../lib/gcc/pic32mx/4.5.2/../../../../pic32mx/lib\libpic32.a(default-bootstrap-exception-handler.o)
 .gnu.attributes
                0x00000280       0x10 c:/program files (x86)/microchip/xc32/v1.31/bin/../lib/gcc/pic32mx/4.5.2/../../../../pic32mx/lib\libpic32.a(default-on-reset.o)
 .gnu.attributes
                0x00000290       0x10 c:/program files (x86)/microchip/xc32/v1.31/bin/../lib/gcc/pic32mx/4.5.2/../../../../pic32mx/lib\libpic32.a(default-on-bootstrap.o)
 .gnu.attributes
                0x000002a0       0x10 c:/program files (x86)/microchip/xc32/v1.31/bin/../lib/gcc/pic32mx/4.5.2/../../../../pic32mx/lib\libpic32.a(default-general-exception-handler.o)
 .gnu.attributes
                0x000002b0       0x10 c:/program files (x86)/microchip/xc32/v1.31/bin/../lib/gcc/pic32mx/4.5.2/../../../../pic32mx/lib\software-debug-break.o
                0x00000001                __MPLAB_DEBUG = 0x1
                0x00000001                __DEBUG = 0x1
                0x00000001                __MPLAB_DEBUGGER_ICD3 = 0x1
                0x0000afa0                _min_heap_size = 0xafa0
LOAD c:/program files (x86)/microchip/xc32/v1.31/bin/../lib/gcc/pic32mx/4.5.2\libgcc.a
START GROUP
LOAD c:/program files (x86)/microchip/xc32/v1.31/bin/../lib/gcc/pic32mx/4.5.2/../../../../pic32mx/lib\libpic32.a
LOAD c:/program files (x86)/microchip/xc32/v1.31/bin/../lib/gcc/pic32mx/4.5.2/../../../../pic32mx/lib\libdebug.a
LOAD c:/program files (x86)/microchip/xc32/v1.31/bin/../lib/gcc/pic32mx/4.5.2/../../../../pic32mx/lib\libm.a
LOAD c:/program files (x86)/microchip/xc32/v1.31/bin/../lib/gcc/pic32mx/4.5.2/../../../../pic32mx/lib\libe.a
LOAD c:/program files (x86)/microchip/xc32/v1.31/bin/../lib/gcc/pic32mx/4.5.2/../../../../pic32mx/lib\libdsp.a
LOAD c:/program files (x86)/microchip/xc32/v1.31/bin/../lib/gcc/pic32mx/4.5.2\libgcc.a
LOAD c:/program files (x86)/microchip/xc32/v1.31/bin/../lib/gcc/pic32mx/4.5.2/../../../../pic32mx/lib\libpic32.a
LOAD c:/program files (x86)/microchip/xc32/v1.31/bin/../lib/gcc/pic32mx/4.5.2/../../../../pic32mx/lib\libc.a
LOAD c:/program files (x86)/microchip/xc32/v1.31/bin/../lib/gcc/pic32mx/4.5.2/../../../../pic32mx/lib\libpic32.a
END GROUP
LOAD c:/program files (x86)/microchip/xc32/v1.31/bin/../lib/gcc/pic32mx/4.5.2\libgcc.a
LOAD c:/program files (x86)/microchip/xc32/v1.31/bin/../lib/gcc/pic32mx/4.5.2/../../../../pic32mx/lib\software-debug-break.o
OUTPUT(dist/for_Bootloader/debug/fm14.X.debug.elf elf32-tradlittlemips)
LOAD stack
LOAD data_init

.reginfo        0x00000000       0x18
 .reginfo       0x00000000       0x18 c:/program files (x86)/microchip/xc32/v1.31/bin/../lib/gcc/pic32mx/4.5.2/../../../../pic32mx/lib/./proc/32MX795F512L/crt0_mips32r2.o

.stack          0xa001a050      0x400
 .stack         0xa001a050      0x400 stack

_057971205722f9a6
                0xa0005000       0x48
 _057971205722f9a6
                0xa0005000       0x48 build/for_Bootloader/debug/_ext/1360937237/fm14_app.o
                0xa0005000                TERMINATOR

_057971805722f9a6
                0xa0005048       0x48
 _057971805722f9a6
                0xa0005048       0x48 build/for_Bootloader/debug/_ext/1360937237/fm14_app.o
                0xa0005048                DUTIN

.bss            0xa0005090     0xa000
 .bss           0xa0005090     0xa000 build/for_Bootloader/debug/_ext/1107379230/heap_1.o

.bss            0xa000073c     0x2000
 .bss           0xa000073c     0x2000 build/for_Bootloader/debug/_ext/1282498059/port.o
                0xa000073c                xISRStack

.bss            0xa000028c       0xec
 .bss           0xa000028c       0xec build/for_Bootloader/debug/_ext/2136608937/usb_device.o

.bss            0xa000273c       0xe4
 .bss           0xa000273c       0xe4 build/for_Bootloader/debug/_ext/1062952361/XcpBasic.o

.text.XcpCommand
                0x9d00d490      0xe28
 .text.XcpCommand
                0x9d00d490      0xe28 build/for_Bootloader/debug/_ext/1062952361/XcpBasic.o
                0x9d00d490                XcpCommand

.text._DRV_USB_DEVICE_Tasks_ISR
                0x9d00e2b8      0x9e0
 .text._DRV_USB_DEVICE_Tasks_ISR
                0x9d00e2b8      0x9e0 build/for_Bootloader/debug/_ext/831465284/drv_usb_device.o
                0x9d00e2b8                _DRV_USB_DEVICE_Tasks_ISR

.text._USB_DEVICE_ProcessStandardDeviceGetRequests
                0x9d00ec98      0x57c
 .text._USB_DEVICE_ProcessStandardDeviceGetRequests
                0x9d00ec98      0x57c build/for_Bootloader/debug/_ext/2136608937/usb_device.o
                0x9d00ec98                _USB_DEVICE_ProcessStandardDeviceGetRequests

.text           0x9d00f214      0x454
 .text          0x9d00f214      0x454 build/for_Bootloader/debug/_ext/1282498059/port_asm.o
                0x9d00f214                vPortTickInterruptHandler
                0x9d00f3c0                vPortStartFirstTask
                0x9d00f488                vPortYieldISR

.text.FM14_tasks
                0x9d00f668      0x3c8
 .text.FM14_tasks
                0x9d00f668      0x3c8 build/for_Bootloader/debug/_ext/1360937237/fm14_app.o
                0x9d00f668                FM14_tasks

.text._USB_DEVICE_ProcessStandardDeviceSetRequests
                0x9d00fa30      0x3a0
 .text._USB_DEVICE_ProcessStandardDeviceSetRequests
                0x9d00fa30      0x3a0 build/for_Bootloader/debug/_ext/2136608937/usb_device.o
                0x9d00fa30                _USB_DEVICE_ProcessStandardDeviceSetRequests

.text._USB_DEVICE_EventHandler
                0x9d00fdd0      0x35c
 .text._USB_DEVICE_EventHandler
                0x9d00fdd0      0x35c build/for_Bootloader/debug/_ext/2136608937/usb_device.o
                0x9d00fdd0                _USB_DEVICE_EventHandler

.text.DRV_USB_DEVICE_IRPSubmit
                0x9d01012c      0x358
 .text.DRV_USB_DEVICE_IRPSubmit
                0x9d01012c      0x358 build/for_Bootloader/debug/_ext/831465284/drv_usb_device.o
                0x9d01012c                DRV_USB_DEVICE_IRPSubmit

.text.DRV_USB_DEVICE_EndpointStall
                0x9d010484      0x334
 .text.DRV_USB_DEVICE_EndpointStall
                0x9d010484      0x334 build/for_Bootloader/debug/_ext/831465284/drv_usb_device.o
                0x9d010484                DRV_USB_DEVICE_EndpointStall

.text.xQueueGenericReceive
                0x9d0107b8      0x328
 .text.xQueueGenericReceive
                0x9d0107b8      0x328 build/for_Bootloader/debug/_ext/373060831/queue.o
                0x9d0107b8                xQueueGenericReceive

.text.USB_DEVICE_CDC_Write
                0x9d010ae0      0x31c
 .text.USB_DEVICE_CDC_Write
                0x9d010ae0      0x31c build/for_Bootloader/debug/_ext/2136608937/usb_device_cdc.o
                0x9d010ae0                USB_DEVICE_CDC_Write

.text.USB_DEVICE_Initialize
                0x9d010dfc      0x318