Archive member included because of file (symbol)

..\..\..\..\..\bin\framework\peripheral\PIC32MX795F512L_peripherals.a(peripheral.o)
                              build/default/production/_ext/482662494/sys_devcon_pic32mx.o (PLIB_BMX_ExistsDataRamWaitState)

Optional file libmchp_peripheral.a not found

Optional file libmchp_peripheral_32MX795F512L.a not found
c:/program files/microchip/xc32/v1.42/bin/bin/../../lib/gcc/pic32mx/4.8.3\libgcc.a(floatunsisf.o)
                              ..\..\..\..\..\bin\framework\peripheral\PIC32MX795F512L_peripherals.a(peripheral.o) (__floatunsisf)
c:/program files/microchip/xc32/v1.42/bin/bin/../../lib/gcc/pic32mx/4.8.3/../../../../pic32mx/lib\libpic32.a(memcmp.o)
                              build/default/production/_ext/373060831/tasks.o (memcmp)
c:/program files/microchip/xc32/v1.42/bin/bin/../../lib/gcc/pic32mx/4.8.3/../../../../pic32mx/lib\libpic32.a(memcpy.o)
                              build/default/production/_ext/1062952361/xcp_usb.o (memcpy)
c:/program files/microchip/xc32/v1.42/bin/bin/../../lib/gcc/pic32mx/4.8.3/../../../../pic32mx/lib\libpic32.a(memset.o)
                              build/default/production/_ext/373060831/tasks.o (memset)
c:/program files/microchip/xc32/v1.42/bin/bin/../../lib/gcc/pic32mx/4.8.3/../../../../pic32mx/lib\libpic32.a(default-bootstrap-exception-handler.o)
                              c:/program files/microchip/xc32/v1.42/bin/bin/../../lib/gcc/pic32mx/4.8.3/../../../../pic32mx/lib/./proc/32MX795F512L/crt0_mips32r2.o (_bootstrap_exception_handler)
c:/program files/microchip/xc32/v1.42/bin/bin/../../lib/gcc/pic32mx/4.8.3/../../../../pic32mx/lib\libpic32.a(default-on-reset.o)
                              c:/program files/microchip/xc32/v1.42/bin/bin/../../lib/gcc/pic32mx/4.8.3/../../../../pic32mx/lib/./proc/32MX795F512L/crt0_mips32r2.o (_on_reset)
c:/program files/microchip/xc32/v1.42/bin/bin/../../lib/gcc/pic32mx/4.8.3/../../../../pic32mx/lib\libpic32.a(default-on-bootstrap.o)
                              c:/program files/microchip/xc32/v1.42/bin/bin/../../lib/gcc/pic32mx/4.8.3/../../../../pic32mx/lib/./proc/32MX795F512L/crt0_mips32r2.o (_on_bootstrap)
c:/program files/microchip/xc32/v1.42/bin/bin/../../lib/gcc/pic32mx/4.8.3/../../../../pic32mx/lib\libpic32.a(default-nmi-handler.o)
                              c:/program files/microchip/xc32/v1.42/bin/bin/../../lib/gcc/pic32mx/4.8.3/../../../../pic32mx/lib/./proc/32MX795F512L/crt0_mips32r2.o (_nmi_handler)
c:/program files/microchip/xc32/v1.42/bin/bin/../../lib/gcc/pic32mx/4.8.3/../../../../pic32mx/lib\libpic32.a(general-exception.o)
                              c:/program files/microchip/xc32/v1.42/bin/bin/../../lib/gcc/pic32mx/4.8.3/../../../../pic32mx/lib/./proc/32MX795F512L/crt0_mips32r2.o (_general_exception_context)
c:/program files/microchip/xc32/v1.42/bin/bin/../../lib/gcc/pic32mx/4.8.3/../../../../pic32mx/lib\libpic32.a(vector0.o)
                              c:/program files/microchip/xc32/v1.42/bin/bin/../../lib/gcc/pic32mx/4.8.3/../../../../pic32mx/lib/./proc/32MX795F512L\default_isr_vectors.o (__vector_dispatch_0)
c:/program files/microchip/xc32/v1.42/bin/bin/../../lib/gcc/pic32mx/4.8.3/../../../../pic32mx/lib\libpic32.a(vector2.o)
                              c:/program files/microchip/xc32/v1.42/bin/bin/../../lib/gcc/pic32mx/4.8.3/../../../../pic32mx/lib/./proc/32MX795F512L\default_isr_vectors.o (__vector_dispatch_2)
c:/program files/microchip/xc32/v1.42/bin/bin/../../lib/gcc/pic32mx/4.8.3/../../../../pic32mx/lib\libpic32.a(vector3.o)
                              c:/program files/microchip/xc32/v1.42/bin/bin/../../lib/gcc/pic32mx/4.8.3/../../../../pic32mx/lib/./proc/32MX795F512L\default_isr_vectors.o (__vector_dispatch_3)
c:/program files/microchip/xc32/v1.42/bin/bin/../../lib/gcc/pic32mx/4.8.3/../../../../pic32mx/lib\libpic32.a(vector5.o)
                              c:/program files/microchip/xc32/v1.42/bin/bin/../../lib/gcc/pic32mx/4.8.3/../../../../pic32mx/lib/./proc/32MX795F512L\default_isr_vectors.o (__vector_dispatch_5)
c:/program files/microchip/xc32/v1.42/bin/bin/../../lib/gcc/pic32mx/4.8.3/../../../../pic32mx/lib\libpic32.a(vector6.o)
                              c:/program files/microchip/xc32/v1.42/bin/bin/../../lib/gcc/pic32mx/4.8.3/../../../../pic32mx/lib/./proc/32MX795F512L\default_isr_vectors.o (__vector_dispatch_6)
c:/program files/microchip/xc32/v1.42/bin/bin/../../lib/gcc/pic32mx/4.8.3/../../../../pic32mx/lib\libpic32.a(vector7.o)
                              c:/program files/microchip/xc32/v1.42/bin/bin/../../lib/gcc/pic32mx/4.8.3/../../../../pic32mx/lib/./proc/32MX795F512L\default_isr_vectors.o (__vector_dispatch_7)
c:/program files/microchip/xc32/v1.42/bin/bin/../../lib/gcc/pic32mx/4.8.3/../../../../pic32mx/lib\libpic32.a(vector8.o)
                              c:/program files/microchip/xc32/v1.42/bin/bin/../../lib/gcc/pic32mx/4.8.3/../../../../pic32mx/lib/./proc/32MX795F512L\default_isr_vectors.o (__vector_dispatch_8)
[...]
Memory Configuration

Name             Origin             Length             Attributes
kseg0_program_mem 0x9d000000         0x00080000         xr
kseg0_boot_mem   0x9fc00490         0x00000970
exception_mem    0x9fc01000         0x00001000
kseg1_boot_mem   0xbfc00000         0x00000490
debug_exec_mem   0xbfc02000         0x00000ff0
config3          0xbfc02ff0         0x00000004
config2          0xbfc02ff4         0x00000004
config1          0xbfc02ff8         0x00000004
config0          0xbfc02ffc         0x00000004
kseg1_data_mem   0xa0000000         0x00020000         w !x
sfrs             0xbf800000         0x00100000
configsfrs       0xbfc02ff0         0x00000010
*default*        0x00000000         0xffffffff

Linker script and memory map

LOAD c:/program files/microchip/xc32/v1.42/bin/bin/../../lib/gcc/pic32mx/4.8.3/../../../../pic32mx/lib/./proc/32MX795F512L/crt0_mips32r2.o
LOAD c:/program files/microchip/xc32/v1.42/bin/bin/../../lib/gcc/pic32mx/4.8.3/../../../../pic32mx/lib\debug-exception-return.o
LOAD build/default/production/_ext/337818580/drv_can_static.o
LOAD build/default/production/_ext/12144542/drv_i2c_static.o
LOAD build/default/production/_ext/664138601/drv_pmp_static.o
LOAD build/default/production/_ext/2077795248/drv_spi_static.o
LOAD build/default/production/_ext/639803181/sys_clk_static.o
LOAD build/default/production/_ext/822048611/sys_ports_static.o
LOAD build/default/production/_ext/1688732426/system_init.o
LOAD build/default/production/_ext/1688732426/system_interrupt.o
LOAD build/default/production/_ext/1688732426/system_tasks.o
LOAD build/default/production/_ext/1688732426/system_interrupt_a.o
LOAD build/default/production/_ext/1688732426/rtos_hooks.o
LOAD build/default/production/_ext/1360937237/app.o
LOAD build/default/production/_ext/1360937237/app1.o
LOAD build/default/production/_ext/1360937237/app2.o
LOAD build/default/production/_ext/1360937237/main.o
LOAD build/default/production/_ext/1360937237/fm14_app.o
LOAD build/default/production/_ext/1360937237/mytest_1.o
LOAD build/default/production/_ext/1036670253/fm14.o
LOAD build/default/production/_ext/954485971/led.o
LOAD build/default/production/_ext/1062952361/XcpBasic.o
LOAD build/default/production/_ext/1062952361/xcp_par.o
LOAD build/default/production/_ext/1062952361/xcp_usb.o
LOAD build/default/production/_ext/831465284/drv_usb.o
LOAD build/default/production/_ext/831465284/drv_usb_device.o
LOAD build/default/production/_ext/308321468/osal_freertos.o
LOAD build/default/production/_ext/482662494/sys_devcon.o
LOAD build/default/production/_ext/482662494/sys_devcon_pic32mx.o
LOAD build/default/production/_ext/1042686532/sys_int_pic32.o
LOAD build/default/production/_ext/826631961/sys_ports.o
LOAD build/default/production/_ext/2136608937/usb_device.o
LOAD build/default/production/_ext/2136608937/usb_device_cdc.o
LOAD build/default/production/_ext/2136608937/usb_device_cdc_acm.o
LOAD build/default/production/_ext/1107379230/heap_1.o
LOAD build/default/production/_ext/1282498059/port.o
LOAD build/default/production/_ext/1282498059/port_asm.o
LOAD build/default/production/_ext/373060831/croutine.o
LOAD build/default/production/_ext/373060831/list.o
LOAD build/default/production/_ext/373060831/queue.o
LOAD build/default/production/_ext/373060831/tasks.o
LOAD build/default/production/_ext/373060831/timers.o
LOAD build/default/production/_ext/373060831/event_groups.o
LOAD build/default/production/_ext/803462356/sc_timer_service.o
LOAD build/default/production/_ext/1273167437/LightSwitch.o
LOAD ..\..\..\..\..\bin\framework\peripheral\PIC32MX795F512L_peripherals.a
                0x00000001                __MPLAB_BUILD = 0x1
                0x00000000                _min_heap_size = 0x0
LOAD c:/program files/microchip/xc32/v1.42/bin/bin/../../lib/gcc/pic32mx/4.8.3/../../../../pic32mx/lib/./proc/32MX795F512L\default_isr_vectors.o
LOAD c:/program files/microchip/xc32/v1.42/bin/bin/../../lib/gcc/pic32mx/4.8.3/../../../../pic32mx/lib\pic32_software_reset.o
                0x00000400                PROVIDE (_min_stack_size, 0x400)
LOAD c:/program files/microchip/xc32/v1.42/bin/bin/../../lib/gcc/pic32mx/4.8.3/../../../../pic32mx/lib/./proc/32MX795F512L\processor.o
START GROUP
LOAD libmchp_peripheral.a
END GROUP
START GROUP
LOAD libmchp_peripheral_32MX795F512L.a
END GROUP
                0x00000001                PROVIDE (_vector_spacing, 0x1)
                0x9fc01000                PROVIDE (_ebase_address, 0x9fc01000)
                0xbfc00000                _RESET_ADDR = 0xbfc00000
                0xbfc00380                _BEV_EXCPT_ADDR = 0xbfc00380
                0xbfc00480                _DBG_EXCPT_ADDR = 0xbfc00480
                0xbfc02000                _DBG_CODE_ADDR = 0xbfc02000
                0x00000ff0                _DBG_CODE_SIZE = 0xff0
                0x9fc01180                _GEN_EXCPT_ADDR = (_ebase_address + 0x180)

.config_BFC02FF0
                0xbfc02ff0        0x4
 *(.config_BFC02FF0)
 .config_BFC02FF0
                0xbfc02ff0        0x4 build/default/production/_ext/1688732426/system_init.o

.config_BFC02FF4
                0xbfc02ff4        0x4
 *(.config_BFC02FF4)
 .config_BFC02FF4
                0xbfc02ff4        0x4 build/default/production/_ext/1688732426/system_init.o

.config_BFC02FF8
                0xbfc02ff8        0x4
 *(.config_BFC02FF8)
 .config_BFC02FF8
                0xbfc02ff8        0x4 build/default/production/_ext/1688732426/system_init.o

.config_BFC02FFC
                0xbfc02ffc        0x4
 *(.config_BFC02FFC)
 .config_BFC02FFC
                0xbfc02ffc        0x4 build/default/production/_ext/1688732426/system_init.o
                0xbfc02000                PROVIDE (_DBG_CODE_ADDR, 0xbfc02000)
                0x00000ff0                PROVIDE (_DBG_CODE_SIZE, 0xff0)

.reset          0xbfc00000      0x208
 *(.reset)
 .reset         0xbfc00000        0x8 c:/program files/microchip/xc32/v1.42/bin/bin/../../lib/gcc/pic32mx/4.8.3/../../../../pic32mx/lib/./proc/32MX795F512L/crt0_mips32r2.o
                0xbfc00000                _reset
 *(.reset.startup)
 .reset.startup
                0xbfc00008      0x200 c:/program files/microchip/xc32/v1.42/bin/bin/../../lib/gcc/pic32mx/4.8.3/../../../../pic32mx/lib/./proc/32MX795F512L/crt0_mips32r2.o

.bev_excpt      0xbfc00380       0x10
 *(.bev_handler)
 .bev_handler   0xbfc00380       0x10 c:/program files/microchip/xc32/v1.42/bin/bin/../../lib/gcc/pic32mx/4.8.3/../../../../pic32mx/lib/./proc/32MX795F512L/crt0_mips32r2.o

.dbg_excpt      0xbfc00480        0x0
                0xbfc00480                . = (. + DEFINED (_DEBUGGER)?0x8:0x0)

.dbg_code       0xbfc02000        0x0
                0xbfc02000                . = (. + DEFINED (_DEBUGGER)?_DBG_CODE_SIZE:0x0)

.app_excpt      0x9fc01180       0x10
 *(.gen_handler)
 .gen_handler   0x9fc01180       0x10 c:/program files/microchip/xc32/v1.42/bin/bin/../../lib/gcc/pic32mx/4.8.3/../../../../pic32mx/lib/./proc/32MX795F512L/crt0_mips32r2.o

.vector_0       0x9fc01200        0x8
 *(.vector_0)
 .vector_0      0x9fc01200        0x8 c:/program files/microchip/xc32/v1.42/bin/bin/../../lib/gcc/pic32mx/4.8.3/../../../../pic32mx/lib\libpic32.a(vector0.o)
                0x9fc01200                __vector_dispatch_0
                0x00000001                ASSERT (((_vector_spacing == 0x0) || (SIZEOF (.vector_0) <= (_vector_spacing << 0x5))), function at exception vector 0 too large)

.vector_1       0x9fc01220        0x8
 *(.vector_1)
 .vector_1      0x9fc01220        0x8 build/default/production/_ext/1282498059/port.o
                0x9fc01220                __vector_dispatch_1
                0x00000001                ASSERT (((_vector_spacing == 0x0) || (SIZEOF (.vector_1) <= (_vector_spacing << 0x5))), function at exception vector 1 too large)

.vector_2       0x9fc01240        0x8
 *(.vector_2)
 .vector_2      0x9fc01240        0x8 c:/program files/microchip/xc32/v1.42/bin/bin/../../lib/gcc/pic32mx/4.8.3/../../../../pic32mx/lib\libpic32.a(vector2.o)
                0x9fc01240                __vector_dispatch_2
                0x00000001                ASSERT (((_vector_spacing == 0x0) || (SIZEOF (.vector_2) <= (_vector_spacing << 0x5))), function at exception vector 2 too large)

.vector_3       0x9fc01260        0x8
 *(.vector_3)
 .vector_3      0x9fc01260        0x8 c:/program files/microchip/xc32/v1.42/bin/bin/../../lib/gcc/pic32mx/4.8.3/../../../../pic32mx/lib\libpic32.a(vector3.o)
                0x9fc01260                __vector_dispatch_3
                0x00000001                ASSERT (((_vector_spacing == 0x0) || (SIZEOF (.vector_3) <= (_vector_spacing << 0x5))), function at exception vector 3 too large)

.vector_4       0x9fc01280        0x8
 *(.vector_4)
 .vector_4      0x9fc01280        0x8 build/default/production/_ext/1282498059/port.o
                0x9fc01280                __vector_dispatch_4
                0x00000001                ASSERT (((_vector_spacing == 0x0) || (SIZEOF (.vector_4) <= (_vector_spacing << 0x5))), function at exception vector 4 too large)

.vector_5       0x9fc012a0        0x8
 *(.vector_5)
 .vector_5      0x9fc012a0        0x8 c:/program files/microchip/xc32/v1.42/bin/bin/../../lib/gcc/pic32mx/4.8.3/../../../../pic32mx/lib\libpic32.a(vector5.o)
                0x9fc012a0                __vector_dispatch_5
                0x00000001                ASSERT (((_vector_spacing == 0x0) || (SIZEOF (.vector_5) <= (_vector_spacing << 0x5))), function at exception vector 5 too large)

.vector_6       0x9fc012c0        0x8
 *(.vector_6)
 .vector_6      0x9fc012c0        0x8 c:/program files/microchip/xc32/v1.42/bin/bin/../../lib/gcc/pic32mx/4.8.3/../../../../pic32mx/lib\libpic32.a(vector6.o)
                0x9fc012c0                __vector_dispatch_6
                0x00000001                ASSERT (((_vector_spacing == 0x0) || (SIZEOF (.vector_6) <= (_vector_spacing << 0x5))), function at exception vector 6 too large)

.vector_7       0x9fc012e0        0x8
 *(.vector_7)
 .vector_7      0x9fc012e0        0x8 c:/program files/microchip/xc32/v1.42/bin/bin/../../lib/gcc/pic32mx/4.8.3/../../../../pic32mx/lib\libpic32.a(vector7.o)
                0x9fc012e0                __vector_dispatch_7
                0x00000001                ASSERT (((_vector_spacing == 0x0) || (SIZEOF (.vector_7) <= (_vector_spacing << 0x5))), function at exception vector 7 too large)

.vector_8       0x9fc01300        0x8
 *(.vector_8)
 .vector_8      0x9fc01300        0x8 c:/program files/microchip/xc32/v1.42/bin/bin/../../lib/gcc/pic32mx/4.8.3/../../../../pic32mx/lib\libpic32.a(vector8.o)
                0x9fc01300                __vector_dispatch_8
                0x00000001                ASSERT (((_vector_spacing == 0x0) || (SIZEOF (.vector_8) <= (_vector_spacing << 0x5))), function at exception vector 8 too large)

.vector_9       0x9fc01320        0x8
 *(.vector_9)
 .vector_9      0x9fc01320        0x8 c:/program files/microchip/xc32/v1.42/bin/bin/../../lib/gcc/pic32mx/4.8.3/../../../../pic32mx/lib\libpic32.a(vector9.o)
                0x9fc01320                __vector_dispatch_9
                0x00000001                ASSERT (((_vector_spacing == 0x0) || (SIZEOF (.vector_9) <= (_vector_spacing << 0x5))), function at exception vector 9 too large)

.vector_10      0x9fc01340        0x8
 *(.vector_10)
 .vector_10     0x9fc01340        0x8 c:/program files/microchip/xc32/v1.42/bin/bin/../../lib/gcc/pic32mx/4.8.3/../../../../pic32mx/lib\libpic32.a(vector10.o)
                0x9fc01340                __vector_dispatch_10
                0x00000001                ASSERT (((_vector_spacing == 0x0) || (SIZEOF (.vector_10) <= (_vector_spacing << 0x5))), function at exception vector 10 too large)

.vector_11      0x9fc01360        0x8
 *(.vector_11)
 .vector_11     0x9fc01360        0x8 c:/program files/microchip/xc32/v1.42/bin/bin/../../lib/gcc/pic32mx/4.8.3/../../../../pic32mx/lib\libpic32.a(vector11.o)
                0x9fc01360                __vector_dispatch_11
                0x00000001                ASSERT (((_vector_spacing == 0x0) || (SIZEOF (.vector_11) <= (_vector_spacing << 0x5))), function at exception vector 11 too large)

.vector_12      0x9fc01380        0x8
 *(.vector_12)
 .vector_12     0x9fc01380        0x8 c:/program files/microchip/xc32/v1.42/bin/bin/../../lib/gcc/pic32mx/4.8.3/../../../../pic32mx/lib\libpic32.a(vector12.o)
                0x9fc01380                __vector_dispatch_12
                0x00000001                ASSERT (((_vector_spacing == 0x0) || (SIZEOF (.vector_12) <= (_vector_spacing << 0x5))), function at exception vector 12 too large)

.vector_13      0x9fc013a0        0x8
 *(.vector_13)
 .vector_13     0x9fc013a0        0x8 c:/program files/microchip/xc32/v1.42/bin/bin/../../lib/gcc/pic32mx/4.8.3/../../../../pic32mx/lib\libpic32.a(vector13.o)
                0x9fc013a0                __vector_dispatch_13
                0x00000001                ASSERT (((_vector_spacing == 0x0) || (SIZEOF (.vector_13) <= (_vector_spacing << 0x5))), function at exception vector 13 too large)

.vector_14      0x9fc013c0        0x8
 *(.vector_14)
 .vector_14     0x9fc013c0        0x8 c:/program files/microchip/xc32/v1.42/bin/bin/../../lib/gcc/pic32mx/4.8.3/../../../../pic32mx/lib\libpic32.a(vector14.o)
                0x9fc013c0                __vector_dispatch_14
                0x00000001                ASSERT (((_vector_spacing == 0x0) || (SIZEOF (.vector_14) <= (_vector_spacing << 0x5))), function at exception vector 14 too large)

.vector_15      0x9fc013e0        0x8
 *(.vector_15)
 .vector_15     0x9fc013e0        0x8 c:/program files/microchip/xc32/v1.42/bin/bin/../../lib/gcc/pic32mx/4.8.3/../../../../pic32mx/lib\libpic32.a(vector15.o)
                0x9fc013e0                __vector_dispatch_15
                0x00000001                ASSERT (((_vector_spacing == 0x0) || (SIZEOF (.vector_15) <= (_vector_spacing << 0x5))), function at exception vector 15 too large)

.vector_16      0x9fc01400        0x8
 *(.vector_16)
 .vector_16     0x9fc01400        0x8 c:/program files/microchip/xc32/v1.42/bin/bin/../../lib/gcc/pic32mx/4.8.3/../../../../pic32mx/lib\libpic32.a(vector16.o)
                0x9fc01400                __vector_dispatch_16
                0x00000001                ASSERT (((_vector_spacing == 0x0) || (SIZEOF (.vector_16) <= (_vector_spacing << 0x5))), function at exception vector 16 too large)

.vector_17      0x9fc01420        0x8
 *(.vector_17)
 .vector_17     0x9fc01420        0x8 c:/program files/microchip/xc32/v1.42/bin/bin/../../lib/gcc/pic32mx/4.8.3/../../../../pic32mx/lib\libpic32.a(vector17.o)
                0x9fc01420                __vector_dispatch_17
                0x00000001                ASSERT (((_vector_spacing == 0x0) || (SIZEOF (.vector_17) <= (_vector_spacing << 0x5))), function at exception vector 17 too large)

.vector_18      0x9fc01440        0x8
 *(.vector_18)
 .vector_18     0x9fc01440        0x8 c:/program files/microchip/xc32/v1.42/bin/bin/../../lib/gcc/pic32mx/4.8.3/../../../../pic32mx/lib\libpic32.a(vector18.o)
                0x9fc01440                __vector_dispatch_18
                0x00000001                ASSERT (((_vector_spacing == 0x0) || (SIZEOF (.vector_18) <= (_vector_spacing << 0x5))), function at exception vector 18 too large)

.vector_19      0x9fc01460        0x8
 *(.vector_19)
 .vector_19     0x9fc01460        0x8 c:/program files/microchip/xc32/v1.42/bin/bin/../../lib/gcc/pic32mx/4.8.3/../../../../pic32mx/lib\libpic32.a(vector19.o)
                0x9fc01460                __vector_dispatch_19
                0x00000001                ASSERT (((_vector_spacing == 0x0) || (SIZEOF (.vector_19) <= (_vector_spacing << 0x5))), function at exception vector 19 too large)

.vector_20      0x9fc01480        0x8
 *(.vector_20)
 .vector_20     0x9fc01480        0x8 c:/program files/microchip/xc32/v1.42/bin/bin/../../lib/gcc/pic32mx/4.8.3/../../../../pic32mx/lib\libpic32.a(vector20.o)
                0x9fc01480                __vector_dispatch_20
                0x00000001                ASSERT (((_vector_spacing == 0x0) || (SIZEOF (.vector_20) <= (_vector_spacing << 0x5))), function at exception vector 20 too large)

.vector_21      0x9fc014a0        0x8
 *(.vector_21)
 .vector_21     0x9fc014a0        0x8 c:/program files/microchip/xc32/v1.42/bin/bin/../../lib/gcc/pic32mx/4.8.3/../../../../pic32mx/lib\libpic32.a(vector21.o)
                0x9fc014a0                __vector_dispatch_21
                0x00000001                ASSERT (((_vector_spacing == 0x0) || (SIZEOF (.vector_21) <= (_vector_spacing << 0x5))), function at exception vector 21 too large)

.vector_22      0x9fc014c0        0x8
 *(.vector_22)
 .vector_22     0x9fc014c0        0x8 c:/program files/microchip/xc32/v1.42/bin/bin/../../lib/gcc/pic32mx/4.8.3/../../../../pic32mx/lib\libpic32.a(vector22.o)
                0x9fc014c0                __vector_dispatch_22
                0x00000001                ASSERT (((_vector_spacing == 0x0) || (SIZEOF (.vector_22) <= (_vector_spacing << 0x5))), function at exception vector 22 too large)

.vector_23      0x9fc014e0        0x8
 *(.vector_23)
 .vector_23     0x9fc014e0        0x8 c:/program files/microchip/xc32/v1.42/bin/bin/../../lib/gcc/pic32mx/4.8.3/../../../../pic32mx/lib\libpic32.a(vector23.o)
                0x9fc014e0                __vector_dispatch_23
                0x00000001                ASSERT (((_vector_spacing == 0x0) || (SIZEOF (.vector_23) <= (_vector_spacing << 0x5))), function at exception vector 23 too large)

.vector_24      0x9fc01500        0x8
 *(.vector_24)
 .vector_24     0x9fc01500        0x8 c:/program files/microchip/xc32/v1.42/bin/bin/../../lib/gcc/pic32mx/4.8.3/../../../../pic32mx/lib\libpic32.a(vector24.o)
                0x9fc01500                __vector_dispatch_24
                0x00000001                ASSERT (((_vector_spacing == 0x0) || (SIZEOF (.vector_24) <= (_vector_spacing << 0x5))), function at exception vector 24 too large)

.vector_25      0x9fc01520        0x8
 *(.vector_25)
 .vector_25     0x9fc01520        0x8 c:/program files/microchip/xc32/v1.42/bin/bin/../../lib/gcc/pic32mx/4.8.3/../../../../pic32mx/lib\libpic32.a(vector25.o)
                0x9fc01520                __vector_dispatch_25
                0x00000001                ASSERT (((_vector_spacing == 0x0) || (SIZEOF (.vector_25) <= (_vector_spacing << 0x5))), function at exception vector 25 too large)

.vector_26      0x9fc01540        0x8
 *(.vector_26)
 .vector_26     0x9fc01540        0x8 c:/program files/microchip/xc32/v1.42/bin/bin/../../lib/gcc/pic32mx/4.8.3/../../../../pic32mx/lib\libpic32.a(vector26.o)
                0x9fc01540                __vector_dispatch_26
                0x00000001                ASSERT (((_vector_spacing == 0x0) || (SIZEOF (.vector_26) <= (_vector_spacing << 0x5))), function at exception vector 26 too large)

.vector_27      0x9fc01560        0x8
 *(.vector_27)
 .vector_27     0x9fc01560        0x8 c:/program files/microchip/xc32/v1.42/bin/bin/../../lib/gcc/pic32mx/4.8.3/../../../../pic32mx/lib\libpic32.a(vector27.o)
                0x9fc01560                __vector_dispatch_27
                0x00000001                ASSERT (((_vector_spacing == 0x0) || (SIZEOF (.vector_27) <= (_vector_spacing << 0x5))), function at exception vector 27 too large)

.vector_28      0x9fc01580        0x8
 *(.vector_28)
 .vector_28     0x9fc01580        0x8 c:/program files/microchip/xc32/v1.42/bin/bin/../../lib/gcc/pic32mx/4.8.3/../../../../pic32mx/lib\libpic32.a(vector28.o)
                0x9fc01580                __vector_dispatch_28
                0x00000001                ASSERT (((_vector_spacing == 0x0) || (SIZEOF (.vector_28) <= (_vector_spacing << 0x5))), function at exception vector 28 too large)

.vector_29      0x9fc015a0        0x8
 *(.vector_29)
 .vector_29     0x9fc015a0        0x8 c:/program files/microchip/xc32/v1.42/bin/bin/../../lib/gcc/pic32mx/4.8.3/../../../../pic32mx/lib\libpic32.a(vector29.o)
                0x9fc015a0                __vector_dispatch_29
                0x00000001                ASSERT (((_vector_spacing == 0x0) || (SIZEOF (.vector_29) <= (_vector_spacing << 0x5))), function at exception vector 29 too large)

.vector_30      0x9fc015c0        0x8
 *(.vector_30)
 .vector_30     0x9fc015c0        0x8 c:/program files/microchip/xc32/v1.42/bin/bin/../../lib/gcc/pic32mx/4.8.3/../../../../pic32mx/lib\libpic32.a(vector30.o)
                0x9fc015c0                __vector_dispatch_30
                0x00000001                ASSERT (((_vector_spacing == 0x0) || (SIZEOF (.vector_30) <= (_vector_spacing << 0x5))), function at exception vector 30 too large)

.vector_31      0x9fc015e0        0x8
 *(.vector_31)
 .vector_31     0x9fc015e0        0x8 c:/program files/microchip/xc32/v1.42/bin/bin/../../lib/gcc/pic32mx/4.8.3/../../../../pic32mx/lib\libpic32.a(vector31.o)
                0x9fc015e0                __vector_dispatch_31
                0x00000001                ASSERT (((_vector_spacing == 0x0) || (SIZEOF (.vector_31) <= (_vector_spacing << 0x5))), function at exception vector 31 too large)

.vector_32      0x9fc01600        0x8
 *(.vector_32)
 .vector_32     0x9fc01600        0x8 c:/program files/microchip/xc32/v1.42/bin/bin/../../lib/gcc/pic32mx/4.8.3/../../../../pic32mx/lib\libpic32.a(vector32.o)
                0x9fc01600                __vector_dispatch_32
                0x00000001                ASSERT (((_vector_spacing == 0x0) || (SIZEOF (.vector_32) <= (_vector_spacing << 0x5))), function at exception vector 32 too large)

.vector_33      0x9fc01620        0x8
 *(.vector_33)
 .vector_33     0x9fc01620        0x8 c:/program files/microchip/xc32/v1.42/bin/bin/../../lib/gcc/pic32mx/4.8.3/../../../../pic32mx/lib\libpic32.a(vector33.o)
                0x9fc01620                __vector_dispatch_33
                0x00000001                ASSERT (((_vector_spacing == 0x0) || (SIZEOF (.vector_33) <= (_vector_spacing << 0x5))), function at exception vector 33 too large)

.vector_34      0x9fc01640        0x8
 *(.vector_34)
 .vector_34     0x9fc01640        0x8 c:/program files/microchip/xc32/v1.42/bin/bin/../../lib/gcc/pic32mx/4.8.3/../../../../pic32mx/lib\libpic32.a(vector34.o)
                0x9fc01640                __vector_dispatch_34
                0x00000001                ASSERT (((_vector_spacing == 0x0) || (SIZEOF (.vector_34) <= (_vector_spacing << 0x5))), function at exception vector 34 too large)

.vector_35      0x9fc01660        0x8
 *(.vector_35)
 .vector_35     0x9fc01660        0x8 c:/program files/microchip/xc32/v1.42/bin/bin/../../lib/gcc/pic32mx/4.8.3/../../../../pic32mx/lib\libpic32.a(vector35.o)
                0x9fc01660                __vector_dispatch_35
                0x00000001                ASSERT (((_vector_spacing == 0x0) || (SIZEOF (.vector_35) <= (_vector_spacing << 0x5))), function at exception vector 35 too large)

.vector_36      0x9fc01680        0x8
 *(.vector_36)
 .vector_36     0x9fc01680        0x8 c:/program files/microchip/xc32/v1.42/bin/bin/../../lib/gcc/pic32mx/4.8.3/../../../../pic32mx/lib\libpic32.a(vector36.o)
                0x9fc01680                __vector_dispatch_36
                0x00000001                ASSERT (((_vector_spacing == 0x0) || (SIZEOF (.vector_36) <= (_vector_spacing << 0x5))), function at exception vector 36 too large)

.vector_37      0x9fc016a0        0x8
 *(.vector_37)
 .vector_37     0x9fc016a0        0x8 c:/program files/microchip/xc32/v1.42/bin/bin/../../lib/gcc/pic32mx/4.8.3/../../../../pic32mx/lib\libpic32.a(vector37.o)
                0x9fc016a0                __vector_dispatch_37
                0x00000001                ASSERT (((_vector_spacing == 0x0) || (SIZEOF (.vector_37) <= (_vector_spacing << 0x5))), function at exception vector 37 too large)

.vector_38      0x9fc016c0        0x8
 *(.vector_38)
 .vector_38     0x9fc016c0        0x8 c:/program files/microchip/xc32/v1.42/bin/bin/../../lib/gcc/pic32mx/4.8.3/../../../../pic32mx/lib\libpic32.a(vector38.o)
                0x9fc016c0                __vector_dispatch_38
                0x00000001                ASSERT (((_vector_spacing == 0x0) || (SIZEOF (.vector_38) <= (_vector_spacing << 0x5))), function at exception vector 38 too large)

.vector_39      0x9fc016e0        0x8
 *(.vector_39)
 .vector_39     0x9fc016e0        0x8 c:/program files/microchip/xc32/v1.42/bin/bin/../../lib/gcc/pic32mx/4.8.3/../../../../pic32mx/lib\libpic32.a(vector39.o)
                0x9fc016e0                __vector_dispatch_39
                0x00000001                ASSERT (((_vector_spacing == 0x0) || (SIZEOF (.vector_39) <= (_vector_spacing << 0x5))), function at exception vector 39 too large)

.vector_40      0x9fc01700        0x8
 *(.vector_40)
 .vector_40     0x9fc01700        0x8 c:/program files/microchip/xc32/v1.42/bin/bin/../../lib/gcc/pic32mx/4.8.3/../../../../pic32mx/lib\libpic32.a(vector40.o)
                0x9fc01700                __vector_dispatch_40
                0x00000001                ASSERT (((_vector_spacing == 0x0) || (SIZEOF (.vector_40) <= (_vector_spacing << 0x5))), function at exception vector 40 too large)

.vector_41      0x9fc01720        0x8
 *(.vector_41)
 .vector_41     0x9fc01720        0x8 c:/program files/microchip/xc32/v1.42/bin/bin/../../lib/gcc/pic32mx/4.8.3/../../../../pic32mx/lib\libpic32.a(vector41.o)
                0x9fc01720                __vector_dispatch_41
                0x00000001                ASSERT (((_vector_spacing == 0x0) || (SIZEOF (.vector_41) <= (_vector_spacing << 0x5))), function at exception vector 41 too large)

.vector_42      0x9fc01740        0x8
 *(.vector_42)
 .vector_42     0x9fc01740        0x8 c:/program files/microchip/xc32/v1.42/bin/bin/../../lib/gcc/pic32mx/4.8.3/../../../../pic32mx/lib\libpic32.a(vector42.o)
                0x9fc01740                __vector_dispatch_42
                0x00000001                ASSERT (((_vector_spacing == 0x0) || (SIZEOF (.vector_42) <= (_vector_spacing << 0x5))), function at exception vector 42 too large)

.vector_43      0x9fc01760        0x8
 *(.vector_43)
 .vector_43     0x9fc01760        0x8 c:/program files/microchip/xc32/v1.42/bin/bin/../../lib/gcc/pic32mx/4.8.3/../../../../pic32mx/lib\libpic32.a(vector43.o)
                0x9fc01760                __vector_dispatch_43
                0x00000001                ASSERT (((_vector_spacing == 0x0) || (SIZEOF (.vector_43) <= (_vector_spacing << 0x5))), function at exception vector 43 too large)

.vector_44      0x9fc01780        0x8
 *(.vector_44)
 .vector_44     0x9fc01780        0x8 c:/program files/microchip/xc32/v1.42/bin/bin/../../lib/gcc/pic32mx/4.8.3/../../../../pic32mx/lib\libpic32.a(vector44.o)
                0x9fc01780                __vector_dispatch_44
                0x00000001                ASSERT (((_vector_spacing == 0x0) || (SIZEOF (.vector_44) <= (_vector_spacing << 0x5))), function at exception vector 44 too large)

.vector_45      0x9fc017a0       0x10
 *(.vector_45)
 .vector_45     0x9fc017a0       0x10 build/default/production/_ext/1688732426/system_interrupt_a.o
                0x9fc017a0                __vector_dispatch_45
                0x00000001                ASSERT (((_vector_spacing == 0x0) || (SIZEOF (.vector_45) <= (_vector_spacing << 0x5))), function at exception vector 45 too large)

.vector_46      0x9fc017c0        0x8
 *(.vector_46)
 .vector_46     0x9fc017c0        0x8 c:/program files/microchip/xc32/v1.42/bin/bin/../../lib/gcc/pic32mx/4.8.3/../../../../pic32mx/lib\libpic32.a(vector46.o)
                0x9fc017c0                __vector_dispatch_46
                0x00000001                ASSERT (((_vector_spacing == 0x0) || (SIZEOF (.vector_46) <= (_vector_spacing << 0x5))), function at exception vector 46 too large)

.vector_47      0x9fc017e0        0x8
 *(.vector_47)
 .vector_47     0x9fc017e0        0x8 c:/program files/microchip/xc32/v1.42/bin/bin/../../lib/gcc/pic32mx/4.8.3/../../../../pic32mx/lib\libpic32.a(vector47.o)
                0x9fc017e0                __vector_dispatch_47
                0x00000001                ASSERT (((_vector_spacing == 0x0) || (SIZEOF (.vector_47) <= (_vector_spacing << 0x5))), function at exception vector 47 too large)

.vector_48      0x9fc01800        0x8
 *(.vector_48)
 .vector_48     0x9fc01800        0x8 c:/program files/microchip/xc32/v1.42/bin/bin/../../lib/gcc/pic32mx/4.8.3/../../../../pic32mx/lib\libpic32.a(vector48.o)
                0x9fc01800                __vector_dispatch_48
                0x00000001                ASSERT (((_vector_spacing == 0x0) || (SIZEOF (.vector_48) <= (_vector_spacing << 0x5))), function at exception vector 48 too large)

.vector_49      0x9fc01820        0x8
 *(.vector_49)
 .vector_49     0x9fc01820        0x8 c:/program files/microchip/xc32/v1.42/bin/bin/../../lib/gcc/pic32mx/4.8.3/../../../../pic32mx/lib\libpic32.a(vector49.o)
                0x9fc01820                __vector_dispatch_49
                0x00000001                ASSERT (((_vector_spacing == 0x0) || (SIZEOF (.vector_49) <= (_vector_spacing << 0x5))), function at exception vector 49 too large)

.vector_50      0x9fc01840        0x8
 *(.vector_50)
 .vector_50     0x9fc01840        0x8 c:/program files/microchip/xc32/v1.42/bin/bin/../../lib/gcc/pic32mx/4.8.3/../../../../pic32mx/lib\libpic32.a(vector50.o)
                0x9fc01840                __vector_dispatch_50
                0x00000001                ASSERT (((_vector_spacing == 0x0) || (SIZEOF (.vector_50) <= (_vector_spacing << 0x5))), function at exception vector 50 too large)

.vector_51      0x9fc01860        0x8
 *(.vector_51)
 .vector_51     0x9fc01860        0x8 c:/program files/microchip/xc32/v1.42/bin/bin/../../lib/gcc/pic32mx/4.8.3/../../../../pic32mx/lib\libpic32.a(vector51.o)
                0x9fc01860                __vector_dispatch_51
                0x00000001                ASSERT (((_vector_spacing == 0x0) || (SIZEOF (.vector_51) <= (_vector_spacing << 0x5))), function at exception vector 51 too large)

.vector_52      0x9fc01880        0x0
 *(.vector_52)
                0x00000001                ASSERT (((_vector_spacing == 0x0) || (SIZEOF (.vector_52) <= (_vector_spacing << 0x5))), function at exception vector 52 too large)

.vector_53      0x9fc018a0        0x0
 *(.vector_53)
                0x00000001                ASSERT (((_vector_spacing == 0x0) || (SIZEOF (.vector_53) <= (_vector_spacing << 0x5))), function at exception vector 53 too large)

.vector_54      0x9fc018c0        0x0
 *(.vector_54)
                0x00000001                ASSERT (((_vector_spacing == 0x0) || (SIZEOF (.vector_54) <= (_vector_spacing << 0x5))), function at exception vector 54 too large)

.vector_55      0x9fc018e0        0x0
 *(.vector_55)
                0x00000001                ASSERT (((_vector_spacing == 0x0) || (SIZEOF (.vector_55) <= (_vector_spacing << 0x5))), function at exception vector 55 too large)

.vector_56      0x9fc01900        0x0
 *(.vector_56)
                0x00000001                ASSERT (((_vector_spacing == 0x0) || (SIZEOF (.vector_56) <= (_vector_spacing << 0x5))), function at exception vector 56 too large)

.vector_57      0x9fc01920        0x0
 *(.vector_57)
                0x00000001                ASSERT (((_vector_spacing == 0x0) || (SIZEOF (.vector_57) <= (_vector_spacing << 0x5))), function at exception vector 57 too large)

.vector_58      0x9fc01940        0x0
 *(.vector_58)
                0x00000001                ASSERT (((_vector_spacing == 0x0) || (SIZEOF (.vector_58) <= (_vector_spacing << 0x5))), function at exception vector 58 too large)

.vector_59      0x9fc01960        0x0
 *(.vector_59)
                0x00000001                ASSERT (((_vector_spacing == 0x0) || (SIZEOF (.vector_59) <= (_vector_spacing << 0x5))), function at exception vector 59 too large)

.vector_60      0x9fc01980        0x0
 *(.vector_60)
                0x00000001                ASSERT (((_vector_spacing == 0x0) || (SIZEOF (.vector_60) <= (_vector_spacing << 0x5))), function at exception vector 60 too large)

.vector_61      0x9fc019a0        0x0
 *(.vector_61)
                0x00000001                ASSERT (((_vector_spacing == 0x0) || (SIZEOF (.vector_61) <= (_vector_spacing << 0x5))), function at exception vector 61 too large)

.vector_62      0x9fc019c0        0x0
 *(.vector_62)
                0x00000001                ASSERT (((_vector_spacing == 0x0) || (SIZEOF (.vector_62) <= (_vector_spacing << 0x5))), function at exception vector 62 too large)

.vector_63      0x9fc019e0        0x0
 *(.vector_63)
                0x00000001                ASSERT (((_vector_spacing == 0x0) || (SIZEOF (.vector_63) <= (_vector_spacing << 0x5))), function at exception vector 63 too large)

.startup
 *(.startup)

.text           0x9d000000        0x0
 *(.stub .gnu.linkonce.t.*)
 *(.text.*personality*)
 *(.mips16.fn.*)
 *(.mips16.call.*)
 *(.gnu.warning)
                0x9d000000                . = ALIGN (0x4)

.init           0x9d000000        0x0
 *crti.o(.init)
 *crtbegin.o(.init)
 *(EXCLUDE_FILE(*crtn.o *crtend?.o *crtend.o) .init)
 *crtend.o(.init)
 *crtn.o(.init)
                0x9d000000                . = ALIGN (0x4)

.fini           0x9d000000        0x0
 *(.fini)
                0x9d000000                . = ALIGN (0x4)

.preinit_array  0x9d000000        0x0
                0x9d000000                PROVIDE (__preinit_array_start, .)
 *(.preinit_array)
                0x9d000000                PROVIDE (__preinit_array_end, .)
                0x9d000000                . = ALIGN (0x4)

.init_array     0x9d000000        0x0
                0x9d000000                PROVIDE (__init_array_start, .)
 *(SORT(.init_array.*))
 *(.init_array)
                0x9d000000                PROVIDE (__init_array_end, .)
                0x9d000000                . = ALIGN (0x4)

.fini_array     0x9d000000        0x0
                0x9d000000                PROVIDE (__fini_array_start, .)
 *(SORT(.fini_array.*))
 *(.fini_array)
                0x9d000000                PROVIDE (__fini_array_end, .)
                0x9d000000                . = ALIGN (0x4)

.ctors          0x9d000000        0x0
 *crtbegin.o(.ctors)
 *crtbegin?.o(.ctors)
 *(EXCLUDE_FILE(*crtend?.o *crtend.o) .ctors)
 *(SORT(.ctors.*))
 *(.ctors)
                0x9d000000                . = ALIGN (0x4)

.dtors          0x9d000000        0x0
 *crtbegin.o(.dtors)
 *crtbegin?.o(.dtors)
 *(EXCLUDE_FILE(*crtend?.o *crtend.o) .dtors)
 *(SORT(.dtors.*))
 *(.dtors)
                0x9d000000                . = ALIGN (0x4)

.rodata         0x9d000000        0x0
 *(.gnu.linkonce.r.*)
 *(.rodata1)
                0x9d000000                . = ALIGN (0x4)

.sdata2         0x9fc00490        0x0
 *(.sdata2 .sdata2.* .gnu.linkonce.s2.*)
                0x9fc00490                . = ALIGN (0x4)

.sbss2          0x9fc00490        0x0
 *(.sbss2 .sbss2.* .gnu.linkonce.sb2.*)
                0x9fc00490                . = ALIGN (0x4)

.eh_frame_hdr
 *(.eh_frame_hdr)
                0x9fc00490                . = ALIGN (0x4)

.eh_frame
 *(.eh_frame)
                0x9fc00490                . = ALIGN (0x4)

.gcc_except_table
 *(.gcc_except_table .gcc_except_table.*)
                0x9fc00490                . = ALIGN (0x4)

.dbg_data       0xa0000000        0x0
                0xa0000000                . = (. + DEFINED (_DEBUGGER)?0x200:0x0)

.jcr            0xa0000000        0x0
 *(.jcr)
                0xa0000000                . = ALIGN (0x4)

.eh_frame
 *(.eh_frame)
                0xa0000000                . = ALIGN (0x4)

.gcc_except_table
 *(.gcc_except_table .gcc_except_table.*)
                0xa0000000                . = ALIGN (0x4)

.persist        0xa0000000        0x0
                0xa0000000                _persist_begin = .
 *(.persist .persist.*)
 *(.pbss .pbss.*)
                0xa0000000                . = ALIGN (0x4)
                0xa0000000                _persist_end = .

.data           0xa0000000        0x0
 *(.gnu.linkonce.d.*)
 *(.data1)
                0xa0000000                . = ALIGN (0x4)
                0xa0000000                . = .
                0xa0007ff0                _gp = (ALIGN (0x10) + 0x7ff0)

.got            0xa0000000        0x0
 *(.got.plt)
 *(.got)
                0xa0000000                . = ALIGN (0x4)

.sdata          0xa0000000       0x14
                0xa0000000                _sdata_begin = .
 *(.sdata .sdata.* .gnu.linkonce.s.*)
 .sdata         0xa0000000        0x8 build/default/production/_ext/1360937237/mytest_1.o
                0xa0000000                myMessage
 .sdata         0xa0000008        0x1 build/default/production/_ext/1062952361/xcp_usb.o
                0xa0000008                loop
 *fill*         0xa0000009        0x3 
 .sdata         0xa000000c        0x4 build/default/production/_ext/1282498059/port.o
                0xa000000c                uxInterruptNesting
 .sdata         0xa0000010        0x4 build/default/production/_ext/373060831/tasks.o
                0xa0000014                . = ALIGN (0x4)
                0xa0000014                _sdata_end = .

.lit8
 *(.lit8)

.lit4
 *(.lit4)
                0xa0000014                . = ALIGN (0x4)
                0xa0000014                _data_end = .
                0xa0000014                _bss_begin = .

.sbss           0xa0000014       0xa8
                0xa0000014                _sbss_begin = .
 *(.dynsbss)
 *(.sbss .sbss.* .gnu.linkonce.sb.*)
 .sbss          0xa0000014        0x4 build/default/production/_ext/337818580/drv_can_static.o
 .sbss          0xa0000018        0x8 build/default/production/_ext/1360937237/app2.o
                0xa0000018                count
                0xa000001c                start
 .sbss          0xa0000020        0x1 build/default/production/_ext/1360937237/mytest_1.o
                0xa0000020                i
 *fill*         0xa0000021        0x3 
 .sbss          0xa0000024        0x8 build/default/production/_ext/1107379230/heap_1.o
 .sbss          0xa000002c        0x4 build/default/production/_ext/1282498059/port.o
                0xa000002c                uxSavedTaskStackPointer
 .sbss          0xa0000030       0x1c build/default/production/_ext/373060831/croutine.o
                0xa0000038                pxCurrentCoRoutine
 .sbss          0xa000004c       0x34 build/default/production/_ext/373060831/tasks.o
                0xa000004c                pxCurrentTCB
 *(.scommon)
 .scommon       0xa0000080        0x8 build/default/production/_ext/2077795248/drv_spi_static.o
                0xa0000080                BDT_ENTRY
 .scommon       0xa0000088        0x0 build/default/production/_ext/639803181/sys_clk_static.o
 .scommon       0xa0000088        0x8 build/default/production/_ext/1688732426/system_init.o
                0xa0000088                sysObj
 .scommon       0xa0000090        0x0 build/default/production/_ext/1688732426/system_interrupt.o
 .scommon       0xa0000090        0x0 build/default/production/_ext/1688732426/system_tasks.o
 .scommon       0xa0000090        0x0 build/default/production/_ext/1360937237/app.o
 .scommon       0xa0000090        0x0 build/default/production/_ext/1360937237/app1.o
 .scommon       0xa0000090        0x0 build/default/production/_ext/1360937237/app2.o
 .scommon       0xa0000090        0x0 build/default/production/_ext/1360937237/fm14_app.o
 .scommon       0xa0000090       0x15 build/default/production/_ext/1360937237/mytest_1.o
                0xa0000090                msg0
                0xa0000094                msg5
                0xa000009c                msg8
                0xa00000a4                loop_count
 .scommon       0xa00000a5        0x0 build/default/production/_ext/1036670253/fm14.o
 .scommon       0xa00000a5        0x0 build/default/production/_ext/954485971/led.o
 .scommon       0xa00000a5        0x0 build/default/production/_ext/1062952361/XcpBasic.o
 .scommon       0xa00000a5        0x0 build/default/production/_ext/1062952361/xcp_par.o
 .scommon       0xa00000a5        0x1 build/default/production/_ext/1062952361/xcp_usb.o
                0xa00000a5                Counter
 .scommon       0xa00000a6        0x0 build/default/production/_ext/831465284/drv_usb.o
 .scommon       0xa00000a6        0x0 build/default/production/_ext/831465284/drv_usb_device.o
 *fill*         0xa00000a6        0x2 
 .scommon       0xa00000a8        0x8 build/default/production/_ext/482662494/sys_devcon.o
                0xa00000a8                sysDevconObj
 .scommon       0xa00000b0        0x0 build/default/production/_ext/2136608937/usb_device.o
 .scommon       0xa00000b0        0x8 build/default/production/_ext/2136608937/usb_device_cdc.o
                0xa00000b0                gUSBDeviceCdcCommonDataObj
 .scommon       0xa00000b8        0x0 build/default/production/_ext/2136608937/usb_device_cdc_acm.o
 .scommon       0xa00000b8        0x4 ..\..\..\..\..\bin\framework\peripheral\PIC32MX795F512L_peripherals.a(peripheral.o)
                0xa00000b8                modeSeljunk
                0xa00000bc                _sbss_end = .
                0xa00000bc                . = ALIGN (0x4)

.bss            0xa0000200     0x1630
 *(.dynbss)
 *(COMMON)
 COMMON         0xa0000200       0x60 build/default/production/_ext/1688732426/system_init.o
                0xa0000200                endPointTable
 COMMON         0xa0000260        0xc build/default/production/_ext/1360937237/app2.o
                0xa0000260                handle
 COMMON         0xa000026c      0xff0 build/default/production/_ext/1360937237/mytest_1.o
                0xa000026c                myBuff
 COMMON         0xa000125c      0x468 build/default/production/_ext/1062952361/xcp_usb.o
                0xa000125c                WriteBuffer
                0xa000165c                USB_CDCData
                0xa0001684                ReadBuffer
 COMMON         0xa00016c4       0xc0 build/default/production/_ext/831465284/drv_usb.o
                0xa00016c4                gDrvUSBGroup
 COMMON         0xa0001784       0xac build/default/production/_ext/2136608937/usb_device_cdc.o
                0xa0001784                gUSBDeviceCDCInstance
                0xa00017c4                gUSBDeviceCDCIRP
                0xa0001830                . = ALIGN ((. != 0x0)?0x4:0x1)
                0xa0001830                . = ALIGN (0x4)
                0xa0001830                _end = .
                0xa0001830                _bss_end = .
                0x00020000                _bmxdudba_address = 0x20000
                0x00020000                _bmxdupba_address = 0x20000

/DISCARD/
 *(.pdr)
 *(.rel.dyn)
 *(.note.GNU-stack)
 *(.note.GNU-stack)
 *(.gnu_debuglink)
 *(.gnu.lto_*)
 *(.discard)

.gptab.sdata
 *(.gptab.data)
 *(.gptab.sdata)

.gptab.sbss
 *(.gptab.bss)
 *(.gptab.sbss)

.mdebug.abi32   0xa0001830        0x0
 *(.mdebug.abi32)
 .mdebug.abi32  0xa0001830        0x0 build/default/production/_ext/337818580/drv_can_static.o
 .mdebug.abi32  0xa0001830        0x0 build/default/production/_ext/12144542/drv_i2c_static.o
 .mdebug.abi32  0xa0001830        0x0 build/default/production/_ext/664138601/drv_pmp_static.o
 .mdebug.abi32  0xa0001830        0x0 build/default/production/_ext/2077795248/drv_spi_static.o
 .mdebug.abi32  0xa0001830        0x0 build/default/production/_ext/639803181/sys_clk_static.o
 .mdebug.abi32  0xa0001830        0x0 build/default/production/_ext/822048611/sys_ports_static.o
 .mdebug.abi32  0xa0001830        0x0 build/default/production/_ext/1688732426/system_init.o
 .mdebug.abi32  0xa0001830        0x0 build/default/production/_ext/1688732426/system_interrupt.o
 .mdebug.abi32  0xa0001830        0x0 build/default/production/_ext/1688732426/system_tasks.o
 .mdebug.abi32  0xa0001830        0x0 build/default/production/_ext/1688732426/rtos_hooks.o
 .mdebug.abi32  0xa0001830        0x0 build/default/production/_ext/1360937237/app.o
 .mdebug.abi32  0xa0001830        0x0 build/default/production/_ext/1360937237/app1.o
 .mdebug.abi32  0xa0001830        0x0 build/default/production/_ext/1360937237/app2.o
 .mdebug.abi32  0xa0001830        0x0 build/default/production/_ext/1360937237/main.o
 .mdebug.abi32  0xa0001830        0x0 build/default/production/_ext/1360937237/fm14_app.o
 .mdebug.abi32  0xa0001830        0x0 build/default/production/_ext/1360937237/mytest_1.o
 .mdebug.abi32  0xa0001830        0x0 build/default/production/_ext/1036670253/fm14.o
 .mdebug.abi32  0xa0001830        0x0 build/default/production/_ext/954485971/led.o
 .mdebug.abi32  0xa0001830        0x0 build/default/production/_ext/1062952361/XcpBasic.o
 .mdebug.abi32  0xa0001830        0x0 build/default/production/_ext/1062952361/xcp_par.o
 .mdebug.abi32  0xa0001830        0x0 build/default/production/_ext/1062952361/xcp_usb.o
 .mdebug.abi32  0xa0001830        0x0 build/default/production/_ext/831465284/drv_usb.o
 .mdebug.abi32  0xa0001830        0x0 build/default/production/_ext/831465284/drv_usb_device.o
 .mdebug.abi32  0xa0001830        0x0 build/default/production/_ext/308321468/osal_freertos.o
 .mdebug.abi32  0xa0001830        0x0 build/default/production/_ext/482662494/sys_devcon.o
 .mdebug.abi32  0xa0001830        0x0 build/default/production/_ext/482662494/sys_devcon_pic32mx.o
 .mdebug.abi32  0xa0001830        0x0 build/default/production/_ext/1042686532/sys_int_pic32.o
 .mdebug.abi32  0xa0001830        0x0 build/default/production/_ext/826631961/sys_ports.o
 .mdebug.abi32  0xa0001830        0x0 build/default/production/_ext/2136608937/usb_device.o
 .mdebug.abi32  0xa0001830        0x0 build/default/production/_ext/2136608937/usb_device_cdc.o
 .mdebug.abi32  0xa0001830        0x0 build/default/production/_ext/2136608937/usb_device_cdc_acm.o
 .mdebug.abi32  0xa0001830        0x0 build/default/production/_ext/1107379230/heap_1.o
 .mdebug.abi32  0xa0001830        0x0 build/default/production/_ext/1282498059/port.o
 .mdebug.abi32  0xa0001830        0x0 build/default/production/_ext/373060831/croutine.o
 .mdebug.abi32  0xa0001830        0x0 build/default/production/_ext/373060831/list.o
 .mdebug.abi32  0xa0001830        0x0 build/default/production/_ext/373060831/queue.o
 .mdebug.abi32  0xa0001830        0x0 build/default/production/_ext/373060831/tasks.o
 .mdebug.abi32  0xa0001830        0x0 build/default/production/_ext/373060831/timers.o
 .mdebug.abi32  0xa0001830        0x0 build/default/production/_ext/373060831/event_groups.o
 .mdebug.abi32  0xa0001830        0x0 build/default/production/_ext/803462356/sc_timer_service.o
 .mdebug.abi32  0xa0001830        0x0 build/default/production/_ext/1273167437/LightSwitch.o
 .mdebug.abi32  0xa0001830        0x0 ..\..\..\..\..\bin\framework\peripheral\PIC32MX795F512L_peripherals.a(peripheral.o)
 .mdebug.abi32  0xa0001830        0x0 c:/program files/microchip/xc32/v1.42/bin/bin/../../lib/gcc/pic32mx/4.8.3\libgcc.a(floatunsisf.o)
 .mdebug.abi32  0xa0001830        0x0 c:/program files/microchip/xc32/v1.42/bin/bin/../../lib/gcc/pic32mx/4.8.3/../../../../pic32mx/lib\libpic32.a(default-bootstrap-exception-handler.o)
 .mdebug.abi32  0xa0001830        0x0 c:/program files/microchip/xc32/v1.42/bin/bin/../../lib/gcc/pic32mx/4.8.3/../../../../pic32mx/lib\libpic32.a(default-on-reset.o)
 .mdebug.abi32  0xa0001830        0x0 c:/program files/microchip/xc32/v1.42/bin/bin/../../lib/gcc/pic32mx/4.8.3/../../../../pic32mx/lib\libpic32.a(default-on-bootstrap.o)
 .mdebug.abi32  0xa0001830        0x0 c:/program files/microchip/xc32/v1.42/bin/bin/../../lib/gcc/pic32mx/4.8.3/../../../../pic32mx/lib\libpic32.a(default-general-exception-handler.o)
 .mdebug.abi32  0xa0001830        0x0 c:/program files/microchip/xc32/v1.42/bin/bin/../../lib/gcc/pic32mx/4.8.3/../../../../pic32mx/lib\libpic32.a(defaultinterrupt.o)

.mdebug.abiN32
 *(.mdebug.abiN32)

.mdebug.abi64
 *(.mdebug.abi64)

.mdebug.abiO64
 *(.mdebug.abiO64)

.mdebug.eabi32
 *(.mdebug.eabi32)

.mdebug.eabi64
 *(.mdebug.eabi64)

.gcc_compiled_long32
 *(.gcc_compiled_long32)

.gcc_compiled_long64
 *(.gcc_compiled_long64)

.stab
 *(.stab)

.stabstr
 *(.stabstr)

.stab.excl
 *(.stab.excl)

.stab.exclstr
 *(.stab.exclstr)

.stab.index
 *(.stab.index)

.stab.indexstr
 *(.stab.indexstr)

.comment        0x00000000       0xa8
 *(.comment)
 .comment       0x00000000       0x3c build/default/production/_ext/337818580/drv_can_static.o
                                 0x3d (size before relaxing)
 .comment       0x00000000       0x3d build/default/production/_ext/12144542/drv_i2c_static.o
 .comment       0x00000000       0x3d build/default/production/_ext/664138601/drv_pmp_static.o
 .comment       0x00000000       0x3d build/default/production/_ext/2077795248/drv_spi_static.o
 .comment       0x00000000       0x3d build/default/production/_ext/639803181/sys_clk_static.o
 .comment       0x00000000       0x3d build/default/production/_ext/822048611/sys_ports_static.o
 .comment       0x00000000       0x3d build/default/production/_ext/1688732426/system_init.o
 .comment       0x00000000       0x3d build/default/production/_ext/1688732426/system_interrupt.o
 .comment       0x00000000       0x3d build/default/production/_ext/1688732426/system_tasks.o
 .comment       0x00000000       0x3d build/default/production/_ext/1688732426/rtos_hooks.o
 .comment       0x00000000       0x3d build/default/production/_ext/1360937237/app.o
 .comment       0x00000000       0x3d build/default/production/_ext/1360937237/app1.o
 .comment       0x00000000       0x3d build/default/production/_ext/1360937237/app2.o
 .comment       0x00000000       0x3d build/default/production/_ext/1360937237/main.o
 .comment       0x00000000       0x3d build/default/production/_ext/1360937237/fm14_app.o
 .comment       0x00000000       0x3d build/default/production/_ext/1360937237/mytest_1.o
 .comment       0x00000000       0x3d build/default/production/_ext/1036670253/fm14.o
 .comment       0x00000000       0x3d build/default/production/_ext/954485971/led.o
 .comment       0x00000000       0x3d build/default/production/_ext/1062952361/XcpBasic.o
 .comment       0x00000000       0x3d build/default/production/_ext/1062952361/xcp_par.o
 .comment       0x00000000       0x3d build/default/production/_ext/1062952361/xcp_usb.o
 .comment       0x00000000       0x3d build/default/production/_ext/831465284/drv_usb.o
 .comment       0x00000000       0x3d build/default/production/_ext/831465284/drv_usb_device.o
 .comment       0x00000000       0x3d build/default/production/_ext/308321468/osal_freertos.o
 .comment       0x00000000       0x3d build/default/production/_ext/482662494/sys_devcon.o
 .comment       0x00000000       0x3d build/default/production/_ext/482662494/sys_devcon_pic32mx.o
 .comment       0x00000000       0x3d build/default/production/_ext/1042686532/sys_int_pic32.o
 .comment       0x00000000       0x3d build/default/production/_ext/826631961/sys_ports.o
 .comment       0x00000000       0x3d build/default/production/_ext/2136608937/usb_device.o
 .comment       0x00000000       0x3d build/default/production/_ext/2136608937/usb_device_cdc.o
 .comment       0x00000000       0x3d build/default/production/_ext/2136608937/usb_device_cdc_acm.o
 .comment       0x00000000       0x3d build/default/production/_ext/1107379230/heap_1.o
 .comment       0x00000000       0x3d build/default/production/_ext/1282498059/port.o
 .comment       0x00000000       0x3d build/default/production/_ext/373060831/croutine.o
 .comment       0x00000000       0x3d build/default/production/_ext/373060831/list.o
 .comment       0x00000000       0x3d build/default/production/_ext/373060831/queue.o
 .comment       0x00000000       0x3d build/default/production/_ext/373060831/tasks.o
 .comment       0x00000000       0x3d build/default/production/_ext/373060831/timers.o
 .comment       0x00000000       0x3d build/default/production/_ext/373060831/event_groups.o
 .comment       0x00000000       0x3d build/default/production/_ext/803462356/sc_timer_service.o
 .comment       0x00000000       0x3d build/default/production/_ext/1273167437/LightSwitch.o
 .comment       0x0000003c       0x3c ..\..\..\..\..\bin\framework\peripheral\PIC32MX795F512L_peripherals.a(peripheral.o)
                                 0x3d (size before relaxing)
 .comment       0x00000000       0x3d c:/program files/microchip/xc32/v1.42/bin/bin/../../lib/gcc/pic32mx/4.8.3\libgcc.a(floatunsisf.o)
 .comment       0x00000078       0x18 c:/program files/microchip/xc32/v1.42/bin/bin/../../lib/gcc/pic32mx/4.8.3/../../../../pic32mx/lib\libpic32.a(memcmp.o)
                                 0x19 (size before relaxing)
 .comment       0x00000090       0x18 c:/program files/microchip/xc32/v1.42/bin/bin/../../lib/gcc/pic32mx/4.8.3/../../../../pic32mx/lib\libpic32.a(memset.o)
                                 0x19 (size before relaxing)
 .comment       0x00000000       0x3d c:/program files/microchip/xc32/v1.42/bin/bin/../../lib/gcc/pic32mx/4.8.3/../../../../pic32mx/lib\libpic32.a(default-bootstrap-exception-handler.o)
 .comment       0x00000000       0x3d c:/program files/microchip/xc32/v1.42/bin/bin/../../lib/gcc/pic32mx/4.8.3/../../../../pic32mx/lib\libpic32.a(default-on-reset.o)
 .comment       0x00000000       0x3d c:/program files/microchip/xc32/v1.42/bin/bin/../../lib/gcc/pic32mx/4.8.3/../../../../pic32mx/lib\libpic32.a(default-on-bootstrap.o)
 .comment       0x00000000       0x3d c:/program files/microchip/xc32/v1.42/bin/bin/../../lib/gcc/pic32mx/4.8.3/../../../../pic32mx/lib\libpic32.a(default-general-exception-handler.o)
 .comment       0x00000000       0x3d c:/program files/microchip/xc32/v1.42/bin/bin/../../lib/gcc/pic32mx/4.8.3/../../../../pic32mx/lib\libpic32.a(defaultinterrupt.o)

.debug
 *(.debug)

.line
 *(.line)

.debug_srcinfo
 *(.debug_srcinfo)

.debug_sfnames
 *(.debug_sfnames)

.debug_aranges  0x00000000     0x1150
 *(.debug_aranges)
 .debug_aranges
                0x00000000       0x48 build/default/production/_ext/337818580/drv_can_static.o
 .debug_aranges
                0x00000048       0xa8 build/default/production/_ext/12144542/drv_i2c_static.o
 .debug_aranges
                0x000000f0       0x38 build/default/production/_ext/664138601/drv_pmp_static.o
 .debug_aranges
                0x00000128       0x68 build/default/production/_ext/2077795248/drv_spi_static.o
 .debug_aranges
                0x00000190       0x38 build/default/production/_ext/639803181/sys_clk_static.o
 .debug_aranges
                0x000001c8       0x20 build/default/production/_ext/822048611/sys_ports_static.o
 .debug_aranges
                0x000001e8       0x20 build/default/production/_ext/1688732426/system_init.o
 .debug_aranges
                0x00000208       0x20 build/default/production/_ext/1688732426/system_interrupt.o
 .debug_aranges
                0x00000228       0x40 build/default/production/_ext/1688732426/system_tasks.o
 .debug_aranges
                0x00000268       0x28 build/default/production/_ext/1688732426/system_interrupt_a.o
 .debug_aranges
                0x00000290       0x28 build/default/production/_ext/1688732426/rtos_hooks.o
 .debug_aranges
                0x000002b8       0x28 build/default/production/_ext/1360937237/app.o
 .debug_aranges
                0x000002e0       0x28 build/default/production/_ext/1360937237/app1.o
 .debug_aranges
                0x00000308       0x48 build/default/production/_ext/1360937237/app2.o
 .debug_aranges
                0x00000350       0x20 build/default/production/_ext/1360937237/main.o
 .debug_aranges
                0x00000370       0x20 build/default/production/_ext/1360937237/fm14_app.o
 .debug_aranges
                0x00000390       0x30 build/default/production/_ext/1360937237/mytest_1.o
 .debug_aranges
                0x000003c0       0x78 build/default/production/_ext/1036670253/fm14.o
 .debug_aranges
                0x00000438       0x48 build/default/production/_ext/954485971/led.o
 .debug_aranges
                0x00000480       0xe8 build/default/production/_ext/1062952361/XcpBasic.o
 .debug_aranges
                0x00000568       0x18 build/default/production/_ext/1062952361/xcp_par.o
 .debug_aranges
                0x00000580       0x50 build/default/production/_ext/1062952361/xcp_usb.o
 .debug_aranges
                0x000005d0       0x70 build/default/production/_ext/831465284/drv_usb.o
 .debug_aranges
                0x00000640       0xb8 build/default/production/_ext/831465284/drv_usb_device.o
 .debug_aranges
                0x000006f8       0x88 build/default/production/_ext/308321468/osal_freertos.o
 .debug_aranges
                0x00000780       0x78 build/default/production/_ext/482662494/sys_devcon.o
 .debug_aranges
                0x000007f8       0x20 build/default/production/_ext/482662494/sys_devcon_pic32mx.o
 .debug_aranges
                0x00000818       0x38 build/default/production/_ext/1042686532/sys_int_pic32.o
 .debug_aranges
                0x00000850       0xf8 build/default/production/_ext/826631961/sys_ports.o
 .debug_aranges
                0x00000948      0x150 build/default/production/_ext/2136608937/usb_device.o
 .debug_aranges
                0x00000a98       0x88 build/default/production/_ext/2136608937/usb_device_cdc.o
 .debug_aranges
                0x00000b20       0x20 build/default/production/_ext/2136608937/usb_device_cdc_acm.o
 .debug_aranges
                0x00000b40       0x38 build/default/production/_ext/1107379230/heap_1.o
 .debug_aranges
                0x00000b78       0x58 build/default/production/_ext/1282498059/port.o
 .debug_aranges
                0x00000bd0       0x20 build/default/production/_ext/1282498059/port_asm.o
 .debug_aranges
                0x00000bf0       0x50 build/default/production/_ext/373060831/croutine.o
 .debug_aranges
                0x00000c40       0x40 build/default/production/_ext/373060831/list.o
 .debug_aranges
                0x00000c80       0xd0 build/default/production/_ext/373060831/queue.o
 .debug_aranges
                0x00000d50      0x188 build/default/production/_ext/373060831/tasks.o
 .debug_aranges
                0x00000ed8       0x18 build/default/production/_ext/373060831/timers.o
 .debug_aranges
                0x00000ef0       0x70 build/default/production/_ext/373060831/event_groups.o
 .debug_aranges
                0x00000f60       0x40 build/default/production/_ext/803462356/sc_timer_service.o
 .debug_aranges
                0x00000fa0       0xf0 build/default/production/_ext/1273167437/LightSwitch.o
 .debug_aranges
                0x00001090       0x20 c:/program files/microchip/xc32/v1.42/bin/bin/../../lib/gcc/pic32mx/4.8.3\libgcc.a(floatunsisf.o)
 .debug_aranges
                0x000010b0       0x20 c:/program files/microchip/xc32/v1.42/bin/bin/../../lib/gcc/pic32mx/4.8.3/../../../../pic32mx/lib\libpic32.a(default-bootstrap-exception-handler.o)
 .debug_aranges
                0x000010d0       0x20 c:/program files/microchip/xc32/v1.42/bin/bin/../../lib/gcc/pic32mx/4.8.3/../../../../pic32mx/lib\libpic32.a(default-on-reset.o)
 .debug_aranges
                0x000010f0       0x20 c:/program files/microchip/xc32/v1.42/bin/bin/../../lib/gcc/pic32mx/4.8.3/../../../../pic32mx/lib\libpic32.a(default-on-bootstrap.o)
 .debug_aranges
                0x00001110       0x20 c:/program files/microchip/xc32/v1.42/bin/bin/../../lib/gcc/pic32mx/4.8.3/../../../../pic32mx/lib\libpic32.a(default-general-exception-handler.o)
 .debug_aranges
                0x00001130       0x20 c:/program files/microchip/xc32/v1.42/bin/bin/../../lib/gcc/pic32mx/4.8.3/../../../../pic32mx/lib\libpic32.a(defaultinterrupt.o)

.debug_pubnames
 *(.debug_pubnames)

.debug_info     0x00000000    0x4adaf
 *(.debug_info .gnu.linkonce.wi.*)
 .debug_info    0x00000000     0x24ae build/default/production/_ext/337818580/drv_can_static.o
 .debug_info    0x000024ae      0x8b8 build/default/production/_ext/12144542/drv_i2c_static.o
 .debug_info    0x00002d66      0x79f build/default/production/_ext/664138601/drv_pmp_static.o
 .debug_info    0x00003505     0x2a6b build/default/production/_ext/2077795248/drv_spi_static.o
 .debug_info    0x00005f70     0x2ad8 build/default/production/_ext/639803181/sys_clk_static.o
 .debug_info    0x00008a48      0x51e build/default/production/_ext/822048611/sys_ports_static.o
 .debug_info    0x00008f66     0x55fb build/default/production/_ext/1688732426/system_init.o
 .debug_info    0x0000e561     0x25d1 build/default/production/_ext/1688732426/system_interrupt.o
 .debug_info    0x00010b32     0x26cf build/default/production/_ext/1688732426/system_tasks.o
 .debug_info    0x00013201       0x9d build/default/production/_ext/1688732426/system_interrupt_a.o
 .debug_info    0x0001329e      0x253 build/default/production/_ext/1688732426/rtos_hooks.o
 .debug_info    0x000134f1     0x253c build/default/production/_ext/1360937237/app.o
 .debug_info    0x00015a2d     0x253f build/default/production/_ext/1360937237/app1.o
 .debug_info    0x00017f6c     0x2fd9 build/default/production/_ext/1360937237/app2.o
 .debug_info    0x0001af45      0x157 build/default/production/_ext/1360937237/main.o
 .debug_info    0x0001b09c     0x2bc6 build/default/production/_ext/1360937237/fm14_app.o
 .debug_info    0x0001dc62     0x3244 build/default/production/_ext/1360937237/mytest_1.o
 .debug_info    0x00020ea6     0x2afb build/default/production/_ext/1036670253/fm14.o
 .debug_info    0x000239a1     0x288b build/default/production/_ext/954485971/led.o
 .debug_info    0x0002622c     0x36fe build/default/production/_ext/1062952361/XcpBasic.o
 .debug_info    0x0002992a     0x2acd build/default/production/_ext/1062952361/xcp_par.o
 .debug_info    0x0002c3f7     0x488d build/default/production/_ext/1062952361/xcp_usb.o
 .debug_info    0x00030c84     0x2555 build/default/production/_ext/831465284/drv_usb.o
 .debug_info    0x000331d9     0x302b build/default/production/_ext/831465284/drv_usb_device.o
 .debug_info    0x00036204      0x72f build/default/production/_ext/308321468/osal_freertos.o
 .debug_info    0x00036933      0x90c build/default/production/_ext/482662494/sys_devcon.o
 .debug_info    0x0003723f      0x55c build/default/production/_ext/482662494/sys_devcon_pic32mx.o
 .debug_info    0x0003779b      0xe7f build/default/production/_ext/1042686532/sys_int_pic32.o
 .debug_info    0x0003861a     0x14de build/default/production/_ext/826631961/sys_ports.o
 .debug_info    0x00039af8     0x4d95 build/default/production/_ext/2136608937/usb_device.o
 .debug_info    0x0003e88d     0x41dd build/default/production/_ext/2136608937/usb_device_cdc.o
 .debug_info    0x00042a6a     0x15a5 build/default/production/_ext/2136608937/usb_device_cdc_acm.o
 .debug_info    0x0004400f      0x31a build/default/production/_ext/1107379230/heap_1.o
 .debug_info    0x00044329     0x112d build/default/production/_ext/1282498059/port.o
 .debug_info    0x00045456       0xc1 build/default/production/_ext/1282498059/port_asm.o
 .debug_info    0x00045517      0x8bb build/default/production/_ext/373060831/croutine.o
 .debug_info    0x00045dd2      0x46a build/default/production/_ext/373060831/list.o
 .debug_info    0x0004623c      0xf0f build/default/production/_ext/373060831/queue.o
 .debug_info    0x0004714b     0x1be8 build/default/production/_ext/373060831/tasks.o
 .debug_info    0x00048d33      0x171 build/default/production/_ext/373060831/timers.o
 .debug_info    0x00048ea4      0x9d4 build/default/production/_ext/373060831/event_groups.o
 .debug_info    0x00049878      0x4c3 build/default/production/_ext/803462356/sc_timer_service.o
 .debug_info    0x00049d3b      0xace build/default/production/_ext/1273167437/LightSwitch.o
 .debug_info    0x0004a809      0x131 c:/program files/microchip/xc32/v1.42/bin/bin/../../lib/gcc/pic32mx/4.8.3\libgcc.a(floatunsisf.o)
 .debug_info    0x0004a93a       0xf5 c:/program files/microchip/xc32/v1.42/bin/bin/../../lib/gcc/pic32mx/4.8.3/../../../../pic32mx/lib\libpic32.a(default-bootstrap-exception-handler.o)
 .debug_info    0x0004aa2f       0xcf c:/program files/microchip/xc32/v1.42/bin/bin/../../lib/gcc/pic32mx/4.8.3/../../../../pic32mx/lib\libpic32.a(default-on-reset.o)
 .debug_info    0x0004aafe       0xd7 c:/program files/microchip/xc32/v1.42/bin/bin/../../lib/gcc/pic32mx/4.8.3/../../../../pic32mx/lib\libpic32.a(default-on-bootstrap.o)
 .debug_info    0x0004abd5       0xf1 c:/program files/microchip/xc32/v1.42/bin/bin/../../lib/gcc/pic32mx/4.8.3/../../../../pic32mx/lib\libpic32.a(default-general-exception-handler.o)
 .debug_info    0x0004acc6       0xe9 c:/program files/microchip/xc32/v1.42/bin/bin/../../lib/gcc/pic32mx/4.8.3/../../../../pic32mx/lib\libpic32.a(defaultinterrupt.o)

.debug_abbrev   0x00000000     0x3e9f
 *(.debug_abbrev)
 .debug_abbrev  0x00000000      0x196 build/default/production/_ext/337818580/drv_can_static.o
 .debug_abbrev  0x00000196      0x10c build/default/production/_ext/12144542/drv_i2c_static.o
 .debug_abbrev  0x000002a2       0xa6 build/default/production/_ext/664138601/drv_pmp_static.o
 .debug_abbrev  0x00000348      0x177 build/default/production/_ext/2077795248/drv_spi_static.o
 .debug_abbrev  0x000004bf      0x1a7 build/default/production/_ext/639803181/sys_clk_static.o
 .debug_abbrev  0x00000666       0x67 build/default/production/_ext/822048611/sys_ports_static.o
 .debug_abbrev  0x000006cd      0x241 build/default/production/_ext/1688732426/system_init.o
 .debug_abbrev  0x0000090e      0x109 build/default/production/_ext/1688732426/system_interrupt.o
 .debug_abbrev  0x00000a17      0x152 build/default/production/_ext/1688732426/system_tasks.o
 .debug_abbrev  0x00000b69       0x12 build/default/production/_ext/1688732426/system_interrupt_a.o
 .debug_abbrev  0x00000b7b       0x97 build/default/production/_ext/1688732426/rtos_hooks.o
 .debug_abbrev  0x00000c12       0xf8 build/default/production/_ext/1360937237/app.o
 .debug_abbrev  0x00000d0a       0xf8 build/default/production/_ext/1360937237/app1.o
 .debug_abbrev  0x00000e02      0x1ce build/default/production/_ext/1360937237/app2.o
 .debug_abbrev  0x00000fd0       0x3b build/default/production/_ext/1360937237/main.o
 .debug_abbrev  0x0000100b      0x137 build/default/production/_ext/1360937237/fm14_app.o
 .debug_abbrev  0x00001142      0x1c1 build/default/production/_ext/1360937237/mytest_1.o
 .debug_abbrev  0x00001303      0x130 build/default/production/_ext/1036670253/fm14.o
 .debug_abbrev  0x00001433      0x13b build/default/production/_ext/954485971/led.o
 .debug_abbrev  0x0000156e      0x300 build/default/production/_ext/1062952361/XcpBasic.o
 .debug_abbrev  0x0000186e       0xee build/default/production/_ext/1062952361/xcp_par.o
 .debug_abbrev  0x0000195c      0x2a0 build/default/production/_ext/1062952361/xcp_usb.o
 .debug_abbrev  0x00001bfc      0x2d1 build/default/production/_ext/831465284/drv_usb.o
 .debug_abbrev  0x00001ecd      0x28e build/default/production/_ext/831465284/drv_usb_device.o
 .debug_abbrev  0x0000215b      0x142 build/default/production/_ext/308321468/osal_freertos.o
 .debug_abbrev  0x0000229d      0x1f3 build/default/production/_ext/482662494/sys_devcon.o
 .debug_abbrev  0x00002490       0xd2 build/default/production/_ext/482662494/sys_devcon_pic32mx.o
 .debug_abbrev  0x00002562       0xfd build/default/production/_ext/1042686532/sys_int_pic32.o
 .debug_abbrev  0x0000265f      0x104 build/default/production/_ext/826631961/sys_ports.o
 .debug_abbrev  0x00002763      0x34b build/default/production/_ext/2136608937/usb_device.o
 .debug_abbrev  0x00002aae      0x2d8 build/default/production/_ext/2136608937/usb_device_cdc.o
 .debug_abbrev  0x00002d86      0x19d build/default/production/_ext/2136608937/usb_device_cdc_acm.o
 .debug_abbrev  0x00002f23       0xf0 build/default/production/_ext/1107379230/heap_1.o
 .debug_abbrev  0x00003013      0x283 build/default/production/_ext/1282498059/port.o
 .debug_abbrev  0x00003296       0x14 build/default/production/_ext/1282498059/port_asm.o
 .debug_abbrev  0x000032aa      0x1be build/default/production/_ext/373060831/croutine.o
 .debug_abbrev  0x00003468       0xe2 build/default/production/_ext/373060831/list.o
 .debug_abbrev  0x0000354a      0x1da build/default/production/_ext/373060831/queue.o
 .debug_abbrev  0x00003724      0x232 build/default/production/_ext/373060831/tasks.o
 .debug_abbrev  0x00003956       0x1b build/default/production/_ext/373060831/timers.o
 .debug_abbrev  0x00003971      0x175 build/default/production/_ext/373060831/event_groups.o
 .debug_abbrev  0x00003ae6      0x104 build/default/production/_ext/803462356/sc_timer_service.o
 .debug_abbrev  0x00003bea      0x18b build/default/production/_ext/1273167437/LightSwitch.o
 .debug_abbrev  0x00003d75       0x62 c:/program files/microchip/xc32/v1.42/bin/bin/../../lib/gcc/pic32mx/4.8.3\libgcc.a(floatunsisf.o)
 .debug_abbrev  0x00003dd7       0x28 c:/program files/microchip/xc32/v1.42/bin/bin/../../lib/gcc/pic32mx/4.8.3/../../../../pic32mx/lib\libpic32.a(default-bootstrap-exception-handler.o)
 .debug_abbrev  0x00003dff       0x28 c:/program files/microchip/xc32/v1.42/bin/bin/../../lib/gcc/pic32mx/4.8.3/../../../../pic32mx/lib\libpic32.a(default-on-reset.o)
 .debug_abbrev  0x00003e27       0x28 c:/program files/microchip/xc32/v1.42/bin/bin/../../lib/gcc/pic32mx/4.8.3/../../../../pic32mx/lib\libpic32.a(default-on-bootstrap.o)
 .debug_abbrev  0x00003e4f       0x28 c:/program files/microchip/xc32/v1.42/bin/bin/../../lib/gcc/pic32mx/4.8.3/../../../../pic32mx/lib\libpic32.a(default-general-exception-handler.o)
 .debug_abbrev  0x00003e77       0x28 c:/program files/microchip/xc32/v1.42/bin/bin/../../lib/gcc/pic32mx/4.8.3/../../../../pic32mx/lib\libpic32.a(defaultinterrupt.o)

.debug_line     0x00000000     0x993c
 *(.debug_line)
 .debug_line    0x00000000      0x31c build/default/production/_ext/337818580/drv_can_static.o
 .debug_line    0x0000031c      0x3b6 build/default/production/_ext/12144542/drv_i2c_static.o
 .debug_line    0x000006d2      0x1f9 build/default/production/_ext/664138601/drv_pmp_static.o
 .debug_line    0x000008cb      0x3c9 build/default/production/_ext/2077795248/drv_spi_static.o
 .debug_line    0x00000c94      0x35e build/default/production/_ext/639803181/sys_clk_static.o
 .debug_line    0x00000ff2      0x170 build/default/production/_ext/822048611/sys_ports_static.o
 .debug_line    0x00001162      0x5a5 build/default/production/_ext/1688732426/system_init.o
 .debug_line    0x00001707      0x28c build/default/production/_ext/1688732426/system_interrupt.o
 .debug_line    0x00001993      0x406 build/default/production/_ext/1688732426/system_tasks.o
 .debug_line    0x00001d99       0x7b build/default/production/_ext/1688732426/system_interrupt_a.o
 .debug_line    0x00001e14      0x14c build/default/production/_ext/1688732426/rtos_hooks.o
 .debug_line    0x00001f60      0x21b build/default/production/_ext/1360937237/app.o
 .debug_line    0x0000217b      0x21c build/default/production/_ext/1360937237/app1.o
 .debug_line    0x00002397      0x47a build/default/production/_ext/1360937237/app2.o
 .debug_line    0x00002811       0x7b build/default/production/_ext/1360937237/main.o
 .debug_line    0x0000288c      0x2e0 build/default/production/_ext/1360937237/fm14_app.o
 .debug_line    0x00002b6c      0x3bb build/default/production/_ext/1360937237/mytest_1.o
 .debug_line    0x00002f27      0x38f build/default/production/_ext/1036670253/fm14.o
 .debug_line    0x000032b6      0x373 build/default/production/_ext/954485971/led.o
 .debug_line    0x00003629      0x748 build/default/production/_ext/1062952361/XcpBasic.o
 .debug_line    0x00003d71      0x2a4 build/default/production/_ext/1062952361/xcp_par.o
 .debug_line    0x00004015      0x52c build/default/production/_ext/1062952361/xcp_usb.o
 .debug_line    0x00004541      0x612 build/default/production/_ext/831465284/drv_usb.o
 .debug_line    0x00004b53      0x8a9 build/default/production/_ext/831465284/drv_usb_device.o
 .debug_line    0x000053fc      0x2d6 build/default/production/_ext/308321468/osal_freertos.o
 .debug_line    0x000056d2      0x40b build/default/production/_ext/482662494/sys_devcon.o
 .debug_line    0x00005add      0x23f build/default/production/_ext/482662494/sys_devcon_pic32mx.o
 .debug_line    0x00005d1c      0x1fd build/default/production/_ext/1042686532/sys_int_pic32.o
 .debug_line    0x00005f19      0x4cb build/default/production/_ext/826631961/sys_ports.o
 .debug_line    0x000063e4      0xa55 build/default/production/_ext/2136608937/usb_device.o
 .debug_line    0x00006e39      0x644 build/default/production/_ext/2136608937/usb_device_cdc.o
 .debug_line    0x0000747d      0x299 build/default/production/_ext/2136608937/usb_device_cdc_acm.o
 .debug_line    0x00007716      0x161 build/default/production/_ext/1107379230/heap_1.o
 .debug_line    0x00007877      0x23d build/default/production/_ext/1282498059/port.o
 .debug_line    0x00007ab4      0x105 build/default/production/_ext/1282498059/port_asm.o
 .debug_line    0x00007bb9      0x27e build/default/production/_ext/373060831/croutine.o
 .debug_line    0x00007e37      0x1ec build/default/production/_ext/373060831/list.o
 .debug_line    0x00008023      0x4f4 build/default/production/_ext/373060831/queue.o
 .debug_line    0x00008517      0x7ee build/default/production/_ext/373060831/tasks.o
 .debug_line    0x00008d05       0x1d build/default/production/_ext/373060831/timers.o
 .debug_line    0x00008d22      0x2f9 build/default/production/_ext/373060831/event_groups.o
 .debug_line    0x0000901b      0x1de build/default/production/_ext/803462356/sc_timer_service.o
 .debug_line    0x000091f9      0x37f build/default/production/_ext/1273167437/LightSwitch.o
 .debug_line    0x00009578       0x9c c:/program files/microchip/xc32/v1.42/bin/bin/../../lib/gcc/pic32mx/4.8.3\libgcc.a(floatunsisf.o)
 .debug_line    0x00009614       0xa9 c:/program files/microchip/xc32/v1.42/bin/bin/../../lib/gcc/pic32mx/4.8.3/../../../../pic32mx/lib\libpic32.a(default-bootstrap-exception-handler.o)
 .debug_line    0x000096bd       0x96 c:/program files/microchip/xc32/v1.42/bin/bin/../../lib/gcc/pic32mx/4.8.3/../../../../pic32mx/lib\libpic32.a(default-on-reset.o)
 .debug_line    0x00009753       0x9a c:/program files/microchip/xc32/v1.42/bin/bin/../../lib/gcc/pic32mx/4.8.3/../../../../pic32mx/lib\libpic32.a(default-on-bootstrap.o)
 .debug_line    0x000097ed       0xa7 c:/program files/microchip/xc32/v1.42/bin/bin/../../lib/gcc/pic32mx/4.8.3/../../../../pic32mx/lib\libpic32.a(default-general-exception-handler.o)
 .debug_line    0x00009894       0xa8 c:/program files/microchip/xc32/v1.42/bin/bin/../../lib/gcc/pic32mx/4.8.3/../../../../pic32mx/lib\libpic32.a(defaultinterrupt.o)

.debug_frame    0x00000000     0x3424
 *(.debug_frame)
 .debug_frame   0x00000000       0xd0 build/default/production/_ext/337818580/drv_can_static.o
 .debug_frame   0x000000d0      0x250 build/default/production/_ext/12144542/drv_i2c_static.o
 .debug_frame   0x00000320       0x90 build/default/production/_ext/664138601/drv_pmp_static.o
 .debug_frame   0x000003b0      0x158 build/default/production/_ext/2077795248/drv_spi_static.o
 .debug_frame   0x00000508       0x84 build/default/production/_ext/639803181/sys_clk_static.o
 .debug_frame   0x0000058c       0x30 build/default/production/_ext/822048611/sys_ports_static.o
 .debug_frame   0x000005bc       0x30 build/default/production/_ext/1688732426/system_init.o
 .debug_frame   0x000005ec       0x30 build/default/production/_ext/1688732426/system_interrupt.o
 .debug_frame   0x0000061c       0xa0 build/default/production/_ext/1688732426/system_tasks.o
 .debug_frame   0x000006bc       0x48 build/default/production/_ext/1688732426/rtos_hooks.o
 .debug_frame   0x00000704       0x48 build/default/production/_ext/1360937237/app.o
 .debug_frame   0x0000074c       0x48 build/default/production/_ext/1360937237/app1.o
 .debug_frame   0x00000794       0xd0 build/default/production/_ext/1360937237/app2.o
 .debug_frame   0x00000864       0x2c build/default/production/_ext/1360937237/main.o
 .debug_frame   0x00000890       0x30 build/default/production/_ext/1360937237/fm14_app.o
 .debug_frame   0x000008c0       0x6c build/default/production/_ext/1360937237/mytest_1.o
 .debug_frame   0x0000092c      0x190 build/default/production/_ext/1036670253/fm14.o
 .debug_frame   0x00000abc       0xd0 build/default/production/_ext/954485971/led.o
 .debug_frame   0x00000b8c      0x344 build/default/production/_ext/1062952361/XcpBasic.o
 .debug_frame   0x00000ed0       0xec build/default/production/_ext/1062952361/xcp_usb.o
 .debug_frame   0x00000fbc      0x168 build/default/production/_ext/831465284/drv_usb.o
 .debug_frame   0x00001124      0x28c build/default/production/_ext/831465284/drv_usb_device.o
 .debug_frame   0x000013b0      0x1c8 build/default/production/_ext/308321468/osal_freertos.o
 .debug_frame   0x00001578      0x17c build/default/production/_ext/482662494/sys_devcon.o
 .debug_frame   0x000016f4       0x30 build/default/production/_ext/482662494/sys_devcon_pic32mx.o
 .debug_frame   0x00001724       0x90 build/default/production/_ext/1042686532/sys_int_pic32.o
 .debug_frame   0x000017b4      0x390 build/default/production/_ext/826631961/sys_ports.o
 .debug_frame   0x00001b44      0x4e8 build/default/production/_ext/2136608937/usb_device.o
 .debug_frame   0x0000202c      0x1c8 build/default/production/_ext/2136608937/usb_device_cdc.o
 .debug_frame   0x000021f4       0x30 build/default/production/_ext/2136608937/usb_device_cdc_acm.o
 .debug_frame   0x00002224       0x84 build/default/production/_ext/1107379230/heap_1.o
 .debug_frame   0x000022a8      0x108 build/default/production/_ext/1282498059/port.o
 .debug_frame   0x000023b0       0xf0 build/default/production/_ext/373060831/croutine.o
 .debug_frame   0x000024a0       0xac build/default/production/_ext/373060831/list.o
 .debug_frame   0x0000254c      0x2d8 build/default/production/_ext/373060831/queue.o
 .debug_frame   0x00002824      0x5ac build/default/production/_ext/373060831/tasks.o
 .debug_frame   0x00002dd0      0x16c build/default/production/_ext/373060831/event_groups.o
 .debug_frame   0x00002f3c       0xb0 build/default/production/_ext/803462356/sc_timer_service.o
 .debug_frame   0x00002fec      0x358 build/default/production/_ext/1273167437/LightSwitch.o
 .debug_frame   0x00003344       0x28 c:/program files/microchip/xc32/v1.42/bin/bin/../../lib/gcc/pic32mx/4.8.3\libgcc.a(floatunsisf.o)
 .debug_frame   0x0000336c       0x2c c:/program files/microchip/xc32/v1.42/bin/bin/../../lib/gcc/pic32mx/4.8.3/../../../../pic32mx/lib\libpic32.a(default-bootstrap-exception-handler.o)
 .debug_frame   0x00003398       0x20 c:/program files/microchip/xc32/v1.42/bin/bin/../../lib/gcc/pic32mx/4.8.3/../../../../pic32mx/lib\libpic32.a(default-on-reset.o)
 .debug_frame   0x000033b8       0x20 c:/program files/microchip/xc32/v1.42/bin/bin/../../lib/gcc/pic32mx/4.8.3/../../../../pic32mx/lib\libpic32.a(default-on-bootstrap.o)
 .debug_frame   0x000033d8       0x2c c:/program files/microchip/xc32/v1.42/bin/bin/../../lib/gcc/pic32mx/4.8.3/../../../../pic32mx/lib\libpic32.a(default-general-exception-handler.o)
 .debug_frame   0x00003404       0x20 c:/program files/microchip/xc32/v1.42/bin/bin/../../lib/gcc/pic32mx/4.8.3/../../../../pic32mx/lib\libpic32.a(defaultinterrupt.o)

.debug_str      0x00000000      0xbf8
 *(.debug_str)
 .debug_str     0x00000000       0x17 build/default/production/_ext/337818580/drv_can_static.o
 .debug_str     0x00000017        0x0 build/default/production/_ext/12144542/drv_i2c_static.o
 .debug_str     0x00000017        0x0 build/default/production/_ext/664138601/drv_pmp_static.o
 .debug_str     0x00000017       0x46 build/default/production/_ext/2077795248/drv_spi_static.o
 .debug_str     0x0000005d        0x0 build/default/production/_ext/639803181/sys_clk_static.o
 .debug_str     0x0000005d        0x0 build/default/production/_ext/822048611/sys_ports_static.o
 .debug_str     0x0000005d       0xa5 build/default/production/_ext/1688732426/system_init.o
 .debug_str     0x00000102        0x0 build/default/production/_ext/1688732426/system_interrupt.o
 .debug_str     0x00000102        0xe build/default/production/_ext/1688732426/system_tasks.o
 .debug_str     0x00000110        0x9 build/default/production/_ext/1688732426/rtos_hooks.o
 .debug_str     0x00000119        0x0 build/default/production/_ext/1360937237/app.o
 .debug_str     0x00000119        0x0 build/default/production/_ext/1360937237/app1.o
 .debug_str     0x00000119       0x10 build/default/production/_ext/1360937237/app2.o
 .debug_str     0x00000129        0x0 build/default/production/_ext/1360937237/main.o
 .debug_str     0x00000129        0x0 build/default/production/_ext/1360937237/fm14_app.o
 .debug_str     0x00000129        0x0 build/default/production/_ext/1360937237/mytest_1.o
 .debug_str     0x00000129       0x20 build/default/production/_ext/1036670253/fm14.o
 .debug_str     0x00000149        0x8 build/default/production/_ext/954485971/led.o
 .debug_str     0x00000151        0x0 build/default/production/_ext/1062952361/XcpBasic.o
 .debug_str     0x00000151        0x0 build/default/production/_ext/1062952361/xcp_par.o
 .debug_str     0x00000151       0xa4 build/default/production/_ext/1062952361/xcp_usb.o
 .debug_str     0x000001f5       0x73 build/default/production/_ext/831465284/drv_usb.o
 .debug_str     0x00000268       0xd6 build/default/production/_ext/831465284/drv_usb_device.o
 .debug_str     0x0000033e       0x40 build/default/production/_ext/308321468/osal_freertos.o
 .debug_str     0x0000037e       0x16 build/default/production/_ext/482662494/sys_devcon.o
 .debug_str     0x00000394        0x0 build/default/production/_ext/482662494/sys_devcon_pic32mx.o
 .debug_str     0x00000394        0x0 build/default/production/_ext/1042686532/sys_int_pic32.o
 .debug_str     0x00000394       0x34 build/default/production/_ext/826631961/sys_ports.o
 .debug_str     0x000003c8      0x2ae build/default/production/_ext/2136608937/usb_device.o
 .debug_str     0x00000676      0x15b build/default/production/_ext/2136608937/usb_device_cdc.o
 .debug_str     0x000007d1        0xe build/default/production/_ext/2136608937/usb_device_cdc_acm.o
 .debug_str     0x000007df        0x0 build/default/production/_ext/1107379230/heap_1.o
 .debug_str     0x000007df       0x23 build/default/production/_ext/1282498059/port.o
 .debug_str     0x00000802       0x46 build/default/production/_ext/373060831/croutine.o
 .debug_str     0x00000848       0x2b build/default/production/_ext/373060831/list.o
 .debug_str     0x00000873       0xff build/default/production/_ext/373060831/queue.o
 .debug_str     0x00000972      0x17c build/default/production/_ext/373060831/tasks.o
 .debug_str     0x00000aee        0x0 build/default/production/_ext/373060831/timers.o
 .debug_str     0x00000aee       0xe6 build/default/production/_ext/373060831/event_groups.o
 .debug_str     0x00000bd4       0x1d build/default/production/_ext/803462356/sc_timer_service.o
 .debug_str     0x00000bf1        0x7 build/default/production/_ext/1273167437/LightSwitch.o
 .debug_str     0x00000bf8        0x0 c:/program files/microchip/xc32/v1.42/bin/bin/../../lib/gcc/pic32mx/4.8.3\libgcc.a(floatunsisf.o)
 .debug_str     0x00000bf8        0x0 c:/program files/microchip/xc32/v1.42/bin/bin/../../lib/gcc/pic32mx/4.8.3/../../../../pic32mx/lib\libpic32.a(default-bootstrap-exception-handler.o)
 .debug_str     0x00000bf8        0x0 c:/program files/microchip/xc32/v1.42/bin/bin/../../lib/gcc/pic32mx/4.8.3/../../../../pic32mx/lib\libpic32.a(default-on-reset.o)
 .debug_str     0x00000bf8        0x0 c:/program files/microchip/xc32/v1.42/bin/bin/../../lib/gcc/pic32mx/4.8.3/../../../../pic32mx/lib\libpic32.a(default-on-bootstrap.o)
 .debug_str     0x00000bf8        0x0 c:/program files/microchip/xc32/v1.42/bin/bin/../../lib/gcc/pic32mx/4.8.3/../../../../pic32mx/lib\libpic32.a(default-general-exception-handler.o)
 .debug_str     0x00000bf8        0x0 c:/program files/microchip/xc32/v1.42/bin/bin/../../lib/gcc/pic32mx/4.8.3/../../../../pic32mx/lib\libpic32.a(defaultinterrupt.o)

.debug_loc      0x00000000       0x74
 *(.debug_loc)
 .debug_loc     0x00000000       0x74 c:/program files/microchip/xc32/v1.42/bin/bin/../../lib/gcc/pic32mx/4.8.3\libgcc.a(floatunsisf.o)

.debug_macinfo
 *(.debug_macinfo)

.debug_weaknames
 *(.debug_weaknames)

.debug_funcnames
 *(.debug_funcnames)

.debug_typenames
 *(.debug_typenames)

.debug_varnames
 *(.debug_varnames)

.debug_pubtypes
 *(.debug_pubtypes)

.debug_ranges   0x00000000      0xe30
 *(.debug_ranges)
 .debug_ranges  0x00000000       0x38 build/default/production/_ext/337818580/drv_can_static.o
 .debug_ranges  0x00000038       0x98 build/default/production/_ext/12144542/drv_i2c_static.o
 .debug_ranges  0x000000d0       0x28 build/default/production/_ext/664138601/drv_pmp_static.o
 .debug_ranges  0x000000f8       0x58 build/default/production/_ext/2077795248/drv_spi_static.o
 .debug_ranges  0x00000150       0x28 build/default/production/_ext/639803181/sys_clk_static.o
 .debug_ranges  0x00000178       0x10 build/default/production/_ext/822048611/sys_ports_static.o
 .debug_ranges  0x00000188       0x10 build/default/production/_ext/1688732426/system_init.o
 .debug_ranges  0x00000198       0x10 build/default/production/_ext/1688732426/system_interrupt.o
 .debug_ranges  0x000001a8       0x30 build/default/production/_ext/1688732426/system_tasks.o
 .debug_ranges  0x000001d8       0x20 build/default/production/_ext/1688732426/system_interrupt_a.o
 .debug_ranges  0x000001f8       0x18 build/default/production/_ext/1688732426/rtos_hooks.o
 .debug_ranges  0x00000210       0x18 build/default/production/_ext/1360937237/app.o
 .debug_ranges  0x00000228       0x18 build/default/production/_ext/1360937237/app1.o
 .debug_ranges  0x00000240       0x38 build/default/production/_ext/1360937237/app2.o
 .debug_ranges  0x00000278       0x10 build/default/production/_ext/1360937237/main.o
 .debug_ranges  0x00000288       0x10 build/default/production/_ext/1360937237/fm14_app.o
 .debug_ranges  0x00000298       0x20 build/default/production/_ext/1360937237/mytest_1.o
 .debug_ranges  0x000002b8       0x68 build/default/production/_ext/1036670253/fm14.o
 .debug_ranges  0x00000320       0x38 build/default/production/_ext/954485971/led.o
 .debug_ranges  0x00000358       0xf0 build/default/production/_ext/1062952361/XcpBasic.o
 .debug_ranges  0x00000448       0x40 build/default/production/_ext/1062952361/xcp_usb.o
 .debug_ranges  0x00000488       0x60 build/default/production/_ext/831465284/drv_usb.o
 .debug_ranges  0x000004e8       0xa8 build/default/production/_ext/831465284/drv_usb_device.o
 .debug_ranges  0x00000590       0x78 build/default/production/_ext/308321468/osal_freertos.o
 .debug_ranges  0x00000608       0x68 build/default/production/_ext/482662494/sys_devcon.o
 .debug_ranges  0x00000670       0x10 build/default/production/_ext/482662494/sys_devcon_pic32mx.o
 .debug_ranges  0x00000680       0x28 build/default/production/_ext/1042686532/sys_int_pic32.o
 .debug_ranges  0x000006a8       0xe8 build/default/production/_ext/826631961/sys_ports.o
 .debug_ranges  0x00000790      0x140 build/default/production/_ext/2136608937/usb_device.o
 .debug_ranges  0x000008d0       0x78 build/default/production/_ext/2136608937/usb_device_cdc.o
 .debug_ranges  0x00000948       0x10 build/default/production/_ext/2136608937/usb_device_cdc_acm.o
 .debug_ranges  0x00000958       0x28 build/default/production/_ext/1107379230/heap_1.o
 .debug_ranges  0x00000980       0x48 build/default/production/_ext/1282498059/port.o
 .debug_ranges  0x000009c8       0x40 build/default/production/_ext/373060831/croutine.o
 .debug_ranges  0x00000a08       0x30 build/default/production/_ext/373060831/list.o
 .debug_ranges  0x00000a38       0xc0 build/default/production/_ext/373060831/queue.o
 .debug_ranges  0x00000af8      0x178 build/default/production/_ext/373060831/tasks.o
 .debug_ranges  0x00000c70       0x60 build/default/production/_ext/373060831/event_groups.o
 .debug_ranges  0x00000cd0       0x30 build/default/production/_ext/803462356/sc_timer_service.o
 .debug_ranges  0x00000d00       0xe0 build/default/production/_ext/1273167437/LightSwitch.o
 .debug_ranges  0x00000de0       0x10 c:/program files/microchip/xc32/v1.42/bin/bin/../../lib/gcc/pic32mx/4.8.3/../../../../pic32mx/lib\libpic32.a(default-bootstrap-exception-handler.o)
 .debug_ranges  0x00000df0       0x10 c:/program files/microchip/xc32/v1.42/bin/bin/../../lib/gcc/pic32mx/4.8.3/../../../../pic32mx/lib\libpic32.a(default-on-reset.o)
 .debug_ranges  0x00000e00       0x10 c:/program files/microchip/xc32/v1.42/bin/bin/../../lib/gcc/pic32mx/4.8.3/../../../../pic32mx/lib\libpic32.a(default-on-bootstrap.o)
 .debug_ranges  0x00000e10       0x10 c:/program files/microchip/xc32/v1.42/bin/bin/../../lib/gcc/pic32mx/4.8.3/../../../../pic32mx/lib\libpic32.a(default-general-exception-handler.o)
 .debug_ranges  0x00000e20       0x10 c:/program files/microchip/xc32/v1.42/bin/bin/../../lib/gcc/pic32mx/4.8.3/../../../../pic32mx/lib\libpic32.a(defaultinterrupt.o)

.gnu.attributes
                0x00000000       0x10
 *(.gnu.attributes)
 .gnu.attributes
                0x00000000       0x10 build/default/production/_ext/337818580/drv_can_static.o
 .gnu.attributes
                0x00000010       0x10 build/default/production/_ext/12144542/drv_i2c_static.o
 .gnu.attributes
                0x00000020       0x10 build/default/production/_ext/664138601/drv_pmp_static.o
 .gnu.attributes
                0x00000030       0x10 build/default/production/_ext/2077795248/drv_spi_static.o
 .gnu.attributes
                0x00000040       0x10 build/default/production/_ext/639803181/sys_clk_static.o
 .gnu.attributes
                0x00000050       0x10 build/default/production/_ext/822048611/sys_ports_static.o
 .gnu.attributes
                0x00000060       0x10 build/default/production/_ext/1688732426/system_init.o
 .gnu.attributes
                0x00000070       0x10 build/default/production/_ext/1688732426/system_interrupt.o
 .gnu.attributes
                0x00000080       0x10 build/default/production/_ext/1688732426/system_tasks.o
 .gnu.attributes
                0x00000090       0x10 build/default/production/_ext/1688732426/rtos_hooks.o
 .gnu.attributes
                0x000000a0       0x10 build/default/production/_ext/1360937237/app.o
 .gnu.attributes
                0x000000b0       0x10 build/default/production/_ext/1360937237/app1.o
 .gnu.attributes
                0x000000c0       0x10 build/default/production/_ext/1360937237/app2.o
 .gnu.attributes
                0x000000d0       0x10 build/default/production/_ext/1360937237/main.o
 .gnu.attributes
                0x000000e0       0x10 build/default/production/_ext/1360937237/fm14_app.o
 .gnu.attributes
                0x000000f0       0x10 build/default/production/_ext/1360937237/mytest_1.o
 .gnu.attributes
                0x00000100       0x10 build/default/production/_ext/1036670253/fm14.o
 .gnu.attributes
                0x00000110       0x10 build/default/production/_ext/954485971/led.o
 .gnu.attributes
                0x00000120       0x10 build/default/production/_ext/1062952361/XcpBasic.o
 .gnu.attributes
                0x00000130       0x10 build/default/production/_ext/1062952361/xcp_par.o
 .gnu.attributes
                0x00000140       0x10 build/default/production/_ext/1062952361/xcp_usb.o
 .gnu.attributes
                0x00000150       0x10 build/default/production/_ext/831465284/drv_usb.o
 .gnu.attributes
                0x00000160       0x10 build/default/production/_ext/831465284/drv_usb_device.o
 .gnu.attributes
                0x00000170       0x10 build/default/production/_ext/308321468/osal_freertos.o
 .gnu.attributes
                0x00000180       0x10 build/default/production/_ext/482662494/sys_devcon.o
 .gnu.attributes
                0x00000190       0x10 build/default/production/_ext/482662494/sys_devcon_pic32mx.o
 .gnu.attributes
                0x000001a0       0x10 build/default/production/_ext/1042686532/sys_int_pic32.o
 .gnu.attributes
                0x000001b0       0x10 build/default/production/_ext/826631961/sys_ports.o
 .gnu.attributes
                0x000001c0       0x10 build/default/production/_ext/2136608937/usb_device.o
 .gnu.attributes
                0x000001d0       0x10 build/default/production/_ext/2136608937/usb_device_cdc.o
 .gnu.attributes
                0x000001e0       0x10 build/default/production/_ext/2136608937/usb_device_cdc_acm.o
 .gnu.attributes
                0x000001f0       0x10 build/default/production/_ext/1107379230/heap_1.o
 .gnu.attributes
                0x00000200       0x10 build/default/production/_ext/1282498059/port.o
 .gnu.attributes
                0x00000210       0x10 build/default/production/_ext/373060831/croutine.o
 .gnu.attributes
                0x00000220       0x10 build/default/production/_ext/373060831/list.o
 .gnu.attributes
                0x00000230       0x10 build/default/production/_ext/373060831/queue.o
 .gnu.attributes
                0x00000240       0x10 build/default/production/_ext/373060831/tasks.o
 .gnu.attributes
                0x00000250       0x10 build/default/production/_ext/373060831/timers.o
 .gnu.attributes
                0x00000260       0x10 build/default/production/_ext/373060831/event_groups.o
 .gnu.attributes
                0x00000270       0x10 build/default/production/_ext/803462356/sc_timer_service.o
 .gnu.attributes
                0x00000280       0x10 build/default/production/_ext/1273167437/LightSwitch.o
 .gnu.attributes
                0x00000290       0x10 ..\..\..\..\..\bin\framework\peripheral\PIC32MX795F512L_peripherals.a(peripheral.o)
 .gnu.attributes
                0x000002a0       0x10 c:/program files/microchip/xc32/v1.42/bin/bin/../../lib/gcc/pic32mx/4.8.3\libgcc.a(floatunsisf.o)
 .gnu.attributes
                0x000002b0       0x10 c:/program files/microchip/xc32/v1.42/bin/bin/../../lib/gcc/pic32mx/4.8.3/../../../../pic32mx/lib\libpic32.a(default-bootstrap-exception-handler.o)
 .gnu.attributes
                0x000002c0       0x10 c:/program files/microchip/xc32/v1.42/bin/bin/../../lib/gcc/pic32mx/4.8.3/../../../../pic32mx/lib\libpic32.a(default-on-reset.o)
 .gnu.attributes
                0x000002d0       0x10 c:/program files/microchip/xc32/v1.42/bin/bin/../../lib/gcc/pic32mx/4.8.3/../../../../pic32mx/lib\libpic32.a(default-on-bootstrap.o)
 .gnu.attributes
                0x000002e0       0x10 c:/program files/microchip/xc32/v1.42/bin/bin/../../lib/gcc/pic32mx/4.8.3/../../../../pic32mx/lib\libpic32.a(default-general-exception-handler.o)
 .gnu.attributes
                0x000002f0       0x10 c:/program files/microchip/xc32/v1.42/bin/bin/../../lib/gcc/pic32mx/4.8.3/../../../../pic32mx/lib\libpic32.a(defaultinterrupt.o)